Archive member included to satisfy reference by file (symbol)

/usr/local/Cellar/gcc-arm-none-eabi/20180627/bin/../lib/gcc/arm-none-eabi/7.3.1/../../../../arm-none-eabi/lib/thumb/v7e-m/fpv4-sp/hard/libc_nano.a(lib_a-exit.o)
                              /usr/local/Cellar/gcc-arm-none-eabi/20180627/bin/../lib/gcc/arm-none-eabi/7.3.1/../../../../arm-none-eabi/lib/thumb/v7e-m/fpv4-sp/hard/crt0.o (exit)
/usr/local/Cellar/gcc-arm-none-eabi/20180627/bin/../lib/gcc/arm-none-eabi/7.3.1/../../../../arm-none-eabi/lib/thumb/v7e-m/fpv4-sp/hard/libc_nano.a(lib_a-impure.o)
                              /usr/local/Cellar/gcc-arm-none-eabi/20180627/bin/../lib/gcc/arm-none-eabi/7.3.1/../../../../arm-none-eabi/lib/thumb/v7e-m/fpv4-sp/hard/libc_nano.a(lib_a-exit.o) (_global_impure_ptr)
/usr/local/Cellar/gcc-arm-none-eabi/20180627/bin/../lib/gcc/arm-none-eabi/7.3.1/../../../../arm-none-eabi/lib/thumb/v7e-m/fpv4-sp/hard/libc_nano.a(lib_a-init.o)
                              /usr/local/Cellar/gcc-arm-none-eabi/20180627/bin/../lib/gcc/arm-none-eabi/7.3.1/../../../../arm-none-eabi/lib/thumb/v7e-m/fpv4-sp/hard/crt0.o (__libc_init_array)
/usr/local/Cellar/gcc-arm-none-eabi/20180627/bin/../lib/gcc/arm-none-eabi/7.3.1/../../../../arm-none-eabi/lib/thumb/v7e-m/fpv4-sp/hard/libc_nano.a(lib_a-memcpy-stub.o)
                              build/MetaDataManager.o (memcpy)
/usr/local/Cellar/gcc-arm-none-eabi/20180627/bin/../lib/gcc/arm-none-eabi/7.3.1/../../../../arm-none-eabi/lib/thumb/v7e-m/fpv4-sp/hard/libc_nano.a(lib_a-memset.o)
                              /usr/local/Cellar/gcc-arm-none-eabi/20180627/bin/../lib/gcc/arm-none-eabi/7.3.1/../../../../arm-none-eabi/lib/thumb/v7e-m/fpv4-sp/hard/crt0.o (memset)
/usr/local/Cellar/gcc-arm-none-eabi/20180627/bin/../lib/gcc/arm-none-eabi/7.3.1/../../../../arm-none-eabi/lib/thumb/v7e-m/fpv4-sp/hard/libc_nano.a(lib_a-sprintf.o)
                              build/MetaDataManager.o (sprintf)
/usr/local/Cellar/gcc-arm-none-eabi/20180627/bin/../lib/gcc/arm-none-eabi/7.3.1/../../../../arm-none-eabi/lib/thumb/v7e-m/fpv4-sp/hard/libc_nano.a(lib_a-strncmp.o)
                              build/MetaDataManager.o (strncmp)
/usr/local/Cellar/gcc-arm-none-eabi/20180627/bin/../lib/gcc/arm-none-eabi/7.3.1/../../../../arm-none-eabi/lib/thumb/v7e-m/fpv4-sp/hard/libc_nano.a(lib_a-nano-svfprintf.o)
                              /usr/local/Cellar/gcc-arm-none-eabi/20180627/bin/../lib/gcc/arm-none-eabi/7.3.1/../../../../arm-none-eabi/lib/thumb/v7e-m/fpv4-sp/hard/libc_nano.a(lib_a-sprintf.o) (_svfprintf_r)
/usr/local/Cellar/gcc-arm-none-eabi/20180627/bin/../lib/gcc/arm-none-eabi/7.3.1/../../../../arm-none-eabi/lib/thumb/v7e-m/fpv4-sp/hard/libc_nano.a(lib_a-nano-vfprintf_i.o)
                              /usr/local/Cellar/gcc-arm-none-eabi/20180627/bin/../lib/gcc/arm-none-eabi/7.3.1/../../../../arm-none-eabi/lib/thumb/v7e-m/fpv4-sp/hard/libc_nano.a(lib_a-nano-svfprintf.o) (_printf_i)
/usr/local/Cellar/gcc-arm-none-eabi/20180627/bin/../lib/gcc/arm-none-eabi/7.3.1/../../../../arm-none-eabi/lib/thumb/v7e-m/fpv4-sp/hard/libc_nano.a(lib_a-memchr.o)
                              /usr/local/Cellar/gcc-arm-none-eabi/20180627/bin/../lib/gcc/arm-none-eabi/7.3.1/../../../../arm-none-eabi/lib/thumb/v7e-m/fpv4-sp/hard/libc_nano.a(lib_a-nano-svfprintf.o) (memchr)
/usr/local/Cellar/gcc-arm-none-eabi/20180627/bin/../lib/gcc/arm-none-eabi/7.3.1/../../../../arm-none-eabi/lib/thumb/v7e-m/fpv4-sp/hard/libc_nano.a(lib_a-memmove.o)
                              /usr/local/Cellar/gcc-arm-none-eabi/20180627/bin/../lib/gcc/arm-none-eabi/7.3.1/../../../../arm-none-eabi/lib/thumb/v7e-m/fpv4-sp/hard/libc_nano.a(lib_a-nano-svfprintf.o) (memmove)
/usr/local/Cellar/gcc-arm-none-eabi/20180627/bin/../lib/gcc/arm-none-eabi/7.3.1/../../../../arm-none-eabi/lib/thumb/v7e-m/fpv4-sp/hard/libc_nano.a(lib_a-nano-freer.o)
                              /usr/local/Cellar/gcc-arm-none-eabi/20180627/bin/../lib/gcc/arm-none-eabi/7.3.1/../../../../arm-none-eabi/lib/thumb/v7e-m/fpv4-sp/hard/libc_nano.a(lib_a-nano-svfprintf.o) (_free_r)
/usr/local/Cellar/gcc-arm-none-eabi/20180627/bin/../lib/gcc/arm-none-eabi/7.3.1/../../../../arm-none-eabi/lib/thumb/v7e-m/fpv4-sp/hard/libc_nano.a(lib_a-nano-mallocr.o)
                              /usr/local/Cellar/gcc-arm-none-eabi/20180627/bin/../lib/gcc/arm-none-eabi/7.3.1/../../../../arm-none-eabi/lib/thumb/v7e-m/fpv4-sp/hard/libc_nano.a(lib_a-nano-svfprintf.o) (_malloc_r)
/usr/local/Cellar/gcc-arm-none-eabi/20180627/bin/../lib/gcc/arm-none-eabi/7.3.1/../../../../arm-none-eabi/lib/thumb/v7e-m/fpv4-sp/hard/libc_nano.a(lib_a-nano-reallocr.o)
                              /usr/local/Cellar/gcc-arm-none-eabi/20180627/bin/../lib/gcc/arm-none-eabi/7.3.1/../../../../arm-none-eabi/lib/thumb/v7e-m/fpv4-sp/hard/libc_nano.a(lib_a-nano-svfprintf.o) (_realloc_r)
/usr/local/Cellar/gcc-arm-none-eabi/20180627/bin/../lib/gcc/arm-none-eabi/7.3.1/../../../../arm-none-eabi/lib/thumb/v7e-m/fpv4-sp/hard/libc_nano.a(lib_a-sbrkr.o)
[...]
Memory Configuration

Name             Origin             Length             Attributes
RAM              0x0000000020000000 0x0000000000018000 xrw
RAM2             0x0000000010000000 0x0000000000008000 xrw
FLASH            0x0000000008000000 0x0000000000100000 xr
*default*        0x0000000000000000 0xffffffffffffffff

Linker script and memory map

LOAD /usr/local/Cellar/gcc-arm-none-eabi/20180627/bin/../lib/gcc/arm-none-eabi/7.3.1/thumb/v7e-m/fpv4-sp/hard/crti.o
LOAD /usr/local/Cellar/gcc-arm-none-eabi/20180627/bin/../lib/gcc/arm-none-eabi/7.3.1/thumb/v7e-m/fpv4-sp/hard/crtbegin.o
LOAD /usr/local/Cellar/gcc-arm-none-eabi/20180627/bin/../lib/gcc/arm-none-eabi/7.3.1/../../../../arm-none-eabi/lib/thumb/v7e-m/fpv4-sp/hard/crt0.o
LOAD build/main.o
LOAD build/stm32l4xx_it.o
LOAD build/stm32l4xx_hal_msp.o
LOAD build/system_jump.o
LOAD build/stm32l4xx_hal_tim.o
LOAD build/stm32l4xx_hal_tim_ex.o
LOAD build/stm32l4xx_hal_uart.o
LOAD build/stm32l4xx_hal_uart_ex.o
LOAD build/stm32l4xx_hal.o
LOAD build/stm32l4xx_hal_i2c.o
LOAD build/stm32l4xx_hal_i2c_ex.o
LOAD build/stm32l4xx_hal_rcc.o
LOAD build/stm32l4xx_hal_rcc_ex.o
LOAD build/stm32l4xx_hal_flash.o
LOAD build/stm32l4xx_hal_flash_ex.o
LOAD build/stm32l4xx_hal_flash_ramfunc.o
LOAD build/stm32l4xx_hal_gpio.o
LOAD build/stm32l4xx_hal_dma.o
LOAD build/stm32l4xx_hal_dma_ex.o
LOAD build/stm32l4xx_hal_pwr.o
LOAD build/stm32l4xx_hal_pwr_ex.o
LOAD build/stm32l4xx_hal_cortex.o
LOAD build/stm32l4xx_hal_exti.o
LOAD build/system_stm32l4xx.o
LOAD build/MetaDataManager.o
LOAD build/TemplateFlashManagement.o
LOAD build/startup_stm32l476xx.o
LOAD /usr/local/Cellar/gcc-arm-none-eabi/20180627/bin/../lib/gcc/arm-none-eabi/7.3.1/../../../../arm-none-eabi/lib/thumb/v7e-m/fpv4-sp/hard/libc_nano.a
LOAD /usr/local/Cellar/gcc-arm-none-eabi/20180627/bin/../lib/gcc/arm-none-eabi/7.3.1/../../../../arm-none-eabi/lib/thumb/v7e-m/fpv4-sp/hard/libm.a
LOAD /usr/local/Cellar/gcc-arm-none-eabi/20180627/bin/../lib/gcc/arm-none-eabi/7.3.1/../../../../arm-none-eabi/lib/thumb/v7e-m/fpv4-sp/hard/libnosys.a
START GROUP
LOAD /usr/local/Cellar/gcc-arm-none-eabi/20180627/bin/../lib/gcc/arm-none-eabi/7.3.1/thumb/v7e-m/fpv4-sp/hard/libgcc.a
LOAD /usr/local/Cellar/gcc-arm-none-eabi/20180627/bin/../lib/gcc/arm-none-eabi/7.3.1/../../../../arm-none-eabi/lib/thumb/v7e-m/fpv4-sp/hard/libc_nano.a
END GROUP
START GROUP
LOAD /usr/local/Cellar/gcc-arm-none-eabi/20180627/bin/../lib/gcc/arm-none-eabi/7.3.1/thumb/v7e-m/fpv4-sp/hard/libgcc.a
LOAD /usr/local/Cellar/gcc-arm-none-eabi/20180627/bin/../lib/gcc/arm-none-eabi/7.3.1/../../../../arm-none-eabi/lib/thumb/v7e-m/fpv4-sp/hard/libc_nano.a
END GROUP
LOAD /usr/local/Cellar/gcc-arm-none-eabi/20180627/bin/../lib/gcc/arm-none-eabi/7.3.1/thumb/v7e-m/fpv4-sp/hard/crtend.o
LOAD /usr/local/Cellar/gcc-arm-none-eabi/20180627/bin/../lib/gcc/arm-none-eabi/7.3.1/thumb/v7e-m/fpv4-sp/hard/crtn.o
                0x0000000020018000                _estack = 0x20018000
                0x0000000000000200                _Min_Heap_Size = 0x200
                0x0000000000000400                _Min_Stack_Size = 0x400

.isr_vector     0x0000000008000000      0x188
                0x0000000008000000                . = ALIGN (0x8)
 *(.isr_vector)
 .isr_vector    0x0000000008000000      0x188 build/startup_stm32l476xx.o
                0x0000000008000000                g_pfnVectors
                0x0000000008000188                . = ALIGN (0x8)

.text           0x0000000008000190     0x3320
                0x0000000008000190                . = ALIGN (0x8)
 *(.text)
 .text          0x0000000008000190       0x40 /usr/local/Cellar/gcc-arm-none-eabi/20180627/bin/../lib/gcc/arm-none-eabi/7.3.1/thumb/v7e-m/fpv4-sp/hard/crtbegin.o
 .text          0x00000000080001d0       0xa0 /usr/local/Cellar/gcc-arm-none-eabi/20180627/bin/../lib/gcc/arm-none-eabi/7.3.1/../../../../arm-none-eabi/lib/thumb/v7e-m/fpv4-sp/hard/libc_nano.a(lib_a-memchr.o)
                0x00000000080001d0                memchr
 .text          0x0000000008000270       0x30 /usr/local/Cellar/gcc-arm-none-eabi/20180627/bin/../lib/gcc/arm-none-eabi/7.3.1/thumb/v7e-m/fpv4-sp/hard/libgcc.a(_aeabi_uldivmod.o)
                0x0000000008000270                __aeabi_uldivmod
 .text          0x00000000080002a0      0x2cc /usr/local/Cellar/gcc-arm-none-eabi/20180627/bin/../lib/gcc/arm-none-eabi/7.3.1/thumb/v7e-m/fpv4-sp/hard/libgcc.a(_udivmoddi4.o)
                0x00000000080002a0                __udivmoddi4
 .text          0x000000000800056c        0x4 /usr/local/Cellar/gcc-arm-none-eabi/20180627/bin/../lib/gcc/arm-none-eabi/7.3.1/thumb/v7e-m/fpv4-sp/hard/libgcc.a(_dvmd_tls.o)
                0x000000000800056c                __aeabi_ldiv0
                0x000000000800056c                __aeabi_idiv0
 *(.text*)
 .text.MX_GPIO_Init
                0x0000000008000570       0xa0 build/main.o
 .text.MX_USART2_UART_Init
                0x0000000008000610       0x30 build/main.o
 .text.SystemClock_Config
                0x0000000008000640       0x78 build/main.o
                0x0000000008000640                SystemClock_Config
 .text.main     0x00000000080006b8       0x40 build/main.o
                0x00000000080006b8                main
 .text.NMI_Handler
                0x00000000080006f8        0x2 build/stm32l4xx_it.o
                0x00000000080006f8                NMI_Handler
 .text.HardFault_Handler
                0x00000000080006fa        0x2 build/stm32l4xx_it.o
                0x00000000080006fa                HardFault_Handler
 .text.MemManage_Handler
                0x00000000080006fc        0x2 build/stm32l4xx_it.o
                0x00000000080006fc                MemManage_Handler
 .text.BusFault_Handler
                0x00000000080006fe        0x2 build/stm32l4xx_it.o
                0x00000000080006fe                BusFault_Handler
 .text.UsageFault_Handler
                0x0000000008000700        0x2 build/stm32l4xx_it.o
                0x0000000008000700                UsageFault_Handler
 .text.SVC_Handler
                0x0000000008000702        0x2 build/stm32l4xx_it.o
                0x0000000008000702                SVC_Handler
 .text.DebugMon_Handler
                0x0000000008000704        0x2 build/stm32l4xx_it.o
                0x0000000008000704                DebugMon_Handler
 .text.PendSV_Handler
                0x0000000008000706        0x2 build/stm32l4xx_it.o
                0x0000000008000706                PendSV_Handler
 .text.SysTick_Handler
                0x0000000008000708        0x8 build/stm32l4xx_it.o
                0x0000000008000708                SysTick_Handler
 .text.HAL_MspInit
                0x0000000008000710       0x30 build/stm32l4xx_hal_msp.o
                0x0000000008000710                HAL_MspInit
 .text.HAL_UART_MspInit
                0x0000000008000740       0x68 build/stm32l4xx_hal_msp.o
                0x0000000008000740                HAL_UART_MspInit
 .text.UART_SetConfig
                0x00000000080007a8      0x424 build/stm32l4xx_hal_uart.o
                0x00000000080007a8                UART_SetConfig
 .text.UART_AdvFeatureConfig
                0x0000000008000bcc       0xca build/stm32l4xx_hal_uart.o
                0x0000000008000bcc                UART_AdvFeatureConfig
 .text.UART_WaitOnFlagUntilTimeout
                0x0000000008000c96       0x9c build/stm32l4xx_hal_uart.o
                0x0000000008000c96                UART_WaitOnFlagUntilTimeout
 .text.HAL_UART_Transmit
                0x0000000008000d32       0xd8 build/stm32l4xx_hal_uart.o
                0x0000000008000d32                HAL_UART_Transmit
 .text.UART_CheckIdleState
                0x0000000008000e0a       0x6c build/stm32l4xx_hal_uart.o
                0x0000000008000e0a                UART_CheckIdleState
 .text.HAL_UART_Init
                0x0000000008000e76       0x62 build/stm32l4xx_hal_uart.o
                0x0000000008000e76                HAL_UART_Init
 .text.HAL_InitTick
                0x0000000008000ed8       0x50 build/stm32l4xx_hal.o
                0x0000000008000ed8                HAL_InitTick
 .text.HAL_Init
                0x0000000008000f28       0x2c build/stm32l4xx_hal.o
                0x0000000008000f28                HAL_Init
 .text.HAL_IncTick
                0x0000000008000f54       0x18 build/stm32l4xx_hal.o
                0x0000000008000f54                HAL_IncTick
 .text.HAL_GetTick
                0x0000000008000f6c        0xc build/stm32l4xx_hal.o
                0x0000000008000f6c                HAL_GetTick
 .text.RCC_SetFlashLatencyFromMSIRange
                0x0000000008000f78       0x90 build/stm32l4xx_hal_rcc.o
 .text.HAL_RCC_GetSysClockFreq
                0x0000000008001008       0xb4 build/stm32l4xx_hal_rcc.o
                0x0000000008001008                HAL_RCC_GetSysClockFreq
 .text.HAL_RCC_OscConfig
                0x00000000080010bc      0x638 build/stm32l4xx_hal_rcc.o
                0x00000000080010bc                HAL_RCC_OscConfig
 .text.HAL_RCC_ClockConfig
                0x00000000080016f4      0x158 build/stm32l4xx_hal_rcc.o
                0x00000000080016f4                HAL_RCC_ClockConfig
 .text.HAL_RCC_GetHCLKFreq
                0x000000000800184c        0xc build/stm32l4xx_hal_rcc.o
                0x000000000800184c                HAL_RCC_GetHCLKFreq
 .text.HAL_RCC_GetPCLK1Freq
                0x0000000008001858       0x24 build/stm32l4xx_hal_rcc.o
                0x0000000008001858                HAL_RCC_GetPCLK1Freq
 .text.HAL_RCC_GetPCLK2Freq
                0x000000000800187c       0x24 build/stm32l4xx_hal_rcc.o
                0x000000000800187c                HAL_RCC_GetPCLK2Freq
 .text.RCCEx_PLLSAI1_Config
                0x00000000080018a0      0x170 build/stm32l4xx_hal_rcc_ex.o
 .text.RCCEx_PLLSAI2_Config
                0x0000000008001a10      0x14c build/stm32l4xx_hal_rcc_ex.o
 .text.HAL_RCCEx_PeriphCLKConfig
                0x0000000008001b5c      0x450 build/stm32l4xx_hal_rcc_ex.o
                0x0000000008001b5c                HAL_RCCEx_PeriphCLKConfig
 .text.FLASH_Program_DoubleWord
                0x0000000008001fac       0x20 build/stm32l4xx_hal_flash.o
 .text.FLASH_Program_Fast
                0x0000000008001fcc       0x34 build/stm32l4xx_hal_flash.o
 .text.HAL_FLASH_Unlock
                0x0000000008002000       0x30 build/stm32l4xx_hal_flash.o
                0x0000000008002000                HAL_FLASH_Unlock
 .text.HAL_FLASH_Lock
                0x0000000008002030       0x14 build/stm32l4xx_hal_flash.o
                0x0000000008002030                HAL_FLASH_Lock
 .text.FLASH_WaitForLastOperation
                0x0000000008002044       0x64 build/stm32l4xx_hal_flash.o
                0x0000000008002044                FLASH_WaitForLastOperation
 .text.HAL_FLASH_Program
                0x00000000080020a8       0xb0 build/stm32l4xx_hal_flash.o
                0x00000000080020a8                HAL_FLASH_Program
 .text.FLASH_MassErase
                0x0000000008002158       0x30 build/stm32l4xx_hal_flash_ex.o
 .text.FLASH_PageErase
                0x0000000008002188       0x44 build/stm32l4xx_hal_flash_ex.o
                0x0000000008002188                FLASH_PageErase
 .text.FLASH_FlushCaches
                0x00000000080021cc       0x5c build/stm32l4xx_hal_flash_ex.o
                0x00000000080021cc                FLASH_FlushCaches
 .text.HAL_FLASHEx_Erase
                0x0000000008002228       0xfc build/stm32l4xx_hal_flash_ex.o
                0x0000000008002228                HAL_FLASHEx_Erase
 .text.HAL_GPIO_Init
                0x0000000008002324      0x1c8 build/stm32l4xx_hal_gpio.o
                0x0000000008002324                HAL_GPIO_Init
 .text.HAL_GPIO_WritePin
                0x00000000080024ec        0xa build/stm32l4xx_hal_gpio.o
                0x00000000080024ec                HAL_GPIO_WritePin
 *fill*         0x00000000080024f6        0x2 
 .text.HAL_PWREx_GetVoltageRange
                0x00000000080024f8       0x10 build/stm32l4xx_hal_pwr_ex.o
                0x00000000080024f8                HAL_PWREx_GetVoltageRange
 .text.HAL_PWREx_ControlVoltageScaling
                0x0000000008002508       0x90 build/stm32l4xx_hal_pwr_ex.o
                0x0000000008002508                HAL_PWREx_ControlVoltageScaling
 .text.HAL_NVIC_SetPriorityGrouping
                0x0000000008002598       0x24 build/stm32l4xx_hal_cortex.o
                0x0000000008002598                HAL_NVIC_SetPriorityGrouping
 .text.HAL_NVIC_SetPriority
                0x00000000080025bc       0x68 build/stm32l4xx_hal_cortex.o
                0x00000000080025bc                HAL_NVIC_SetPriority
 .text.HAL_SYSTICK_Config
                0x0000000008002624       0x2c build/stm32l4xx_hal_cortex.o
                0x0000000008002624                HAL_SYSTICK_Config
 .text.SystemInit
                0x0000000008002650       0x48 build/system_stm32l4xx.o
                0x0000000008002650                SystemInit
 .text.ReCallMetaDataManager
                0x0000000008002698       0xb0 build/MetaDataManager.o
 .text.PrintOut_MDM_LicenseStatus
                0x0000000008002748        0xe build/MetaDataManager.o
 *fill*         0x0000000008002756        0x2 
 .text.ReseMetaDataManager
                0x0000000008002758       0x50 build/MetaDataManager.o
                0x0000000008002758                ReseMetaDataManager
 .text.EraseMetaDataManager
                0x00000000080027a8        0x8 build/MetaDataManager.o
                0x00000000080027a8                EraseMetaDataManager
 .text.SaveMetaDataManager
                0x00000000080027b0       0x24 build/MetaDataManager.o
                0x00000000080027b0                SaveMetaDataManager
 .text.InitMetaDataManager
                0x00000000080027d4      0x380 build/MetaDataManager.o
                0x00000000080027d4                InitMetaDataManager
 .text.Error_Handler
                0x0000000008002b54        0x2 build/TemplateFlashManagement.o
 .text.UserFunctionForErasingFlash
                0x0000000008002b56       0x32 build/TemplateFlashManagement.o
                0x0000000008002b56                UserFunctionForErasingFlash
 .text.UserFunctionForSavingFlash
                0x0000000008002b88       0x34 build/TemplateFlashManagement.o
                0x0000000008002b88                UserFunctionForSavingFlash
 .text.Reset_Handler
                0x0000000008002bbc       0x50 build/startup_stm32l476xx.o
                0x0000000008002bbc                Reset_Handler
 .text.Default_Handler
                0x0000000008002c0c        0x2 build/startup_stm32l476xx.o
                0x0000000008002c0c                TIM1_BRK_TIM15_IRQHandler
                0x0000000008002c0c                EXTI2_IRQHandler
                0x0000000008002c0c                TIM8_TRG_COM_IRQHandler
                0x0000000008002c0c                TIM8_CC_IRQHandler
                0x0000000008002c0c                TIM1_CC_IRQHandler
                0x0000000008002c0c                TSC_IRQHandler
                0x0000000008002c0c                TAMP_STAMP_IRQHandler
                0x0000000008002c0c                EXTI3_IRQHandler
                0x0000000008002c0c                LPTIM2_IRQHandler
                0x0000000008002c0c                DFSDM1_FLT1_IRQHandler
                0x0000000008002c0c                I2C3_ER_IRQHandler
                0x0000000008002c0c                DFSDM1_FLT2_IRQHandler
                0x0000000008002c0c                EXTI0_IRQHandler
                0x0000000008002c0c                I2C2_EV_IRQHandler
                0x0000000008002c0c                CAN1_RX0_IRQHandler
                0x0000000008002c0c                FPU_IRQHandler
                0x0000000008002c0c                TIM1_UP_TIM16_IRQHandler
                0x0000000008002c0c                ADC1_2_IRQHandler
                0x0000000008002c0c                SPI1_IRQHandler
                0x0000000008002c0c                TIM6_DAC_IRQHandler
                0x0000000008002c0c                TIM8_UP_IRQHandler
                0x0000000008002c0c                DMA2_Channel2_IRQHandler
                0x0000000008002c0c                DMA1_Channel4_IRQHandler
                0x0000000008002c0c                SAI2_IRQHandler
                0x0000000008002c0c                DFSDM1_FLT3_IRQHandler
                0x0000000008002c0c                USART3_IRQHandler
                0x0000000008002c0c                DMA1_Channel7_IRQHandler
                0x0000000008002c0c                CAN1_RX1_IRQHandler
                0x0000000008002c0c                LCD_IRQHandler
                0x0000000008002c0c                UART5_IRQHandler
                0x0000000008002c0c                ADC3_IRQHandler
                0x0000000008002c0c                TIM4_IRQHandler
                0x0000000008002c0c                DMA2_Channel1_IRQHandler
                0x0000000008002c0c                QUADSPI_IRQHandler
                0x0000000008002c0c                I2C1_EV_IRQHandler
                0x0000000008002c0c                DMA1_Channel6_IRQHandler
                0x0000000008002c0c                UART4_IRQHandler
                0x0000000008002c0c                DMA2_Channel4_IRQHandler
                0x0000000008002c0c                TIM3_IRQHandler
                0x0000000008002c0c                RCC_IRQHandler
                0x0000000008002c0c                DMA1_Channel1_IRQHandler
                0x0000000008002c0c                Default_Handler
                0x0000000008002c0c                DMA2_Channel7_IRQHandler
                0x0000000008002c0c                EXTI15_10_IRQHandler
                0x0000000008002c0c                TIM7_IRQHandler
                0x0000000008002c0c                SDMMC1_IRQHandler
                0x0000000008002c0c                TIM5_IRQHandler
                0x0000000008002c0c                I2C3_EV_IRQHandler
                0x0000000008002c0c                EXTI9_5_IRQHandler
                0x0000000008002c0c                RTC_WKUP_IRQHandler
                0x0000000008002c0c                PVD_PVM_IRQHandler
                0x0000000008002c0c                SPI2_IRQHandler
                0x0000000008002c0c                CAN1_TX_IRQHandler
                0x0000000008002c0c                DMA2_Channel5_IRQHandler
                0x0000000008002c0c                DMA1_Channel5_IRQHandler
                0x0000000008002c0c                EXTI4_IRQHandler
                0x0000000008002c0c                RNG_IRQHandler
                0x0000000008002c0c                TIM1_TRG_COM_TIM17_IRQHandler
                0x0000000008002c0c                DMA1_Channel3_IRQHandler
                0x0000000008002c0c                COMP_IRQHandler
                0x0000000008002c0c                WWDG_IRQHandler
                0x0000000008002c0c                LPUART1_IRQHandler
                0x0000000008002c0c                DMA2_Channel6_IRQHandler
                0x0000000008002c0c                TIM2_IRQHandler
                0x0000000008002c0c                EXTI1_IRQHandler
                0x0000000008002c0c                USART2_IRQHandler
                0x0000000008002c0c                DFSDM1_FLT0_IRQHandler
                0x0000000008002c0c                I2C2_ER_IRQHandler
                0x0000000008002c0c                DMA1_Channel2_IRQHandler
                0x0000000008002c0c                TIM8_BRK_IRQHandler
                0x0000000008002c0c                CAN1_SCE_IRQHandler
                0x0000000008002c0c                FLASH_IRQHandler
                0x0000000008002c0c                USART1_IRQHandler
                0x0000000008002c0c                OTG_FS_IRQHandler
                0x0000000008002c0c                SPI3_IRQHandler
                0x0000000008002c0c                I2C1_ER_IRQHandler
                0x0000000008002c0c                FMC_IRQHandler
                0x0000000008002c0c                SWPMI1_IRQHandler
                0x0000000008002c0c                LPTIM1_IRQHandler
                0x0000000008002c0c                SAI1_IRQHandler
                0x0000000008002c0c                DMA2_Channel3_IRQHandler
                0x0000000008002c0c                RTC_Alarm_IRQHandler
 *fill*         0x0000000008002c0e        0x2 
 .text.__libc_init_array
                0x0000000008002c10       0x48 /usr/local/Cellar/gcc-arm-none-eabi/20180627/bin/../lib/gcc/arm-none-eabi/7.3.1/../../../../arm-none-eabi/lib/thumb/v7e-m/fpv4-sp/hard/libc_nano.a(lib_a-init.o)
                0x0000000008002c10                __libc_init_array
 .text.memcpy   0x0000000008002c58       0x16 /usr/local/Cellar/gcc-arm-none-eabi/20180627/bin/../lib/gcc/arm-none-eabi/7.3.1/../../../../arm-none-eabi/lib/thumb/v7e-m/fpv4-sp/hard/libc_nano.a(lib_a-memcpy-stub.o)
                0x0000000008002c58                memcpy
 .text.memset   0x0000000008002c6e       0x10 /usr/local/Cellar/gcc-arm-none-eabi/20180627/bin/../lib/gcc/arm-none-eabi/7.3.1/../../../../arm-none-eabi/lib/thumb/v7e-m/fpv4-sp/hard/libc_nano.a(lib_a-memset.o)
                0x0000000008002c6e                memset
 *fill*         0x0000000008002c7e        0x2 
 .text.sprintf  0x0000000008002c80       0x40 /usr/local/Cellar/gcc-arm-none-eabi/20180627/bin/../lib/gcc/arm-none-eabi/7.3.1/../../../../arm-none-eabi/lib/thumb/v7e-m/fpv4-sp/hard/libc_nano.a(lib_a-sprintf.o)
                0x0000000008002c80                sprintf
                0x0000000008002c80                siprintf
 .text.__ssputs_r
                0x0000000008002cc0       0xb4 /usr/local/Cellar/gcc-arm-none-eabi/20180627/bin/../lib/gcc/arm-none-eabi/7.3.1/../../../../arm-none-eabi/lib/thumb/v7e-m/fpv4-sp/hard/libc_nano.a(lib_a-nano-svfprintf.o)
                0x0000000008002cc0                __ssputs_r
 .text._svfprintf_r
                0x0000000008002d74      0x1f0 /usr/local/Cellar/gcc-arm-none-eabi/20180627/bin/../lib/gcc/arm-none-eabi/7.3.1/../../../../arm-none-eabi/lib/thumb/v7e-m/fpv4-sp/hard/libc_nano.a(lib_a-nano-svfprintf.o)
                0x0000000008002d74                _svfprintf_r
                0x0000000008002d74                _svfiprintf_r
 .text._printf_common
                0x0000000008002f64       0xea /usr/local/Cellar/gcc-arm-none-eabi/20180627/bin/../lib/gcc/arm-none-eabi/7.3.1/../../../../arm-none-eabi/lib/thumb/v7e-m/fpv4-sp/hard/libc_nano.a(lib_a-nano-vfprintf_i.o)
                0x0000000008002f64                _printf_common
 *fill*         0x000000000800304e        0x2 
 .text._printf_i
                0x0000000008003050      0x224 /usr/local/Cellar/gcc-arm-none-eabi/20180627/bin/../lib/gcc/arm-none-eabi/7.3.1/../../../../arm-none-eabi/lib/thumb/v7e-m/fpv4-sp/hard/libc_nano.a(lib_a-nano-vfprintf_i.o)
                0x0000000008003050                _printf_i
 .text.memmove  0x0000000008003274       0x32 /usr/local/Cellar/gcc-arm-none-eabi/20180627/bin/../lib/gcc/arm-none-eabi/7.3.1/../../../../arm-none-eabi/lib/thumb/v7e-m/fpv4-sp/hard/libc_nano.a(lib_a-memmove.o)
                0x0000000008003274                memmove
 *fill*         0x00000000080032a6        0x2 
 .text._free_r  0x00000000080032a8       0x9c /usr/local/Cellar/gcc-arm-none-eabi/20180627/bin/../lib/gcc/arm-none-eabi/7.3.1/../../../../arm-none-eabi/lib/thumb/v7e-m/fpv4-sp/hard/libc_nano.a(lib_a-nano-freer.o)
                0x00000000080032a8                _free_r
 .text._malloc_r
                0x0000000008003344       0xb4 /usr/local/Cellar/gcc-arm-none-eabi/20180627/bin/../lib/gcc/arm-none-eabi/7.3.1/../../../../arm-none-eabi/lib/thumb/v7e-m/fpv4-sp/hard/libc_nano.a(lib_a-nano-mallocr.o)
                0x0000000008003344                _malloc_r
 .text._realloc_r
                0x00000000080033f8       0x4c /usr/local/Cellar/gcc-arm-none-eabi/20180627/bin/../lib/gcc/arm-none-eabi/7.3.1/../../../../arm-none-eabi/lib/thumb/v7e-m/fpv4-sp/hard/libc_nano.a(lib_a-nano-reallocr.o)
                0x00000000080033f8                _realloc_r
 .text._sbrk_r  0x0000000008003444       0x20 /usr/local/Cellar/gcc-arm-none-eabi/20180627/bin/../lib/gcc/arm-none-eabi/7.3.1/../../../../arm-none-eabi/lib/thumb/v7e-m/fpv4-sp/hard/libc_nano.a(lib_a-sbrkr.o)
                0x0000000008003444                _sbrk_r
 .text.__malloc_lock
                0x0000000008003464        0x2 /usr/local/Cellar/gcc-arm-none-eabi/20180627/bin/../lib/gcc/arm-none-eabi/7.3.1/../../../../arm-none-eabi/lib/thumb/v7e-m/fpv4-sp/hard/libc_nano.a(lib_a-mlock.o)
                0x0000000008003464                __malloc_lock
 .text.__malloc_unlock
                0x0000000008003466        0x2 /usr/local/Cellar/gcc-arm-none-eabi/20180627/bin/../lib/gcc/arm-none-eabi/7.3.1/../../../../arm-none-eabi/lib/thumb/v7e-m/fpv4-sp/hard/libc_nano.a(lib_a-mlock.o)
                0x0000000008003466                __malloc_unlock
 .text._malloc_usable_size_r
                0x0000000008003468       0x10 /usr/local/Cellar/gcc-arm-none-eabi/20180627/bin/../lib/gcc/arm-none-eabi/7.3.1/../../../../arm-none-eabi/lib/thumb/v7e-m/fpv4-sp/hard/libc_nano.a(lib_a-nano-msizer.o)
                0x0000000008003468                _malloc_usable_size_r
 .text._sbrk    0x0000000008003478       0x1c /usr/local/Cellar/gcc-arm-none-eabi/20180627/bin/../lib/gcc/arm-none-eabi/7.3.1/../../../../arm-none-eabi/lib/thumb/v7e-m/fpv4-sp/hard/libnosys.a(sbrk.o)
                0x0000000008003478                _sbrk
 *(.glue_7)
 .glue_7        0x0000000008003494        0x0 linker stubs
 *(.glue_7t)
 .glue_7t       0x0000000008003494        0x0 linker stubs
 *(.eh_frame)
 .eh_frame      0x0000000008003494        0x0 /usr/local/Cellar/gcc-arm-none-eabi/20180627/bin/../lib/gcc/arm-none-eabi/7.3.1/thumb/v7e-m/fpv4-sp/hard/crtbegin.o
 *(.init)
 .init          0x0000000008003494        0x4 /usr/local/Cellar/gcc-arm-none-eabi/20180627/bin/../lib/gcc/arm-none-eabi/7.3.1/thumb/v7e-m/fpv4-sp/hard/crti.o
                0x0000000008003494                _init
 .init          0x0000000008003498        0x8 /usr/local/Cellar/gcc-arm-none-eabi/20180627/bin/../lib/gcc/arm-none-eabi/7.3.1/thumb/v7e-m/fpv4-sp/hard/crtn.o
 *(.fini)
 .fini          0x00000000080034a0        0x4 /usr/local/Cellar/gcc-arm-none-eabi/20180627/bin/../lib/gcc/arm-none-eabi/7.3.1/thumb/v7e-m/fpv4-sp/hard/crti.o
                0x00000000080034a0                _fini
 .fini          0x00000000080034a4        0x8 /usr/local/Cellar/gcc-arm-none-eabi/20180627/bin/../lib/gcc/arm-none-eabi/7.3.1/thumb/v7e-m/fpv4-sp/hard/crtn.o
                0x00000000080034b0                . = ALIGN (0x8)
 *fill*         0x00000000080034ac        0x4 
                0x00000000080034b0                _etext = .

.vfp11_veneer   0x00000000080034b0        0x0
 .vfp11_veneer  0x00000000080034b0        0x0 linker stubs

.v4_bx          0x00000000080034b0        0x0
 .v4_bx         0x00000000080034b0        0x0 linker stubs

.iplt           0x00000000080034b0        0x0
 .iplt          0x00000000080034b0        0x0 /usr/local/Cellar/gcc-arm-none-eabi/20180627/bin/../lib/gcc/arm-none-eabi/7.3.1/thumb/v7e-m/fpv4-sp/hard/crtbegin.o

.rodata         0x00000000080034b0       0x98
                0x00000000080034b0                . = ALIGN (0x8)
 *(.rodata)
 *(.rodata*)
 .rodata.main.str1.4
                0x00000000080034b0       0x18 build/main.o
                                         0x17 (size before relaxing)
 .rodata.AHBPrescTable
                0x00000000080034c8       0x10 build/system_stm32l4xx.o
                0x00000000080034c8                AHBPrescTable
 .rodata.APBPrescTable
                0x00000000080034d8        0x8 build/system_stm32l4xx.o
                0x00000000080034d8                APBPrescTable
 .rodata.MSIRangeTable
                0x00000000080034e0       0x30 build/system_stm32l4xx.o
                0x00000000080034e0                MSIRangeTable
 .rodata._svfprintf_r.str1.1
                0x0000000008003510       0x11 /usr/local/Cellar/gcc-arm-none-eabi/20180627/bin/../lib/gcc/arm-none-eabi/7.3.1/../../../../arm-none-eabi/lib/thumb/v7e-m/fpv4-sp/hard/libc_nano.a(lib_a-nano-svfprintf.o)
 .rodata._printf_i.str1.1
                0x0000000008003521       0x22 /usr/local/Cellar/gcc-arm-none-eabi/20180627/bin/../lib/gcc/arm-none-eabi/7.3.1/../../../../arm-none-eabi/lib/thumb/v7e-m/fpv4-sp/hard/libc_nano.a(lib_a-nano-vfprintf_i.o)
                0x0000000008003548                . = ALIGN (0x8)
 *fill*         0x0000000008003543        0x5 

.ARM.extab      0x0000000008003548        0x0
                0x0000000008003548                . = ALIGN (0x8)
 *(.ARM.extab* .gnu.linkonce.armextab.*)
                0x0000000008003548                . = ALIGN (0x8)

.ARM            0x0000000008003548        0x8
                0x0000000008003548                . = ALIGN (0x8)
                0x0000000008003548                __exidx_start = .
 *(.ARM.exidx*)
 .ARM.exidx     0x0000000008003548        0x8 /usr/local/Cellar/gcc-arm-none-eabi/20180627/bin/../lib/gcc/arm-none-eabi/7.3.1/thumb/v7e-m/fpv4-sp/hard/libgcc.a(_udivmoddi4.o)
                0x0000000008003550                __exidx_end = .
                0x0000000008003550                . = ALIGN (0x8)

.rel.dyn        0x0000000008003550        0x0
 .rel.iplt      0x0000000008003550        0x0 /usr/local/Cellar/gcc-arm-none-eabi/20180627/bin/../lib/gcc/arm-none-eabi/7.3.1/thumb/v7e-m/fpv4-sp/hard/crtbegin.o

.preinit_array  0x0000000008003550        0x0
                0x0000000008003550                . = ALIGN (0x8)
                0x0000000008003550                PROVIDE (__preinit_array_start = .)
 *(.preinit_array*)
                0x0000000008003550                PROVIDE (__preinit_array_end = .)
                0x0000000008003550                . = ALIGN (0x8)

.init_array     0x0000000008003550        0x8
                0x0000000008003550                . = ALIGN (0x8)
                0x0000000008003550                PROVIDE (__init_array_start = .)
 *(SORT_BY_NAME(.init_array.*))
 *(.init_array*)
 .init_array    0x0000000008003550        0x4 /usr/local/Cellar/gcc-arm-none-eabi/20180627/bin/../lib/gcc/arm-none-eabi/7.3.1/thumb/v7e-m/fpv4-sp/hard/crtbegin.o
                0x0000000008003554                PROVIDE (__init_array_end = .)
                0x0000000008003558                . = ALIGN (0x8)
 *fill*         0x0000000008003554        0x4 

.fini_array     0x0000000008003558        0x8
                0x0000000008003558                . = ALIGN (0x8)
                [!provide]                        PROVIDE (__fini_array_start = .)
 *(SORT_BY_NAME(.fini_array.*))
 *(.fini_array*)
 .fini_array    0x0000000008003558        0x4 /usr/local/Cellar/gcc-arm-none-eabi/20180627/bin/../lib/gcc/arm-none-eabi/7.3.1/thumb/v7e-m/fpv4-sp/hard/crtbegin.o
                [!provide]                        PROVIDE (__fini_array_end = .)
                0x0000000008003560                . = ALIGN (0x8)
 *fill*         0x000000000800355c        0x4 
                0x0000000008003560                _sidata = LOADADDR (.data)

.data           0x0000000020000000      0x268 load address 0x0000000008003560
                0x0000000020000000                . = ALIGN (0x8)
                0x0000000020000000                _sdata = .
 *(.data)
 *(.data*)
 .data.known_MetaData
                0x0000000020000000       0x20 build/main.o
                0x0000000020000000                known_MetaData
 .data.uwTickFreq
                0x0000000020000020        0x4 build/stm32l4xx_hal.o
                0x0000000020000020                uwTickFreq
 .data.uwTickPrio
                0x0000000020000024        0x4 build/stm32l4xx_hal.o
                0x0000000020000024                uwTickPrio
 .data.pFlash   0x0000000020000028       0x20 build/stm32l4xx_hal_flash.o
                0x0000000020000028                pFlash
 .data.SystemCoreClock
                0x0000000020000048        0x4 build/system_stm32l4xx.o
                0x0000000020000048                SystemCoreClock
 .data.MDM_GMDTable
                0x000000002000004c       0x70 build/MetaDataManager.o
                0x000000002000004c                MDM_GMDTable
 .data.MDM_LicTable
                0x00000000200000bc      0x140 build/MetaDataManager.o
                0x00000000200000bc                MDM_LicTable
 .data.puint8_RW_MetaData
                0x00000000200001fc        0x4 build/MetaDataManager.o
 .data._impure_ptr
                0x0000000020000200        0x4 /usr/local/Cellar/gcc-arm-none-eabi/20180627/bin/../lib/gcc/arm-none-eabi/7.3.1/../../../../arm-none-eabi/lib/thumb/v7e-m/fpv4-sp/hard/libc_nano.a(lib_a-impure.o)
                0x0000000020000200                _impure_ptr
 .data.impure_data
                0x0000000020000204       0x60 /usr/local/Cellar/gcc-arm-none-eabi/20180627/bin/../lib/gcc/arm-none-eabi/7.3.1/../../../../arm-none-eabi/lib/thumb/v7e-m/fpv4-sp/hard/libc_nano.a(lib_a-impure.o)
                0x0000000020000268                . = ALIGN (0x8)
 *fill*         0x0000000020000264        0x4 
                0x0000000020000268                _edata = .

.igot.plt       0x0000000020000268        0x0 load address 0x00000000080037c8
 .igot.plt      0x0000000020000268        0x0 /usr/local/Cellar/gcc-arm-none-eabi/20180627/bin/../lib/gcc/arm-none-eabi/7.3.1/thumb/v7e-m/fpv4-sp/hard/crtbegin.o
                0x0000000020000268                . = ALIGN (0x4)

.bss            0x0000000020000268     0x10e8 load address 0x00000000080037c8
                0x0000000020000268                _sbss = .
                0x0000000020000268                __bss_start__ = _sbss
 *(.bss)
 .bss           0x0000000020000268       0x1c /usr/local/Cellar/gcc-arm-none-eabi/20180627/bin/../lib/gcc/arm-none-eabi/7.3.1/thumb/v7e-m/fpv4-sp/hard/crtbegin.o
 *(.bss*)
 .bss.NecessityToSaveMetaDataManager
                0x0000000020000284        0x4 build/MetaDataManager.o
                0x0000000020000284                NecessityToSaveMetaDataManager
 .bss.NumberOfKnownGMD
                0x0000000020000288        0x4 build/MetaDataManager.o
 .bss.NumberOfKnownLic
                0x000000002000028c        0x4 build/MetaDataManager.o
 .bss.uint64_MetaDataVector
                0x0000000020000290     0x1000 build/MetaDataManager.o
 .bss.__malloc_free_list
                0x0000000020001290        0x4 /usr/local/Cellar/gcc-arm-none-eabi/20180627/bin/../lib/gcc/arm-none-eabi/7.3.1/../../../../arm-none-eabi/lib/thumb/v7e-m/fpv4-sp/hard/libc_nano.a(lib_a-nano-mallocr.o)
                0x0000000020001290                __malloc_free_list
 .bss.__malloc_sbrk_start
                0x0000000020001294        0x4 /usr/local/Cellar/gcc-arm-none-eabi/20180627/bin/../lib/gcc/arm-none-eabi/7.3.1/../../../../arm-none-eabi/lib/thumb/v7e-m/fpv4-sp/hard/libc_nano.a(lib_a-nano-mallocr.o)
                0x0000000020001294                __malloc_sbrk_start
 .bss.heap_end.5377
                0x0000000020001298        0x4 /usr/local/Cellar/gcc-arm-none-eabi/20180627/bin/../lib/gcc/arm-none-eabi/7.3.1/../../../../arm-none-eabi/lib/thumb/v7e-m/fpv4-sp/hard/libnosys.a(sbrk.o)
 *(COMMON)
 COMMON         0x000000002000129c       0xac build/main.o
                0x000000002000129c                NodeName
                0x00000000200012a4                ActiveApp
                0x00000000200012a8                APIToken
                0x00000000200012c8                huart2
 COMMON         0x0000000020001348        0x4 build/stm32l4xx_hal.o
                0x0000000020001348                uwTick
 COMMON         0x000000002000134c        0x4 /usr/local/Cellar/gcc-arm-none-eabi/20180627/bin/../lib/gcc/arm-none-eabi/7.3.1/../../../../arm-none-eabi/lib/thumb/v7e-m/fpv4-sp/hard/libc_nano.a(lib_a-reent.o)
                0x000000002000134c                errno
                0x0000000020001350                . = ALIGN (0x4)
                0x0000000020001350                _ebss = .
                0x0000000020001350                __bss_end__ = _ebss

._user_heap_stack
                0x0000000020001350      0x600 load address 0x00000000080037c8
                0x0000000020001350                . = ALIGN (0x8)
                0x0000000020001350                PROVIDE (end = .)
                [!provide]                        PROVIDE (_end = .)
                0x0000000020001550                . = (. + _Min_Heap_Size)
 *fill*         0x0000000020001350      0x200 
                0x0000000020001950                . = (. + _Min_Stack_Size)
 *fill*         0x0000000020001550      0x400 
                0x0000000020001950                . = ALIGN (0x8)

/DISCARD/
 libc.a(*)
 libm.a(*)
 libgcc.a(*)

.ARM.attributes
                0x0000000000000000       0x30
 *(.ARM.attributes)
 .ARM.attributes
                0x0000000000000000       0x22 /usr/local/Cellar/gcc-arm-none-eabi/20180627/bin/../lib/gcc/arm-none-eabi/7.3.1/thumb/v7e-m/fpv4-sp/hard/crti.o
 .ARM.attributes
                0x0000000000000022       0x34 /usr/local/Cellar/gcc-arm-none-eabi/20180627/bin/../lib/gcc/arm-none-eabi/7.3.1/thumb/v7e-m/fpv4-sp/hard/crtbegin.o
 .ARM.attributes
                0x0000000000000056       0x39 build/main.o
 .ARM.attributes
                0x000000000000008f       0x39 build/stm32l4xx_it.o
 .ARM.attributes
                0x00000000000000c8       0x39 build/stm32l4xx_hal_msp.o
 .ARM.attributes
                0x0000000000000101       0x39 build/stm32l4xx_hal_uart.o
 .ARM.attributes
                0x000000000000013a       0x39 build/stm32l4xx_hal.o
 .ARM.attributes
                0x0000000000000173       0x39 build/stm32l4xx_hal_rcc.o
 .ARM.attributes
                0x00000000000001ac       0x39 build/stm32l4xx_hal_rcc_ex.o
 .ARM.attributes
                0x00000000000001e5       0x39 build/stm32l4xx_hal_flash.o
 .ARM.attributes
                0x000000000000021e       0x39 build/stm32l4xx_hal_flash_ex.o
 .ARM.attributes
                0x0000000000000257       0x39 build/stm32l4xx_hal_gpio.o
 .ARM.attributes
                0x0000000000000290       0x39 build/stm32l4xx_hal_pwr_ex.o
 .ARM.attributes
                0x00000000000002c9       0x39 build/stm32l4xx_hal_cortex.o
 .ARM.attributes
                0x0000000000000302       0x39 build/system_stm32l4xx.o
 .ARM.attributes
                0x000000000000033b       0x39 build/MetaDataManager.o
 .ARM.attributes
                0x0000000000000374       0x39 build/TemplateFlashManagement.o
 .ARM.attributes
                0x00000000000003ad       0x21 build/startup_stm32l476xx.o
 .ARM.attributes
                0x00000000000003ce       0x34 /usr/local/Cellar/gcc-arm-none-eabi/20180627/bin/../lib/gcc/arm-none-eabi/7.3.1/../../../../arm-none-eabi/lib/thumb/v7e-m/fpv4-sp/hard/libc_nano.a(lib_a-impure.o)
 .ARM.attributes
                0x0000000000000402       0x34 /usr/local/Cellar/gcc-arm-none-eabi/20180627/bin/../lib/gcc/arm-none-eabi/7.3.1/../../../../arm-none-eabi/lib/thumb/v7e-m/fpv4-sp/hard/libc_nano.a(lib_a-init.o)
 .ARM.attributes
                0x0000000000000436       0x34 /usr/local/Cellar/gcc-arm-none-eabi/20180627/bin/../lib/gcc/arm-none-eabi/7.3.1/../../../../arm-none-eabi/lib/thumb/v7e-m/fpv4-sp/hard/libc_nano.a(lib_a-memcpy-stub.o)
 .ARM.attributes
                0x000000000000046a       0x34 /usr/local/Cellar/gcc-arm-none-eabi/20180627/bin/../lib/gcc/arm-none-eabi/7.3.1/../../../../arm-none-eabi/lib/thumb/v7e-m/fpv4-sp/hard/libc_nano.a(lib_a-memset.o)
 .ARM.attributes
                0x000000000000049e       0x34 /usr/local/Cellar/gcc-arm-none-eabi/20180627/bin/../lib/gcc/arm-none-eabi/7.3.1/../../../../arm-none-eabi/lib/thumb/v7e-m/fpv4-sp/hard/libc_nano.a(lib_a-sprintf.o)
 .ARM.attributes
                0x00000000000004d2       0x34 /usr/local/Cellar/gcc-arm-none-eabi/20180627/bin/../lib/gcc/arm-none-eabi/7.3.1/../../../../arm-none-eabi/lib/thumb/v7e-m/fpv4-sp/hard/libc_nano.a(lib_a-nano-svfprintf.o)
 .ARM.attributes
                0x0000000000000506       0x34 /usr/local/Cellar/gcc-arm-none-eabi/20180627/bin/../lib/gcc/arm-none-eabi/7.3.1/../../../../arm-none-eabi/lib/thumb/v7e-m/fpv4-sp/hard/libc_nano.a(lib_a-nano-vfprintf_i.o)
 .ARM.attributes
                0x000000000000053a       0x20 /usr/local/Cellar/gcc-arm-none-eabi/20180627/bin/../lib/gcc/arm-none-eabi/7.3.1/../../../../arm-none-eabi/lib/thumb/v7e-m/fpv4-sp/hard/libc_nano.a(lib_a-memchr.o)
 .ARM.attributes
                0x000000000000055a       0x34 /usr/local/Cellar/gcc-arm-none-eabi/20180627/bin/../lib/gcc/arm-none-eabi/7.3.1/../../../../arm-none-eabi/lib/thumb/v7e-m/fpv4-sp/hard/libc_nano.a(lib_a-memmove.o)
 .ARM.attributes
                0x000000000000058e       0x34 /usr/local/Cellar/gcc-arm-none-eabi/20180627/bin/../lib/gcc/arm-none-eabi/7.3.1/../../../../arm-none-eabi/lib/thumb/v7e-m/fpv4-sp/hard/libc_nano.a(lib_a-nano-freer.o)
 .ARM.attributes
                0x00000000000005c2       0x34 /usr/local/Cellar/gcc-arm-none-eabi/20180627/bin/../lib/gcc/arm-none-eabi/7.3.1/../../../../arm-none-eabi/lib/thumb/v7e-m/fpv4-sp/hard/libc_nano.a(lib_a-nano-mallocr.o)
 .ARM.attributes
                0x00000000000005f6       0x34 /usr/local/Cellar/gcc-arm-none-eabi/20180627/bin/../lib/gcc/arm-none-eabi/7.3.1/../../../../arm-none-eabi/lib/thumb/v7e-m/fpv4-sp/hard/libc_nano.a(lib_a-nano-reallocr.o)
 .ARM.attributes
                0x000000000000062a       0x34 /usr/local/Cellar/gcc-arm-none-eabi/20180627/bin/../lib/gcc/arm-none-eabi/7.3.1/../../../../arm-none-eabi/lib/thumb/v7e-m/fpv4-sp/hard/libc_nano.a(lib_a-sbrkr.o)
 .ARM.attributes
                0x000000000000065e       0x34 /usr/local/Cellar/gcc-arm-none-eabi/20180627/bin/../lib/gcc/arm-none-eabi/7.3.1/../../../../arm-none-eabi/lib/thumb/v7e-m/fpv4-sp/hard/libc_nano.a(lib_a-mlock.o)
 .ARM.attributes
                0x0000000000000692       0x34 /usr/local/Cellar/gcc-arm-none-eabi/20180627/bin/../lib/gcc/arm-none-eabi/7.3.1/../../../../arm-none-eabi/lib/thumb/v7e-m/fpv4-sp/hard/libc_nano.a(lib_a-nano-msizer.o)
 .ARM.attributes
                0x00000000000006c6       0x34 /usr/local/Cellar/gcc-arm-none-eabi/20180627/bin/../lib/gcc/arm-none-eabi/7.3.1/../../../../arm-none-eabi/lib/thumb/v7e-m/fpv4-sp/hard/libc_nano.a(lib_a-reent.o)
 .ARM.attributes
                0x00000000000006fa       0x34 /usr/local/Cellar/gcc-arm-none-eabi/20180627/bin/../lib/gcc/arm-none-eabi/7.3.1/../../../../arm-none-eabi/lib/thumb/v7e-m/fpv4-sp/hard/libnosys.a(sbrk.o)
 .ARM.attributes
                0x000000000000072e       0x22 /usr/local/Cellar/gcc-arm-none-eabi/20180627/bin/../lib/gcc/arm-none-eabi/7.3.1/thumb/v7e-m/fpv4-sp/hard/libgcc.a(_aeabi_uldivmod.o)
 .ARM.attributes
                0x0000000000000750       0x34 /usr/local/Cellar/gcc-arm-none-eabi/20180627/bin/../lib/gcc/arm-none-eabi/7.3.1/thumb/v7e-m/fpv4-sp/hard/libgcc.a(_udivmoddi4.o)
 .ARM.attributes
                0x0000000000000784       0x22 /usr/local/Cellar/gcc-arm-none-eabi/20180627/bin/../lib/gcc/arm-none-eabi/7.3.1/thumb/v7e-m/fpv4-sp/hard/libgcc.a(_dvmd_tls.o)
 .ARM.attributes
                0x00000000000007a6       0x22 /usr/local/Cellar/gcc-arm-none-eabi/20180627/bin/../lib/gcc/arm-none-eabi/7.3.1/thumb/v7e-m/fpv4-sp/hard/crtn.o
OUTPUT(build/Jumping_Bootloader.elf elf32-littlearm)

.debug_info     0x0000000000000000     0xee3b
 .debug_info    0x0000000000000000     0x1f6e build/main.o
 .debug_info    0x0000000000001f6e      0x37b build/stm32l4xx_it.o
 .debug_info    0x00000000000022e9      0xd03 build/stm32l4xx_hal_msp.o
 .debug_info    0x0000000000002fec     0x2046 build/stm32l4xx_hal_uart.o
 .debug_info    0x0000000000005032      0xf04 build/stm32l4xx_hal.o
 .debug_info    0x0000000000005f36     0x1099 build/stm32l4xx_hal_rcc.o
 .debug_info    0x0000000000006fcf     0x1438 build/stm32l4xx_hal_rcc_ex.o
 .debug_info    0x0000000000008407      0x930 build/stm32l4xx_hal_flash.o
 .debug_info    0x0000000000008d37      0xb63 build/stm32l4xx_hal_flash_ex.o
 .debug_info    0x000000000000989a      0xa6b build/stm32l4xx_hal_gpio.o
 .debug_info    0x000000000000a305      0xcba build/stm32l4xx_hal_pwr_ex.o
 .debug_info    0x000000000000afbf     0x119a build/stm32l4xx_hal_cortex.o
 .debug_info    0x000000000000c159      0x7a3 build/system_stm32l4xx.o
 .debug_info    0x000000000000c8fc     0x169a build/MetaDataManager.o
 .debug_info    0x000000000000df96      0xe83 build/TemplateFlashManagement.o
 .debug_info    0x000000000000ee19       0x22 build/startup_stm32l476xx.o

.debug_abbrev   0x0000000000000000     0x2324
 .debug_abbrev  0x0000000000000000      0x2bc build/main.o
 .debug_abbrev  0x00000000000002bc      0x100 build/stm32l4xx_it.o
 .debug_abbrev  0x00000000000003bc      0x19c build/stm32l4xx_hal_msp.o
 .debug_abbrev  0x0000000000000558      0x282 build/stm32l4xx_hal_uart.o
 .debug_abbrev  0x00000000000007da      0x223 build/stm32l4xx_hal.o
 .debug_abbrev  0x00000000000009fd      0x255 build/stm32l4xx_hal_rcc.o
 .debug_abbrev  0x0000000000000c52      0x280 build/stm32l4xx_hal_rcc_ex.o
 .debug_abbrev  0x0000000000000ed2      0x319 build/stm32l4xx_hal_flash.o
 .debug_abbrev  0x00000000000011eb      0x25d build/stm32l4xx_hal_flash_ex.o
 .debug_abbrev  0x0000000000001448      0x213 build/stm32l4xx_hal_gpio.o
 .debug_abbrev  0x000000000000165b      0x20f build/stm32l4xx_hal_pwr_ex.o
 .debug_abbrev  0x000000000000186a      0x33d build/stm32l4xx_hal_cortex.o
 .debug_abbrev  0x0000000000001ba7      0x14f build/system_stm32l4xx.o
 .debug_abbrev  0x0000000000001cf6      0x3cd build/MetaDataManager.o
 .debug_abbrev  0x00000000000020c3      0x24f build/TemplateFlashManagement.o
 .debug_abbrev  0x0000000000002312       0x12 build/startup_stm32l476xx.o

.debug_loc      0x0000000000000000     0x7b4b
 .debug_loc     0x0000000000000000      0x20b build/main.o
 .debug_loc     0x000000000000020b       0x20 build/stm32l4xx_it.o
 .debug_loc     0x000000000000022b      0x104 build/stm32l4xx_hal_msp.o
 .debug_loc     0x000000000000032f     0x1f38 build/stm32l4xx_hal_uart.o
 .debug_loc     0x0000000000002267      0x2bd build/stm32l4xx_hal.o
 .debug_loc     0x0000000000002524      0x7e6 build/stm32l4xx_hal_rcc.o
 .debug_loc     0x0000000000002d0a     0x1e2a build/stm32l4xx_hal_rcc_ex.o
 .debug_loc     0x0000000000004b34      0x5a8 build/stm32l4xx_hal_flash.o
 .debug_loc     0x00000000000050dc      0x93a build/stm32l4xx_hal_flash_ex.o
 .debug_loc     0x0000000000005a16      0x36e build/stm32l4xx_hal_gpio.o
 .debug_loc     0x0000000000005d84      0x9fa build/stm32l4xx_hal_pwr_ex.o
 .debug_loc     0x000000000000677e      0x65e build/stm32l4xx_hal_cortex.o
 .debug_loc     0x0000000000006ddc      0x1b8 build/system_stm32l4xx.o
 .debug_loc     0x0000000000006f94      0xaa5 build/MetaDataManager.o
 .debug_loc     0x0000000000007a39      0x112 build/TemplateFlashManagement.o

.debug_aranges  0x0000000000000000      0x9c0
 .debug_aranges
                0x0000000000000000       0x58 build/main.o
 .debug_aranges
                0x0000000000000058       0x60 build/stm32l4xx_it.o
 .debug_aranges
                0x00000000000000b8       0x30 build/stm32l4xx_hal_msp.o
 .debug_aranges
                0x00000000000000e8      0x210 build/stm32l4xx_hal_uart.o
 .debug_aranges
                0x00000000000002f8      0x130 build/stm32l4xx_hal.o
 .debug_aranges
                0x0000000000000428       0x88 build/stm32l4xx_hal_rcc.o
 .debug_aranges
                0x00000000000004b0       0xc0 build/stm32l4xx_hal_rcc_ex.o
 .debug_aranges
                0x0000000000000570       0x88 build/stm32l4xx_hal_flash.o
 .debug_aranges
                0x00000000000005f8       0x90 build/stm32l4xx_hal_flash_ex.o
 .debug_aranges
                0x0000000000000688       0x58 build/stm32l4xx_hal_gpio.o
 .debug_aranges
                0x00000000000006e0      0x150 build/stm32l4xx_hal_pwr_ex.o
 .debug_aranges
                0x0000000000000830       0xa8 build/stm32l4xx_hal_cortex.o
 .debug_aranges
                0x00000000000008d8       0x28 build/system_stm32l4xx.o
 .debug_aranges
                0x0000000000000900       0x68 build/MetaDataManager.o
 .debug_aranges
                0x0000000000000968       0x30 build/TemplateFlashManagement.o
 .debug_aranges
                0x0000000000000998       0x28 build/startup_stm32l476xx.o

.debug_ranges   0x0000000000000000      0x9e8
 .debug_ranges  0x0000000000000000       0x48 build/main.o
 .debug_ranges  0x0000000000000048       0x50 build/stm32l4xx_it.o
 .debug_ranges  0x0000000000000098       0x20 build/stm32l4xx_hal_msp.o
 .debug_ranges  0x00000000000000b8      0x200 build/stm32l4xx_hal_uart.o
 .debug_ranges  0x00000000000002b8      0x120 build/stm32l4xx_hal.o
 .debug_ranges  0x00000000000003d8       0x90 build/stm32l4xx_hal_rcc.o
 .debug_ranges  0x0000000000000468       0xd0 build/stm32l4xx_hal_rcc_ex.o
 .debug_ranges  0x0000000000000538       0x78 build/stm32l4xx_hal_flash.o
 .debug_ranges  0x00000000000005b0       0x80 build/stm32l4xx_hal_flash_ex.o
 .debug_ranges  0x0000000000000630       0x48 build/stm32l4xx_hal_gpio.o
 .debug_ranges  0x0000000000000678      0x140 build/stm32l4xx_hal_pwr_ex.o
 .debug_ranges  0x00000000000007b8       0xf8 build/stm32l4xx_hal_cortex.o
 .debug_ranges  0x00000000000008b0       0x18 build/system_stm32l4xx.o
 .debug_ranges  0x00000000000008c8       0xe0 build/MetaDataManager.o
 .debug_ranges  0x00000000000009a8       0x20 build/TemplateFlashManagement.o
 .debug_ranges  0x00000000000009c8       0x20 build/startup_stm32l476xx.o

.debug_line     0x0000000000000000     0x4cfe
 .debug_line    0x0000000000000000      0x42b build/main.o
 .debug_line    0x000000000000042b      0x244 build/stm32l4xx_it.o
 .debug_line    0x000000000000066f      0x256 build/stm32l4xx_hal_msp.o
 .debug_line    0x00000000000008c5      0xea7 build/stm32l4xx_hal_uart.o
 .debug_line    0x000000000000176c      0x4a3 build/stm32l4xx_hal.o
 .debug_line    0x0000000000001c0f      0x5e8 build/stm32l4xx_hal_rcc.o
 .debug_line    0x00000000000021f7      0x870 build/stm32l4xx_hal_rcc_ex.o
 .debug_line    0x0000000000002a67      0x411 build/stm32l4xx_hal_flash.o
 .debug_line    0x0000000000002e78      0x4bc build/stm32l4xx_hal_flash_ex.o
 .debug_line    0x0000000000003334      0x37a build/stm32l4xx_hal_gpio.o
 .debug_line    0x00000000000036ae      0x68b build/stm32l4xx_hal_pwr_ex.o
 .debug_line    0x0000000000003d39      0x46c build/stm32l4xx_hal_cortex.o
 .debug_line    0x00000000000041a5      0x228 build/system_stm32l4xx.o
 .debug_line    0x00000000000043cd      0x58b build/MetaDataManager.o
 .debug_line    0x0000000000004958      0x333 build/TemplateFlashManagement.o
 .debug_line    0x0000000000004c8b       0x73 build/startup_stm32l476xx.o

.debug_str      0x0000000000000000     0x3eb5
 .debug_str     0x0000000000000000     0x1339 build/main.o
                                       0x1442 (size before relaxing)
 .debug_str     0x0000000000001339       0xaf build/stm32l4xx_it.o
                                        0x466 (size before relaxing)
 .debug_str     0x00000000000013e8       0x5e build/stm32l4xx_hal_msp.o
                                        0x978 (size before relaxing)
 .debug_str     0x0000000000001446      0x7e2 build/stm32l4xx_hal_uart.o
                                       0x1114 (size before relaxing)
 .debug_str     0x0000000000001c28      0x940 build/stm32l4xx_hal.o
                                        0xee4 (size before relaxing)
 .debug_str     0x0000000000002568      0x21c build/stm32l4xx_hal_rcc.o
                                        0xa50 (size before relaxing)
 .debug_str     0x0000000000002784      0x33b build/stm32l4xx_hal_rcc_ex.o
                                        0xcd5 (size before relaxing)
 .debug_str     0x0000000000002abf      0x232 build/stm32l4xx_hal_flash.o
                                        0x6e6 (size before relaxing)
 .debug_str     0x0000000000002cf1      0x279 build/stm32l4xx_hal_flash_ex.o
                                        0x776 (size before relaxing)
 .debug_str     0x0000000000002f6a       0xd5 build/stm32l4xx_hal_gpio.o
                                        0x768 (size before relaxing)
 .debug_str     0x000000000000303f      0x4fc build/stm32l4xx_hal_pwr_ex.o
                                        0xa1a (size before relaxing)
 .debug_str     0x000000000000353b      0x43a build/stm32l4xx_hal_cortex.o
                                        0xe23 (size before relaxing)
 .debug_str     0x0000000000003975       0x38 build/system_stm32l4xx.o
                                        0x5b6 (size before relaxing)
 .debug_str     0x00000000000039ad      0x45f build/MetaDataManager.o
                                        0xdd9 (size before relaxing)
 .debug_str     0x0000000000003e0c       0x85 build/TemplateFlashManagement.o
                                        0x9a6 (size before relaxing)
 .debug_str     0x0000000000003e91       0x24 build/startup_stm32l476xx.o
                                         0x61 (size before relaxing)

.comment        0x0000000000000000       0x7f
 .comment       0x0000000000000000       0x7f build/main.o
                                         0x80 (size before relaxing)
 .comment       0x000000000000007f       0x80 build/stm32l4xx_it.o
 .comment       0x000000000000007f       0x80 build/stm32l4xx_hal_msp.o
 .comment       0x000000000000007f       0x80 build/stm32l4xx_hal_uart.o
 .comment       0x000000000000007f       0x80 build/stm32l4xx_hal.o
 .comment       0x000000000000007f       0x80 build/stm32l4xx_hal_rcc.o
 .comment       0x000000000000007f       0x80 build/stm32l4xx_hal_rcc_ex.o
 .comment       0x000000000000007f       0x80 build/stm32l4xx_hal_flash.o
 .comment       0x000000000000007f       0x80 build/stm32l4xx_hal_flash_ex.o
 .comment       0x000000000000007f       0x80 build/stm32l4xx_hal_gpio.o
 .comment       0x000000000000007f       0x80 build/stm32l4xx_hal_pwr_ex.o
 .comment       0x000000000000007f       0x80 build/stm32l4xx_hal_cortex.o
 .comment       0x000000000000007f       0x80 build/system_stm32l4xx.o
 .comment       0x000000000000007f       0x80 build/MetaDataManager.o
 .comment       0x000000000000007f       0x80 build/TemplateFlashManagement.o

.debug_frame    0x0000000000000000     0x1cb4
 .debug_frame   0x0000000000000000       0xf0 build/main.o
 .debug_frame   0x00000000000000f0       0xac build/stm32l4xx_it.o
 .debug_frame   0x000000000000019c       0x64 build/stm32l4xx_hal_msp.o
 .debug_frame   0x0000000000000200      0x658 build/stm32l4xx_hal_uart.o
 .debug_frame   0x0000000000000858      0x290 build/stm32l4xx_hal.o
 .debug_frame   0x0000000000000ae8      0x1c0 build/stm32l4xx_hal_rcc.o
 .debug_frame   0x0000000000000ca8      0x23c build/stm32l4xx_hal_rcc_ex.o
 .debug_frame   0x0000000000000ee4      0x158 build/stm32l4xx_hal_flash.o
 .debug_frame   0x000000000000103c      0x19c build/stm32l4xx_hal_flash_ex.o
 .debug_frame   0x00000000000011d8       0xe4 build/stm32l4xx_hal_gpio.o
 .debug_frame   0x00000000000012bc      0x2a4 build/stm32l4xx_hal_pwr_ex.o
 .debug_frame   0x0000000000001560      0x16c build/stm32l4xx_hal_cortex.o
 .debug_frame   0x00000000000016cc       0x30 build/system_stm32l4xx.o
 .debug_frame   0x00000000000016fc      0x168 build/MetaDataManager.o
 .debug_frame   0x0000000000001864       0x60 build/TemplateFlashManagement.o
 .debug_frame   0x00000000000018c4       0x2c /usr/local/Cellar/gcc-arm-none-eabi/20180627/bin/../lib/gcc/arm-none-eabi/7.3.1/../../../../arm-none-eabi/lib/thumb/v7e-m/fpv4-sp/hard/libc_nano.a(lib_a-init.o)
 .debug_frame   0x00000000000018f0       0x28 /usr/local/Cellar/gcc-arm-none-eabi/20180627/bin/../lib/gcc/arm-none-eabi/7.3.1/../../../../arm-none-eabi/lib/thumb/v7e-m/fpv4-sp/hard/libc_nano.a(lib_a-memcpy-stub.o)
 .debug_frame   0x0000000000001918       0x20 /usr/local/Cellar/gcc-arm-none-eabi/20180627/bin/../lib/gcc/arm-none-eabi/7.3.1/../../../../arm-none-eabi/lib/thumb/v7e-m/fpv4-sp/hard/libc_nano.a(lib_a-memset.o)
 .debug_frame   0x0000000000001938       0x6c /usr/local/Cellar/gcc-arm-none-eabi/20180627/bin/../lib/gcc/arm-none-eabi/7.3.1/../../../../arm-none-eabi/lib/thumb/v7e-m/fpv4-sp/hard/libc_nano.a(lib_a-sprintf.o)
 .debug_frame   0x00000000000019a4       0x90 /usr/local/Cellar/gcc-arm-none-eabi/20180627/bin/../lib/gcc/arm-none-eabi/7.3.1/../../../../arm-none-eabi/lib/thumb/v7e-m/fpv4-sp/hard/libc_nano.a(lib_a-nano-svfprintf.o)
 .debug_frame   0x0000000000001a34       0x60 /usr/local/Cellar/gcc-arm-none-eabi/20180627/bin/../lib/gcc/arm-none-eabi/7.3.1/../../../../arm-none-eabi/lib/thumb/v7e-m/fpv4-sp/hard/libc_nano.a(lib_a-nano-vfprintf_i.o)
 .debug_frame   0x0000000000001a94       0x28 /usr/local/Cellar/gcc-arm-none-eabi/20180627/bin/../lib/gcc/arm-none-eabi/7.3.1/../../../../arm-none-eabi/lib/thumb/v7e-m/fpv4-sp/hard/libc_nano.a(lib_a-memmove.o)
 .debug_frame   0x0000000000001abc       0x38 /usr/local/Cellar/gcc-arm-none-eabi/20180627/bin/../lib/gcc/arm-none-eabi/7.3.1/../../../../arm-none-eabi/lib/thumb/v7e-m/fpv4-sp/hard/libc_nano.a(lib_a-nano-freer.o)
 .debug_frame   0x0000000000001af4       0x2c /usr/local/Cellar/gcc-arm-none-eabi/20180627/bin/../lib/gcc/arm-none-eabi/7.3.1/../../../../arm-none-eabi/lib/thumb/v7e-m/fpv4-sp/hard/libc_nano.a(lib_a-nano-mallocr.o)
 .debug_frame   0x0000000000001b20       0x3c /usr/local/Cellar/gcc-arm-none-eabi/20180627/bin/../lib/gcc/arm-none-eabi/7.3.1/../../../../arm-none-eabi/lib/thumb/v7e-m/fpv4-sp/hard/libc_nano.a(lib_a-nano-reallocr.o)
 .debug_frame   0x0000000000001b5c       0x2c /usr/local/Cellar/gcc-arm-none-eabi/20180627/bin/../lib/gcc/arm-none-eabi/7.3.1/../../../../arm-none-eabi/lib/thumb/v7e-m/fpv4-sp/hard/libc_nano.a(lib_a-sbrkr.o)
 .debug_frame   0x0000000000001b88       0x30 /usr/local/Cellar/gcc-arm-none-eabi/20180627/bin/../lib/gcc/arm-none-eabi/7.3.1/../../../../arm-none-eabi/lib/thumb/v7e-m/fpv4-sp/hard/libc_nano.a(lib_a-mlock.o)
 .debug_frame   0x0000000000001bb8       0x20 /usr/local/Cellar/gcc-arm-none-eabi/20180627/bin/../lib/gcc/arm-none-eabi/7.3.1/../../../../arm-none-eabi/lib/thumb/v7e-m/fpv4-sp/hard/libc_nano.a(lib_a-nano-msizer.o)
 .debug_frame   0x0000000000001bd8       0x5c /usr/local/Cellar/gcc-arm-none-eabi/20180627/bin/../lib/gcc/arm-none-eabi/7.3.1/../../../../arm-none-eabi/lib/thumb/v7e-m/fpv4-sp/hard/libc_nano.a(lib_a-reent.o)
 .debug_frame   0x0000000000001c34       0x20 /usr/local/Cellar/gcc-arm-none-eabi/20180627/bin/../lib/gcc/arm-none-eabi/7.3.1/../../../../arm-none-eabi/lib/thumb/v7e-m/fpv4-sp/hard/libnosys.a(sbrk.o)
 .debug_frame   0x0000000000001c54       0x2c /usr/local/Cellar/gcc-arm-none-eabi/20180627/bin/../lib/gcc/arm-none-eabi/7.3.1/thumb/v7e-m/fpv4-sp/hard/libgcc.a(_aeabi_uldivmod.o)
 .debug_frame   0x0000000000001c80       0x34 /usr/local/Cellar/gcc-arm-none-eabi/20180627/bin/../lib/gcc/arm-none-eabi/7.3.1/thumb/v7e-m/fpv4-sp/hard/libgcc.a(_udivmoddi4.o)

Cross Reference Table

Symbol                                            File
ADC1_2_IRQHandler                                 build/startup_stm32l476xx.o
ADC3_IRQHandler                                   build/startup_stm32l476xx.o
AHBPrescTable                                     build/system_stm32l4xx.o
                                                  build/stm32l4xx_hal_rcc.o
APBPrescTable                                     build/system_stm32l4xx.o
                                                  build/stm32l4xx_hal_rcc.o
APIToken                                          build/main.o
ActiveApp                                         build/main.o
BusFault_Handler                                  build/stm32l4xx_it.o
CAN1_RX0_IRQHandler                               build/startup_stm32l476xx.o
CAN1_RX1_IRQHandler                               build/startup_stm32l476xx.o
CAN1_SCE_IRQHandler                               build/startup_stm32l476xx.o
CAN1_TX_IRQHandler                                build/startup_stm32l476xx.o
COMP_IRQHandler                                   build/startup_stm32l476xx.o
DFSDM1_FLT0_IRQHandler                            build/startup_stm32l476xx.o
DFSDM1_FLT1_IRQHandler                            build/startup_stm32l476xx.o
DFSDM1_FLT2_IRQHandler                            build/startup_stm32l476xx.o
DFSDM1_FLT3_IRQHandler                            build/startup_stm32l476xx.o
DMA1_Channel1_IRQHandler                          build/startup_stm32l476xx.o
DMA1_Channel2_IRQHandler                          build/startup_stm32l476xx.o
DMA1_Channel3_IRQHandler                          build/startup_stm32l476xx.o
DMA1_Channel4_IRQHandler                          build/startup_stm32l476xx.o
DMA1_Channel5_IRQHandler                          build/startup_stm32l476xx.o
DMA1_Channel6_IRQHandler                          build/startup_stm32l476xx.o
DMA1_Channel7_IRQHandler                          build/startup_stm32l476xx.o
DMA2_Channel1_IRQHandler                          build/startup_stm32l476xx.o
DMA2_Channel2_IRQHandler                          build/startup_stm32l476xx.o
DMA2_Channel3_IRQHandler                          build/startup_stm32l476xx.o
DMA2_Channel4_IRQHandler                          build/startup_stm32l476xx.o
DMA2_Channel5_IRQHandler                          build/startup_stm32l476xx.o
DMA2_Channel6_IRQHandler                          build/startup_stm32l476xx.o
DMA2_Channel7_IRQHandler                          build/startup_stm32l476xx.o
DebugMon_Handler                                  build/stm32l4xx_it.o
Default_Handler                                   build/startup_stm32l476xx.o
EXTI0_IRQHandler                                  build/startup_stm32l476xx.o
EXTI15_10_IRQHandler                              build/startup_stm32l476xx.o
EXTI1_IRQHandler                                  build/startup_stm32l476xx.o
EXTI2_IRQHandler                                  build/startup_stm32l476xx.o
EXTI3_IRQHandler                                  build/startup_stm32l476xx.o
EXTI4_IRQHandler                                  build/startup_stm32l476xx.o
EXTI9_5_IRQHandler                                build/startup_stm32l476xx.o
EraseMetaDataManager                              build/MetaDataManager.o
                                                  build/main.o
Error_Handler                                     build/main.o
FLASH_FlushCaches                                 build/stm32l4xx_hal_flash_ex.o
                                                  build/stm32l4xx_hal_flash.o
FLASH_IRQHandler                                  build/startup_stm32l476xx.o
FLASH_PageErase                                   build/stm32l4xx_hal_flash_ex.o
                                                  build/stm32l4xx_hal_flash.o
FLASH_WaitForLastOperation                        build/stm32l4xx_hal_flash.o
                                                  build/stm32l4xx_hal_flash_ex.o
FMC_IRQHandler                                    build/startup_stm32l476xx.o
FPU_IRQHandler                                    build/startup_stm32l476xx.o
HAL_DBGMCU_DisableDBGSleepMode                    build/stm32l4xx_hal.o
HAL_DBGMCU_DisableDBGStandbyMode                  build/stm32l4xx_hal.o
HAL_DBGMCU_DisableDBGStopMode                     build/stm32l4xx_hal.o
HAL_DBGMCU_EnableDBGSleepMode                     build/stm32l4xx_hal.o
HAL_DBGMCU_EnableDBGStandbyMode                   build/stm32l4xx_hal.o
HAL_DBGMCU_EnableDBGStopMode                      build/stm32l4xx_hal.o
HAL_DMA_Abort                                     build/stm32l4xx_hal_dma.o
                                                  build/stm32l4xx_hal_uart.o
HAL_DMA_Abort_IT                                  build/stm32l4xx_hal_dma.o
                                                  build/stm32l4xx_hal_i2c.o
                                                  build/stm32l4xx_hal_uart.o
HAL_DMA_DeInit                                    build/stm32l4xx_hal_dma.o
HAL_DMA_GetError                                  build/stm32l4xx_hal_dma.o
                                                  build/stm32l4xx_hal_uart.o
HAL_DMA_GetState                                  build/stm32l4xx_hal_dma.o
                                                  build/stm32l4xx_hal_i2c.o
HAL_DMA_IRQHandler                                build/stm32l4xx_hal_dma.o
HAL_DMA_Init                                      build/stm32l4xx_hal_dma.o
HAL_DMA_PollForTransfer                           build/stm32l4xx_hal_dma.o
HAL_DMA_RegisterCallback                          build/stm32l4xx_hal_dma.o
HAL_DMA_Start                                     build/stm32l4xx_hal_dma.o
HAL_DMA_Start_IT                                  build/stm32l4xx_hal_dma.o
                                                  build/stm32l4xx_hal_i2c.o
                                                  build/stm32l4xx_hal_uart.o
HAL_DMA_UnRegisterCallback                        build/stm32l4xx_hal_dma.o
HAL_DeInit                                        build/stm32l4xx_hal.o
HAL_Delay                                         build/stm32l4xx_hal.o
HAL_EXTI_ClearConfigLine                          build/stm32l4xx_hal_exti.o
HAL_EXTI_ClearPending                             build/stm32l4xx_hal_exti.o
HAL_EXTI_GenerateSWI                              build/stm32l4xx_hal_exti.o
HAL_EXTI_GetConfigLine                            build/stm32l4xx_hal_exti.o
HAL_EXTI_GetHandle                                build/stm32l4xx_hal_exti.o
HAL_EXTI_GetPending                               build/stm32l4xx_hal_exti.o
HAL_EXTI_IRQHandler                               build/stm32l4xx_hal_exti.o
HAL_EXTI_RegisterCallback                         build/stm32l4xx_hal_exti.o
HAL_EXTI_SetConfigLine                            build/stm32l4xx_hal_exti.o
HAL_FLASHEx_DisableRunPowerDown                   build/stm32l4xx_hal_flash_ramfunc.o
HAL_FLASHEx_EnableRunPowerDown                    build/stm32l4xx_hal_flash_ramfunc.o
HAL_FLASHEx_Erase                                 build/stm32l4xx_hal_flash_ex.o
                                                  build/TemplateFlashManagement.o
HAL_FLASHEx_Erase_IT                              build/stm32l4xx_hal_flash_ex.o
HAL_FLASHEx_OBGetConfig                           build/stm32l4xx_hal_flash_ex.o
HAL_FLASHEx_OBProgram                             build/stm32l4xx_hal_flash_ex.o
HAL_FLASH_EndOfOperationCallback                  build/stm32l4xx_hal_flash.o
HAL_FLASH_GetError                                build/stm32l4xx_hal_flash.o
HAL_FLASH_IRQHandler                              build/stm32l4xx_hal_flash.o
HAL_FLASH_Lock                                    build/stm32l4xx_hal_flash.o
                                                  build/TemplateFlashManagement.o
HAL_FLASH_OB_Launch                               build/stm32l4xx_hal_flash.o
HAL_FLASH_OB_Lock                                 build/stm32l4xx_hal_flash.o
HAL_FLASH_OB_Unlock                               build/stm32l4xx_hal_flash.o
HAL_FLASH_OperationErrorCallback                  build/stm32l4xx_hal_flash.o
HAL_FLASH_Program                                 build/stm32l4xx_hal_flash.o
                                                  build/TemplateFlashManagement.o
HAL_FLASH_Program_IT                              build/stm32l4xx_hal_flash.o
HAL_FLASH_Unlock                                  build/stm32l4xx_hal_flash.o
                                                  build/TemplateFlashManagement.o
HAL_GPIO_DeInit                                   build/stm32l4xx_hal_gpio.o
                                                  build/stm32l4xx_hal_msp.o
HAL_GPIO_EXTI_Callback                            build/stm32l4xx_hal_gpio.o
HAL_GPIO_EXTI_IRQHandler                          build/stm32l4xx_hal_gpio.o
HAL_GPIO_Init                                     build/stm32l4xx_hal_gpio.o
                                                  build/stm32l4xx_hal_rcc_ex.o
                                                  build/stm32l4xx_hal_rcc.o
                                                  build/stm32l4xx_hal_msp.o
                                                  build/main.o
HAL_GPIO_LockPin                                  build/stm32l4xx_hal_gpio.o
HAL_GPIO_ReadPin                                  build/stm32l4xx_hal_gpio.o
HAL_GPIO_TogglePin                                build/stm32l4xx_hal_gpio.o
HAL_GPIO_WritePin                                 build/stm32l4xx_hal_gpio.o
                                                  build/main.o
HAL_GetDEVID                                      build/stm32l4xx_hal.o
HAL_GetHalVersion                                 build/stm32l4xx_hal.o
HAL_GetREVID                                      build/stm32l4xx_hal.o
HAL_GetTick                                       build/stm32l4xx_hal.o
                                                  build/stm32l4xx_hal_dma.o
                                                  build/stm32l4xx_hal_flash.o
                                                  build/stm32l4xx_hal_rcc_ex.o
                                                  build/stm32l4xx_hal_rcc.o
                                                  build/stm32l4xx_hal_i2c.o
                                                  build/stm32l4xx_hal_uart_ex.o
                                                  build/stm32l4xx_hal_uart.o
HAL_GetTickFreq                                   build/stm32l4xx_hal.o
HAL_GetTickPrio                                   build/stm32l4xx_hal.o
HAL_GetUIDw0                                      build/stm32l4xx_hal.o
HAL_GetUIDw1                                      build/stm32l4xx_hal.o
HAL_GetUIDw2                                      build/stm32l4xx_hal.o
HAL_HalfDuplex_EnableReceiver                     build/stm32l4xx_hal_uart.o
HAL_HalfDuplex_EnableTransmitter                  build/stm32l4xx_hal_uart.o
HAL_HalfDuplex_Init                               build/stm32l4xx_hal_uart.o
HAL_I2CEx_ConfigAnalogFilter                      build/stm32l4xx_hal_i2c_ex.o
HAL_I2CEx_ConfigDigitalFilter                     build/stm32l4xx_hal_i2c_ex.o
HAL_I2CEx_DisableFastModePlus                     build/stm32l4xx_hal_i2c_ex.o
HAL_I2CEx_DisableWakeUp                           build/stm32l4xx_hal_i2c_ex.o
HAL_I2CEx_EnableFastModePlus                      build/stm32l4xx_hal_i2c_ex.o
HAL_I2CEx_EnableWakeUp                            build/stm32l4xx_hal_i2c_ex.o
HAL_I2C_AbortCpltCallback                         build/stm32l4xx_hal_i2c.o
HAL_I2C_AddrCallback                              build/stm32l4xx_hal_i2c.o
HAL_I2C_DeInit                                    build/stm32l4xx_hal_i2c.o
HAL_I2C_DisableListen_IT                          build/stm32l4xx_hal_i2c.o
HAL_I2C_ER_IRQHandler                             build/stm32l4xx_hal_i2c.o
HAL_I2C_EV_IRQHandler                             build/stm32l4xx_hal_i2c.o
HAL_I2C_EnableListen_IT                           build/stm32l4xx_hal_i2c.o
HAL_I2C_ErrorCallback                             build/stm32l4xx_hal_i2c.o
HAL_I2C_GetError                                  build/stm32l4xx_hal_i2c.o
HAL_I2C_GetMode                                   build/stm32l4xx_hal_i2c.o
HAL_I2C_GetState                                  build/stm32l4xx_hal_i2c.o
HAL_I2C_Init                                      build/stm32l4xx_hal_i2c.o
HAL_I2C_IsDeviceReady                             build/stm32l4xx_hal_i2c.o
HAL_I2C_ListenCpltCallback                        build/stm32l4xx_hal_i2c.o
HAL_I2C_MasterRxCpltCallback                      build/stm32l4xx_hal_i2c.o
HAL_I2C_MasterTxCpltCallback                      build/stm32l4xx_hal_i2c.o
HAL_I2C_Master_Abort_IT                           build/stm32l4xx_hal_i2c.o
HAL_I2C_Master_Receive                            build/stm32l4xx_hal_i2c.o
HAL_I2C_Master_Receive_DMA                        build/stm32l4xx_hal_i2c.o
HAL_I2C_Master_Receive_IT                         build/stm32l4xx_hal_i2c.o
HAL_I2C_Master_Seq_Receive_DMA                    build/stm32l4xx_hal_i2c.o
HAL_I2C_Master_Seq_Receive_IT                     build/stm32l4xx_hal_i2c.o
HAL_I2C_Master_Seq_Transmit_DMA                   build/stm32l4xx_hal_i2c.o
HAL_I2C_Master_Seq_Transmit_IT                    build/stm32l4xx_hal_i2c.o
HAL_I2C_Master_Transmit                           build/stm32l4xx_hal_i2c.o
HAL_I2C_Master_Transmit_DMA                       build/stm32l4xx_hal_i2c.o
HAL_I2C_Master_Transmit_IT                        build/stm32l4xx_hal_i2c.o
HAL_I2C_MemRxCpltCallback                         build/stm32l4xx_hal_i2c.o
HAL_I2C_MemTxCpltCallback                         build/stm32l4xx_hal_i2c.o
HAL_I2C_Mem_Read                                  build/stm32l4xx_hal_i2c.o
HAL_I2C_Mem_Read_DMA                              build/stm32l4xx_hal_i2c.o
HAL_I2C_Mem_Read_IT                               build/stm32l4xx_hal_i2c.o
HAL_I2C_Mem_Write                                 build/stm32l4xx_hal_i2c.o
HAL_I2C_Mem_Write_DMA                             build/stm32l4xx_hal_i2c.o
HAL_I2C_Mem_Write_IT                              build/stm32l4xx_hal_i2c.o
HAL_I2C_MspDeInit                                 build/stm32l4xx_hal_i2c.o
HAL_I2C_MspInit                                   build/stm32l4xx_hal_i2c.o
HAL_I2C_SlaveRxCpltCallback                       build/stm32l4xx_hal_i2c.o
HAL_I2C_SlaveTxCpltCallback                       build/stm32l4xx_hal_i2c.o
HAL_I2C_Slave_Receive                             build/stm32l4xx_hal_i2c.o
HAL_I2C_Slave_Receive_DMA                         build/stm32l4xx_hal_i2c.o
HAL_I2C_Slave_Receive_IT                          build/stm32l4xx_hal_i2c.o
HAL_I2C_Slave_Seq_Receive_DMA                     build/stm32l4xx_hal_i2c.o
HAL_I2C_Slave_Seq_Receive_IT                      build/stm32l4xx_hal_i2c.o
HAL_I2C_Slave_Seq_Transmit_DMA                    build/stm32l4xx_hal_i2c.o
HAL_I2C_Slave_Seq_Transmit_IT                     build/stm32l4xx_hal_i2c.o
HAL_I2C_Slave_Transmit                            build/stm32l4xx_hal_i2c.o
HAL_I2C_Slave_Transmit_DMA                        build/stm32l4xx_hal_i2c.o
HAL_I2C_Slave_Transmit_IT                         build/stm32l4xx_hal_i2c.o
HAL_IncTick                                       build/stm32l4xx_hal.o
                                                  build/stm32l4xx_it.o
HAL_Init                                          build/stm32l4xx_hal.o
                                                  build/main.o
HAL_InitTick                                      build/stm32l4xx_hal.o
                                                  build/stm32l4xx_hal_rcc.o
HAL_LIN_Init                                      build/stm32l4xx_hal_uart.o
HAL_LIN_SendBreak                                 build/stm32l4xx_hal_uart.o
HAL_MPU_ConfigRegion                              build/stm32l4xx_hal_cortex.o
HAL_MPU_Disable                                   build/stm32l4xx_hal_cortex.o
HAL_MPU_Enable                                    build/stm32l4xx_hal_cortex.o
HAL_MspDeInit                                     build/stm32l4xx_hal.o
HAL_MspInit                                       build/stm32l4xx_hal_msp.o
HAL_MultiProcessorEx_AddressLength_Set            build/stm32l4xx_hal_uart_ex.o
HAL_MultiProcessor_DisableMuteMode                build/stm32l4xx_hal_uart.o
HAL_MultiProcessor_EnableMuteMode                 build/stm32l4xx_hal_uart.o
HAL_MultiProcessor_EnterMuteMode                  build/stm32l4xx_hal_uart.o
HAL_MultiProcessor_Init                           build/stm32l4xx_hal_uart.o
HAL_NVIC_ClearPendingIRQ                          build/stm32l4xx_hal_cortex.o
HAL_NVIC_DisableIRQ                               build/stm32l4xx_hal_cortex.o
HAL_NVIC_EnableIRQ                                build/stm32l4xx_hal_cortex.o
HAL_NVIC_GetActive                                build/stm32l4xx_hal_cortex.o
HAL_NVIC_GetPendingIRQ                            build/stm32l4xx_hal_cortex.o
HAL_NVIC_GetPriority                              build/stm32l4xx_hal_cortex.o
HAL_NVIC_GetPriorityGrouping                      build/stm32l4xx_hal_cortex.o
HAL_NVIC_SetPendingIRQ                            build/stm32l4xx_hal_cortex.o
HAL_NVIC_SetPriority                              build/stm32l4xx_hal_cortex.o
                                                  build/stm32l4xx_hal.o
HAL_NVIC_SetPriorityGrouping                      build/stm32l4xx_hal_cortex.o
                                                  build/stm32l4xx_hal.o
HAL_NVIC_SystemReset                              build/stm32l4xx_hal_cortex.o
HAL_PWREx_ConfigPVM                               build/stm32l4xx_hal_pwr_ex.o
HAL_PWREx_ControlVoltageScaling                   build/stm32l4xx_hal_pwr_ex.o
                                                  build/main.o
HAL_PWREx_DisableBatteryCharging                  build/stm32l4xx_hal_pwr_ex.o
HAL_PWREx_DisableGPIOPullDown                     build/stm32l4xx_hal_pwr_ex.o
HAL_PWREx_DisableGPIOPullUp                       build/stm32l4xx_hal_pwr_ex.o
HAL_PWREx_DisableInternalWakeUpLine               build/stm32l4xx_hal_pwr_ex.o
HAL_PWREx_DisableLowPowerRunMode                  build/stm32l4xx_hal_pwr_ex.o
                                                  build/stm32l4xx_hal_pwr.o
HAL_PWREx_DisablePVM1                             build/stm32l4xx_hal_pwr_ex.o
HAL_PWREx_DisablePVM2                             build/stm32l4xx_hal_pwr_ex.o
HAL_PWREx_DisablePVM3                             build/stm32l4xx_hal_pwr_ex.o
HAL_PWREx_DisablePVM4                             build/stm32l4xx_hal_pwr_ex.o
HAL_PWREx_DisablePullUpPullDownConfig             build/stm32l4xx_hal_pwr_ex.o
HAL_PWREx_DisableSRAM2ContentRetention            build/stm32l4xx_hal_pwr_ex.o
HAL_PWREx_DisableVddIO2                           build/stm32l4xx_hal_pwr_ex.o
HAL_PWREx_DisableVddUSB                           build/stm32l4xx_hal_pwr_ex.o
HAL_PWREx_EnableBatteryCharging                   build/stm32l4xx_hal_pwr_ex.o
HAL_PWREx_EnableGPIOPullDown                      build/stm32l4xx_hal_pwr_ex.o
HAL_PWREx_EnableGPIOPullUp                        build/stm32l4xx_hal_pwr_ex.o
HAL_PWREx_EnableInternalWakeUpLine                build/stm32l4xx_hal_pwr_ex.o
HAL_PWREx_EnableLowPowerRunMode                   build/stm32l4xx_hal_pwr_ex.o
                                                  build/stm32l4xx_hal_pwr.o
HAL_PWREx_EnablePVM1                              build/stm32l4xx_hal_pwr_ex.o
HAL_PWREx_EnablePVM2                              build/stm32l4xx_hal_pwr_ex.o
HAL_PWREx_EnablePVM3                              build/stm32l4xx_hal_pwr_ex.o
HAL_PWREx_EnablePVM4                              build/stm32l4xx_hal_pwr_ex.o
HAL_PWREx_EnablePullUpPullDownConfig              build/stm32l4xx_hal_pwr_ex.o
HAL_PWREx_EnableSRAM2ContentRetention             build/stm32l4xx_hal_pwr_ex.o
HAL_PWREx_EnableVddIO2                            build/stm32l4xx_hal_pwr_ex.o
HAL_PWREx_EnableVddUSB                            build/stm32l4xx_hal_pwr_ex.o
HAL_PWREx_EnterSHUTDOWNMode                       build/stm32l4xx_hal_pwr_ex.o
HAL_PWREx_EnterSTOP0Mode                          build/stm32l4xx_hal_pwr_ex.o
                                                  build/stm32l4xx_hal_pwr.o
HAL_PWREx_EnterSTOP1Mode                          build/stm32l4xx_hal_pwr_ex.o
                                                  build/stm32l4xx_hal_pwr.o
HAL_PWREx_EnterSTOP2Mode                          build/stm32l4xx_hal_pwr_ex.o
HAL_PWREx_GetVoltageRange                         build/stm32l4xx_hal_pwr_ex.o
                                                  build/stm32l4xx_hal_rcc.o
HAL_PWREx_PVD_PVM_IRQHandler                      build/stm32l4xx_hal_pwr_ex.o
HAL_PWREx_PVM1Callback                            build/stm32l4xx_hal_pwr_ex.o
HAL_PWREx_PVM2Callback                            build/stm32l4xx_hal_pwr_ex.o
HAL_PWREx_PVM3Callback                            build/stm32l4xx_hal_pwr_ex.o
HAL_PWREx_PVM4Callback                            build/stm32l4xx_hal_pwr_ex.o
HAL_PWREx_SetSRAM2ContentRetention                build/stm32l4xx_hal_pwr_ex.o
HAL_PWR_ConfigPVD                                 build/stm32l4xx_hal_pwr.o
HAL_PWR_DeInit                                    build/stm32l4xx_hal_pwr.o
HAL_PWR_DisableBkUpAccess                         build/stm32l4xx_hal_pwr.o
                                                  build/stm32l4xx_hal_rcc_ex.o
HAL_PWR_DisablePVD                                build/stm32l4xx_hal_pwr.o
HAL_PWR_DisableSEVOnPend                          build/stm32l4xx_hal_pwr.o
HAL_PWR_DisableSleepOnExit                        build/stm32l4xx_hal_pwr.o
HAL_PWR_DisableWakeUpPin                          build/stm32l4xx_hal_pwr.o
HAL_PWR_EnableBkUpAccess                          build/stm32l4xx_hal_pwr.o
                                                  build/stm32l4xx_hal_rcc_ex.o
HAL_PWR_EnablePVD                                 build/stm32l4xx_hal_pwr.o
HAL_PWR_EnableSEVOnPend                           build/stm32l4xx_hal_pwr.o
HAL_PWR_EnableSleepOnExit                         build/stm32l4xx_hal_pwr.o
HAL_PWR_EnableWakeUpPin                           build/stm32l4xx_hal_pwr.o
HAL_PWR_EnterSLEEPMode                            build/stm32l4xx_hal_pwr.o
HAL_PWR_EnterSTANDBYMode                          build/stm32l4xx_hal_pwr.o
HAL_PWR_EnterSTOPMode                             build/stm32l4xx_hal_pwr.o
HAL_PWR_PVDCallback                               build/stm32l4xx_hal_pwr.o
                                                  build/stm32l4xx_hal_pwr_ex.o
HAL_RCCEx_DisableLSCO                             build/stm32l4xx_hal_rcc_ex.o
HAL_RCCEx_DisableLSECSS                           build/stm32l4xx_hal_rcc_ex.o
HAL_RCCEx_DisableMSIPLLMode                       build/stm32l4xx_hal_rcc_ex.o
HAL_RCCEx_DisablePLLSAI1                          build/stm32l4xx_hal_rcc_ex.o
HAL_RCCEx_DisablePLLSAI2                          build/stm32l4xx_hal_rcc_ex.o
HAL_RCCEx_EnableLSCO                              build/stm32l4xx_hal_rcc_ex.o
HAL_RCCEx_EnableLSECSS                            build/stm32l4xx_hal_rcc_ex.o
HAL_RCCEx_EnableLSECSS_IT                         build/stm32l4xx_hal_rcc_ex.o
HAL_RCCEx_EnableMSIPLLMode                        build/stm32l4xx_hal_rcc_ex.o
HAL_RCCEx_EnablePLLSAI1                           build/stm32l4xx_hal_rcc_ex.o
HAL_RCCEx_EnablePLLSAI2                           build/stm32l4xx_hal_rcc_ex.o
HAL_RCCEx_GetPeriphCLKConfig                      build/stm32l4xx_hal_rcc_ex.o
HAL_RCCEx_GetPeriphCLKFreq                        build/stm32l4xx_hal_rcc_ex.o
HAL_RCCEx_LSECSS_Callback                         build/stm32l4xx_hal_rcc_ex.o
HAL_RCCEx_LSECSS_IRQHandler                       build/stm32l4xx_hal_rcc_ex.o
HAL_RCCEx_PeriphCLKConfig                         build/stm32l4xx_hal_rcc_ex.o
                                                  build/main.o
HAL_RCCEx_StandbyMSIRangeConfig                   build/stm32l4xx_hal_rcc_ex.o
HAL_RCCEx_WakeUpStopCLKConfig                     build/stm32l4xx_hal_rcc_ex.o
HAL_RCC_CSSCallback                               build/stm32l4xx_hal_rcc.o
HAL_RCC_ClockConfig                               build/stm32l4xx_hal_rcc.o
                                                  build/main.o
HAL_RCC_DeInit                                    build/stm32l4xx_hal_rcc.o
                                                  build/system_jump.o
HAL_RCC_EnableCSS                                 build/stm32l4xx_hal_rcc.o
HAL_RCC_GetClockConfig                            build/stm32l4xx_hal_rcc.o
HAL_RCC_GetHCLKFreq                               build/stm32l4xx_hal_rcc.o
HAL_RCC_GetOscConfig                              build/stm32l4xx_hal_rcc.o
HAL_RCC_GetPCLK1Freq                              build/stm32l4xx_hal_rcc.o
                                                  build/stm32l4xx_hal_rcc_ex.o
                                                  build/stm32l4xx_hal_uart.o
HAL_RCC_GetPCLK2Freq                              build/stm32l4xx_hal_rcc.o
                                                  build/stm32l4xx_hal_rcc_ex.o
                                                  build/stm32l4xx_hal_uart.o
HAL_RCC_GetSysClockFreq                           build/stm32l4xx_hal_rcc.o
                                                  build/stm32l4xx_hal_rcc_ex.o
                                                  build/stm32l4xx_hal_uart.o
HAL_RCC_MCOConfig                                 build/stm32l4xx_hal_rcc.o
HAL_RCC_NMI_IRQHandler                            build/stm32l4xx_hal_rcc.o
HAL_RCC_OscConfig                                 build/stm32l4xx_hal_rcc.o
                                                  build/main.o
HAL_RS485Ex_Init                                  build/stm32l4xx_hal_uart_ex.o
HAL_ResumeTick                                    build/stm32l4xx_hal.o
HAL_SYSCFG_DisableIOAnalogSwitchBooster           build/stm32l4xx_hal.o
HAL_SYSCFG_DisableMemorySwappingBank              build/stm32l4xx_hal.o
HAL_SYSCFG_DisableVREFBUF                         build/stm32l4xx_hal.o
HAL_SYSCFG_EnableIOAnalogSwitchBooster            build/stm32l4xx_hal.o
HAL_SYSCFG_EnableMemorySwappingBank               build/stm32l4xx_hal.o
HAL_SYSCFG_EnableVREFBUF                          build/stm32l4xx_hal.o
HAL_SYSCFG_SRAM2Erase                             build/stm32l4xx_hal.o
HAL_SYSCFG_VREFBUF_HighImpedanceConfig            build/stm32l4xx_hal.o
HAL_SYSCFG_VREFBUF_TrimmingConfig                 build/stm32l4xx_hal.o
HAL_SYSCFG_VREFBUF_VoltageScalingConfig           build/stm32l4xx_hal.o
HAL_SYSTICK_CLKSourceConfig                       build/stm32l4xx_hal_cortex.o
HAL_SYSTICK_Callback                              build/stm32l4xx_hal_cortex.o
HAL_SYSTICK_Config                                build/stm32l4xx_hal_cortex.o
                                                  build/stm32l4xx_hal.o
HAL_SYSTICK_IRQHandler                            build/stm32l4xx_hal_cortex.o
HAL_SetTickFreq                                   build/stm32l4xx_hal.o
HAL_SuspendTick                                   build/stm32l4xx_hal.o
HAL_UARTEx_DisableClockStopMode                   build/stm32l4xx_hal_uart_ex.o
HAL_UARTEx_DisableStopMode                        build/stm32l4xx_hal_uart_ex.o
HAL_UARTEx_EnableClockStopMode                    build/stm32l4xx_hal_uart_ex.o
HAL_UARTEx_EnableStopMode                         build/stm32l4xx_hal_uart_ex.o
HAL_UARTEx_StopModeWakeUpSourceConfig             build/stm32l4xx_hal_uart_ex.o
HAL_UARTEx_WakeupCallback                         build/stm32l4xx_hal_uart_ex.o
                                                  build/stm32l4xx_hal_uart.o
HAL_UART_Abort                                    build/stm32l4xx_hal_uart.o
HAL_UART_AbortCpltCallback                        build/stm32l4xx_hal_uart.o
HAL_UART_AbortReceive                             build/stm32l4xx_hal_uart.o
HAL_UART_AbortReceiveCpltCallback                 build/stm32l4xx_hal_uart.o
HAL_UART_AbortReceive_IT                          build/stm32l4xx_hal_uart.o
HAL_UART_AbortTransmit                            build/stm32l4xx_hal_uart.o
HAL_UART_AbortTransmitCpltCallback                build/stm32l4xx_hal_uart.o
HAL_UART_AbortTransmit_IT                         build/stm32l4xx_hal_uart.o
HAL_UART_Abort_IT                                 build/stm32l4xx_hal_uart.o
HAL_UART_DMAPause                                 build/stm32l4xx_hal_uart.o
HAL_UART_DMAResume                                build/stm32l4xx_hal_uart.o
HAL_UART_DMAStop                                  build/stm32l4xx_hal_uart.o
HAL_UART_DeInit                                   build/stm32l4xx_hal_uart.o
HAL_UART_DisableReceiverTimeout                   build/stm32l4xx_hal_uart.o
HAL_UART_EnableReceiverTimeout                    build/stm32l4xx_hal_uart.o
HAL_UART_ErrorCallback                            build/stm32l4xx_hal_uart.o
HAL_UART_GetError                                 build/stm32l4xx_hal_uart.o
HAL_UART_GetState                                 build/stm32l4xx_hal_uart.o
HAL_UART_IRQHandler                               build/stm32l4xx_hal_uart.o
HAL_UART_Init                                     build/stm32l4xx_hal_uart.o
                                                  build/main.o
HAL_UART_MspDeInit                                build/stm32l4xx_hal_msp.o
HAL_UART_MspInit                                  build/stm32l4xx_hal_msp.o
                                                  build/stm32l4xx_hal_uart_ex.o
HAL_UART_Receive                                  build/stm32l4xx_hal_uart.o
HAL_UART_Receive_DMA                              build/stm32l4xx_hal_uart.o
HAL_UART_Receive_IT                               build/stm32l4xx_hal_uart.o
HAL_UART_ReceiverTimeout_Config                   build/stm32l4xx_hal_uart.o
HAL_UART_RxCpltCallback                           build/stm32l4xx_hal_uart.o
HAL_UART_RxHalfCpltCallback                       build/stm32l4xx_hal_uart.o
HAL_UART_Transmit                                 build/stm32l4xx_hal_uart.o
                                                  build/main.o
HAL_UART_Transmit_DMA                             build/stm32l4xx_hal_uart.o
HAL_UART_Transmit_IT                              build/stm32l4xx_hal_uart.o
HAL_UART_TxCpltCallback                           build/stm32l4xx_hal_uart.o
HAL_UART_TxHalfCpltCallback                       build/stm32l4xx_hal_uart.o
HardFault_Handler                                 build/stm32l4xx_it.o
I2C1_ER_IRQHandler                                build/startup_stm32l476xx.o
I2C1_EV_IRQHandler                                build/startup_stm32l476xx.o
I2C2_ER_IRQHandler                                build/startup_stm32l476xx.o
I2C2_EV_IRQHandler                                build/startup_stm32l476xx.o
I2C3_ER_IRQHandler                                build/startup_stm32l476xx.o
I2C3_EV_IRQHandler                                build/startup_stm32l476xx.o
InitMetaDataManager                               build/MetaDataManager.o
                                                  build/main.o
LCD_IRQHandler                                    build/startup_stm32l476xx.o
LPTIM1_IRQHandler                                 build/startup_stm32l476xx.o
LPTIM2_IRQHandler                                 build/startup_stm32l476xx.o
LPUART1_IRQHandler                                build/startup_stm32l476xx.o
MDM_GMDTable                                      build/MetaDataManager.o
MDM_LicTable                                      build/MetaDataManager.o
MDM_LicenseParsing                                build/MetaDataManager.o
MDM_ReCallGMD                                     build/MetaDataManager.o
                                                  build/main.o
MDM_SaveGMD                                       build/MetaDataManager.o
                                                  build/main.o
MSIRangeTable                                     build/system_stm32l4xx.o
                                                  build/stm32l4xx_hal_rcc_ex.o
                                                  build/stm32l4xx_hal_rcc.o
MemManage_Handler                                 build/stm32l4xx_it.o
MetaDataLicenseStatus                             build/MetaDataManager.o
NMI_Handler                                       build/stm32l4xx_it.o
NecessityToSaveMetaDataManager                    build/MetaDataManager.o
                                                  build/main.o
NodeName                                          build/main.o
OTG_FS_IRQHandler                                 build/startup_stm32l476xx.o
PVD_PVM_IRQHandler                                build/startup_stm32l476xx.o
PendSV_Handler                                    build/stm32l4xx_it.o
QUADSPI_IRQHandler                                build/startup_stm32l476xx.o
RCC_IRQHandler                                    build/startup_stm32l476xx.o
RNG_IRQHandler                                    build/startup_stm32l476xx.o
RTC_Alarm_IRQHandler                              build/startup_stm32l476xx.o
RTC_WKUP_IRQHandler                               build/startup_stm32l476xx.o
ReCallActiveAppAddrFromMemory                     build/main.o
ReseMetaDataManager                               build/MetaDataManager.o
Reset_Handler                                     build/startup_stm32l476xx.o
SAI1_IRQHandler                                   build/startup_stm32l476xx.o
SAI2_IRQHandler                                   build/startup_stm32l476xx.o
SDMMC1_IRQHandler                                 build/startup_stm32l476xx.o
SPI1_IRQHandler                                   build/startup_stm32l476xx.o
SPI2_IRQHandler                                   build/startup_stm32l476xx.o
SPI3_IRQHandler                                   build/startup_stm32l476xx.o
SVC_Handler                                       build/stm32l4xx_it.o
SWPMI1_IRQHandler                                 build/startup_stm32l476xx.o
SaveActiveApp                                     build/main.o
SaveMetaDataManager                               build/MetaDataManager.o
SaveNodeName                                      build/main.o
SysTick_Handler                                   build/stm32l4xx_it.o
SystemAppJump                                     build/system_jump.o
SystemClock_Config                                build/main.o
SystemCoreClock                                   build/system_stm32l4xx.o
                                                  build/stm32l4xx_hal_pwr_ex.o
                                                  build/stm32l4xx_hal_rcc.o
                                                  build/stm32l4xx_hal.o
SystemCoreClockUpdate                             build/system_stm32l4xx.o
SystemInit                                        build/system_stm32l4xx.o
                                                  build/startup_stm32l476xx.o
TAMP_STAMP_IRQHandler                             build/startup_stm32l476xx.o
TIM1_BRK_TIM15_IRQHandler                         build/startup_stm32l476xx.o
TIM1_CC_IRQHandler                                build/startup_stm32l476xx.o
TIM1_TRG_COM_TIM17_IRQHandler                     build/startup_stm32l476xx.o
TIM1_UP_TIM16_IRQHandler                          build/startup_stm32l476xx.o
TIM2_IRQHandler                                   build/startup_stm32l476xx.o
TIM3_IRQHandler                                   build/startup_stm32l476xx.o
TIM4_IRQHandler                                   build/startup_stm32l476xx.o
TIM5_IRQHandler                                   build/startup_stm32l476xx.o
TIM6_DAC_IRQHandler                               build/startup_stm32l476xx.o
TIM7_IRQHandler                                   build/startup_stm32l476xx.o
TIM8_BRK_IRQHandler                               build/startup_stm32l476xx.o
TIM8_CC_IRQHandler                                build/startup_stm32l476xx.o
TIM8_TRG_COM_IRQHandler                           build/startup_stm32l476xx.o
TIM8_UP_IRQHandler                                build/startup_stm32l476xx.o
TSC_IRQHandler                                    build/startup_stm32l476xx.o