Archive member included to satisfy reference by file (symbol)

/usr/local/Cellar/gcc-arm-none-eabi/20180627/bin/../lib/gcc/arm-none-eabi/7.3.1/../../../../arm-none-eabi/lib/thumb/v7e-m/fpv4-sp/hard/libc_nano.a(lib_a-exit.o)
                              /usr/local/Cellar/gcc-arm-none-eabi/20180627/bin/../lib/gcc/arm-none-eabi/7.3.1/../../../../arm-none-eabi/lib/thumb/v7e-m/fpv4-sp/hard/crt0.o (exit)
/usr/local/Cellar/gcc-arm-none-eabi/20180627/bin/../lib/gcc/arm-none-eabi/7.3.1/../../../../arm-none-eabi/lib/thumb/v7e-m/fpv4-sp/hard/libc_nano.a(lib_a-impure.o)
                              /usr/local/Cellar/gcc-arm-none-eabi/20180627/bin/../lib/gcc/arm-none-eabi/7.3.1/../../../../arm-none-eabi/lib/thumb/v7e-m/fpv4-sp/hard/libc_nano.a(lib_a-exit.o) (_global_impure_ptr)
/usr/local/Cellar/gcc-arm-none-eabi/20180627/bin/../lib/gcc/arm-none-eabi/7.3.1/../../../../arm-none-eabi/lib/thumb/v7e-m/fpv4-sp/hard/libc_nano.a(lib_a-init.o)
                              /usr/local/Cellar/gcc-arm-none-eabi/20180627/bin/../lib/gcc/arm-none-eabi/7.3.1/../../../../arm-none-eabi/lib/thumb/v7e-m/fpv4-sp/hard/crt0.o (__libc_init_array)
/usr/local/Cellar/gcc-arm-none-eabi/20180627/bin/../lib/gcc/arm-none-eabi/7.3.1/../../../../arm-none-eabi/lib/thumb/v7e-m/fpv4-sp/hard/libc_nano.a(lib_a-memcmp.o)
                              build/usbd_cdc_if.o (memcmp)
/usr/local/Cellar/gcc-arm-none-eabi/20180627/bin/../lib/gcc/arm-none-eabi/7.3.1/../../../../arm-none-eabi/lib/thumb/v7e-m/fpv4-sp/hard/libc_nano.a(lib_a-memset.o)
                              /usr/local/Cellar/gcc-arm-none-eabi/20180627/bin/../lib/gcc/arm-none-eabi/7.3.1/../../../../arm-none-eabi/lib/thumb/v7e-m/fpv4-sp/hard/crt0.o (memset)
/usr/local/Cellar/gcc-arm-none-eabi/20180627/bin/../lib/gcc/arm-none-eabi/7.3.1/../../../../arm-none-eabi/lib/thumb/v7e-m/fpv4-sp/hard/libc_nano.a(lib_a-sprintf.o)
                              build/usbd_cdc_if.o (sprintf)
/usr/local/Cellar/gcc-arm-none-eabi/20180627/bin/../lib/gcc/arm-none-eabi/7.3.1/../../../../arm-none-eabi/lib/thumb/v7e-m/fpv4-sp/hard/libc_nano.a(lib_a-nano-svfprintf.o)
                              /usr/local/Cellar/gcc-arm-none-eabi/20180627/bin/../lib/gcc/arm-none-eabi/7.3.1/../../../../arm-none-eabi/lib/thumb/v7e-m/fpv4-sp/hard/libc_nano.a(lib_a-sprintf.o) (_svfprintf_r)
/usr/local/Cellar/gcc-arm-none-eabi/20180627/bin/../lib/gcc/arm-none-eabi/7.3.1/../../../../arm-none-eabi/lib/thumb/v7e-m/fpv4-sp/hard/libc_nano.a(lib_a-nano-vfprintf_i.o)
                              /usr/local/Cellar/gcc-arm-none-eabi/20180627/bin/../lib/gcc/arm-none-eabi/7.3.1/../../../../arm-none-eabi/lib/thumb/v7e-m/fpv4-sp/hard/libc_nano.a(lib_a-nano-svfprintf.o) (_printf_i)
/usr/local/Cellar/gcc-arm-none-eabi/20180627/bin/../lib/gcc/arm-none-eabi/7.3.1/../../../../arm-none-eabi/lib/thumb/v7e-m/fpv4-sp/hard/libc_nano.a(lib_a-memchr.o)
                              /usr/local/Cellar/gcc-arm-none-eabi/20180627/bin/../lib/gcc/arm-none-eabi/7.3.1/../../../../arm-none-eabi/lib/thumb/v7e-m/fpv4-sp/hard/libc_nano.a(lib_a-nano-svfprintf.o) (memchr)
/usr/local/Cellar/gcc-arm-none-eabi/20180627/bin/../lib/gcc/arm-none-eabi/7.3.1/../../../../arm-none-eabi/lib/thumb/v7e-m/fpv4-sp/hard/libc_nano.a(lib_a-memcpy-stub.o)
                              /usr/local/Cellar/gcc-arm-none-eabi/20180627/bin/../lib/gcc/arm-none-eabi/7.3.1/../../../../arm-none-eabi/lib/thumb/v7e-m/fpv4-sp/hard/libc_nano.a(lib_a-nano-svfprintf.o) (memcpy)
/usr/local/Cellar/gcc-arm-none-eabi/20180627/bin/../lib/gcc/arm-none-eabi/7.3.1/../../../../arm-none-eabi/lib/thumb/v7e-m/fpv4-sp/hard/libc_nano.a(lib_a-memmove.o)
                              /usr/local/Cellar/gcc-arm-none-eabi/20180627/bin/../lib/gcc/arm-none-eabi/7.3.1/../../../../arm-none-eabi/lib/thumb/v7e-m/fpv4-sp/hard/libc_nano.a(lib_a-nano-svfprintf.o) (memmove)
/usr/local/Cellar/gcc-arm-none-eabi/20180627/bin/../lib/gcc/arm-none-eabi/7.3.1/../../../../arm-none-eabi/lib/thumb/v7e-m/fpv4-sp/hard/libc_nano.a(lib_a-nano-freer.o)
                              /usr/local/Cellar/gcc-arm-none-eabi/20180627/bin/../lib/gcc/arm-none-eabi/7.3.1/../../../../arm-none-eabi/lib/thumb/v7e-m/fpv4-sp/hard/libc_nano.a(lib_a-nano-svfprintf.o) (_free_r)
/usr/local/Cellar/gcc-arm-none-eabi/20180627/bin/../lib/gcc/arm-none-eabi/7.3.1/../../../../arm-none-eabi/lib/thumb/v7e-m/fpv4-sp/hard/libc_nano.a(lib_a-nano-mallocr.o)
                              /usr/local/Cellar/gcc-arm-none-eabi/20180627/bin/../lib/gcc/arm-none-eabi/7.3.1/../../../../arm-none-eabi/lib/thumb/v7e-m/fpv4-sp/hard/libc_nano.a(lib_a-nano-svfprintf.o) (_malloc_r)
/usr/local/Cellar/gcc-arm-none-eabi/20180627/bin/../lib/gcc/arm-none-eabi/7.3.1/../../../../arm-none-eabi/lib/thumb/v7e-m/fpv4-sp/hard/libc_nano.a(lib_a-nano-reallocr.o)
                              /usr/local/Cellar/gcc-arm-none-eabi/20180627/bin/../lib/gcc/arm-none-eabi/7.3.1/../../../../arm-none-eabi/lib/thumb/v7e-m/fpv4-sp/hard/libc_nano.a(lib_a-nano-svfprintf.o) (_realloc_r)
[...]
Memory Configuration

Name             Origin             Length             Attributes
RAM              0x0000000020000000 0x0000000000018000 xrw
RAM2             0x0000000010000000 0x0000000000008000 xrw
FLASH            0x0000000008008000 0x0000000000078000 xr
*default*        0x0000000000000000 0xffffffffffffffff

Linker script and memory map

LOAD /usr/local/Cellar/gcc-arm-none-eabi/20180627/bin/../lib/gcc/arm-none-eabi/7.3.1/thumb/v7e-m/fpv4-sp/hard/crti.o
LOAD /usr/local/Cellar/gcc-arm-none-eabi/20180627/bin/../lib/gcc/arm-none-eabi/7.3.1/thumb/v7e-m/fpv4-sp/hard/crtbegin.o
LOAD /usr/local/Cellar/gcc-arm-none-eabi/20180627/bin/../lib/gcc/arm-none-eabi/7.3.1/../../../../arm-none-eabi/lib/thumb/v7e-m/fpv4-sp/hard/crt0.o
LOAD build/main.o
LOAD build/usb_device.o
LOAD build/usbd_conf.o
LOAD build/usbd_desc.o
LOAD build/usbd_cdc_if.o
LOAD build/flash_firmware.o
LOAD build/system_jump.o
LOAD build/stm32l4xx_it.o
LOAD build/stm32l4xx_hal_msp.o
LOAD build/stm32l4xx_hal_pcd.o
LOAD build/stm32l4xx_hal_pcd_ex.o
LOAD build/stm32l4xx_ll_usb.o
LOAD build/stm32l4xx_hal.o
LOAD build/stm32l4xx_hal_i2c.o
LOAD build/stm32l4xx_hal_i2c_ex.o
LOAD build/stm32l4xx_hal_rcc.o
LOAD build/stm32l4xx_hal_rcc_ex.o
LOAD build/stm32l4xx_hal_flash.o
LOAD build/stm32l4xx_hal_flash_ex.o
LOAD build/stm32l4xx_hal_flash_ramfunc.o
LOAD build/stm32l4xx_hal_gpio.o
LOAD build/stm32l4xx_hal_dma.o
LOAD build/stm32l4xx_hal_dma_ex.o
LOAD build/stm32l4xx_hal_pwr.o
LOAD build/stm32l4xx_hal_pwr_ex.o
LOAD build/stm32l4xx_hal_cortex.o
LOAD build/stm32l4xx_hal_exti.o
LOAD build/stm32l4xx_hal_tim.o
LOAD build/stm32l4xx_hal_tim_ex.o
LOAD build/stm32l4xx_hal_uart.o
LOAD build/stm32l4xx_hal_uart_ex.o
LOAD build/system_stm32l4xx.o
LOAD build/usbd_core.o
LOAD build/usbd_ctlreq.o
LOAD build/usbd_ioreq.o
LOAD build/usbd_cdc.o
LOAD build/startup_stm32l476xx.o
LOAD /usr/local/Cellar/gcc-arm-none-eabi/20180627/bin/../lib/gcc/arm-none-eabi/7.3.1/../../../../arm-none-eabi/lib/thumb/v7e-m/fpv4-sp/hard/libc_nano.a
LOAD /usr/local/Cellar/gcc-arm-none-eabi/20180627/bin/../lib/gcc/arm-none-eabi/7.3.1/../../../../arm-none-eabi/lib/thumb/v7e-m/fpv4-sp/hard/libm.a
LOAD /usr/local/Cellar/gcc-arm-none-eabi/20180627/bin/../lib/gcc/arm-none-eabi/7.3.1/../../../../arm-none-eabi/lib/thumb/v7e-m/fpv4-sp/hard/libnosys.a
START GROUP
LOAD /usr/local/Cellar/gcc-arm-none-eabi/20180627/bin/../lib/gcc/arm-none-eabi/7.3.1/thumb/v7e-m/fpv4-sp/hard/libgcc.a
LOAD /usr/local/Cellar/gcc-arm-none-eabi/20180627/bin/../lib/gcc/arm-none-eabi/7.3.1/../../../../arm-none-eabi/lib/thumb/v7e-m/fpv4-sp/hard/libc_nano.a
END GROUP
START GROUP
LOAD /usr/local/Cellar/gcc-arm-none-eabi/20180627/bin/../lib/gcc/arm-none-eabi/7.3.1/thumb/v7e-m/fpv4-sp/hard/libgcc.a
LOAD /usr/local/Cellar/gcc-arm-none-eabi/20180627/bin/../lib/gcc/arm-none-eabi/7.3.1/../../../../arm-none-eabi/lib/thumb/v7e-m/fpv4-sp/hard/libc_nano.a
END GROUP
LOAD /usr/local/Cellar/gcc-arm-none-eabi/20180627/bin/../lib/gcc/arm-none-eabi/7.3.1/thumb/v7e-m/fpv4-sp/hard/crtend.o
LOAD /usr/local/Cellar/gcc-arm-none-eabi/20180627/bin/../lib/gcc/arm-none-eabi/7.3.1/thumb/v7e-m/fpv4-sp/hard/crtn.o
                0x0000000020018000                _estack = 0x20018000
                0x0000000000000200                _Min_Heap_Size = 0x200
                0x0000000000000400                _Min_Stack_Size = 0x400

.isr_vector     0x0000000008008000      0x188
                0x0000000008008000                . = ALIGN (0x8)
 *(.isr_vector)
 .isr_vector    0x0000000008008000      0x188 build/startup_stm32l476xx.o
                0x0000000008008000                g_pfnVectors
                0x0000000008008188                . = ALIGN (0x8)

.text           0x0000000008008190     0x5a90
                0x0000000008008190                . = ALIGN (0x8)
 *(.text)
 .text          0x0000000008008190       0x40 /usr/local/Cellar/gcc-arm-none-eabi/20180627/bin/../lib/gcc/arm-none-eabi/7.3.1/thumb/v7e-m/fpv4-sp/hard/crtbegin.o
 .text          0x00000000080081d0       0xa0 /usr/local/Cellar/gcc-arm-none-eabi/20180627/bin/../lib/gcc/arm-none-eabi/7.3.1/../../../../arm-none-eabi/lib/thumb/v7e-m/fpv4-sp/hard/libc_nano.a(lib_a-memchr.o)
                0x00000000080081d0                memchr
 .text          0x0000000008008270       0x30 /usr/local/Cellar/gcc-arm-none-eabi/20180627/bin/../lib/gcc/arm-none-eabi/7.3.1/thumb/v7e-m/fpv4-sp/hard/libgcc.a(_aeabi_uldivmod.o)
                0x0000000008008270                __aeabi_uldivmod
 .text          0x00000000080082a0      0x2cc /usr/local/Cellar/gcc-arm-none-eabi/20180627/bin/../lib/gcc/arm-none-eabi/7.3.1/thumb/v7e-m/fpv4-sp/hard/libgcc.a(_udivmoddi4.o)
                0x00000000080082a0                __udivmoddi4
 .text          0x000000000800856c        0x4 /usr/local/Cellar/gcc-arm-none-eabi/20180627/bin/../lib/gcc/arm-none-eabi/7.3.1/thumb/v7e-m/fpv4-sp/hard/libgcc.a(_dvmd_tls.o)
                0x000000000800856c                __aeabi_ldiv0
                0x000000000800856c                __aeabi_idiv0
 *(.text*)
 .text.MX_GPIO_Init
                0x0000000008008570       0xa0 build/main.o
 .text.MX_USART2_UART_Init
                0x0000000008008610       0x30 build/main.o
 .text.SystemClock_Config
                0x0000000008008640       0xb4 build/main.o
                0x0000000008008640                SystemClock_Config
 .text.main     0x00000000080086f4       0x3c build/main.o
                0x00000000080086f4                main
 .text.Error_Handler
                0x0000000008008730        0x2 build/main.o
                0x0000000008008730                Error_Handler
 *fill*         0x0000000008008732        0x2 
 .text.MX_USB_DEVICE_Init
                0x0000000008008734       0x54 build/usb_device.o
                0x0000000008008734                MX_USB_DEVICE_Init
 .text.USB_DeInit
                0x0000000008008788       0x10 build/usb_device.o
                0x0000000008008788                USB_DeInit
 .text.SystemClockConfig_Resume
                0x0000000008008798        0x8 build/usbd_conf.o
 .text.HAL_PCD_MspInit
                0x00000000080087a0       0xa0 build/usbd_conf.o
                0x00000000080087a0                HAL_PCD_MspInit
 .text.HAL_PCD_SetupStageCallback
                0x0000000008008840       0x10 build/usbd_conf.o
                0x0000000008008840                HAL_PCD_SetupStageCallback
 .text.HAL_PCD_DataOutStageCallback
                0x0000000008008850       0x18 build/usbd_conf.o
                0x0000000008008850                HAL_PCD_DataOutStageCallback
 .text.HAL_PCD_DataInStageCallback
                0x0000000008008868       0x16 build/usbd_conf.o
                0x0000000008008868                HAL_PCD_DataInStageCallback
 .text.HAL_PCD_SOFCallback
                0x000000000800887e        0xc build/usbd_conf.o
                0x000000000800887e                HAL_PCD_SOFCallback
 .text.HAL_PCD_ResetCallback
                0x000000000800888a       0x22 build/usbd_conf.o
                0x000000000800888a                HAL_PCD_ResetCallback
 .text.HAL_PCD_SuspendCallback
                0x00000000080088ac       0x30 build/usbd_conf.o
                0x00000000080088ac                HAL_PCD_SuspendCallback
 .text.HAL_PCD_ResumeCallback
                0x00000000080088dc       0x34 build/usbd_conf.o
                0x00000000080088dc                HAL_PCD_ResumeCallback
 .text.HAL_PCD_ISOOUTIncompleteCallback
                0x0000000008008910        0xc build/usbd_conf.o
                0x0000000008008910                HAL_PCD_ISOOUTIncompleteCallback
 .text.HAL_PCD_ISOINIncompleteCallback
                0x000000000800891c        0xc build/usbd_conf.o
                0x000000000800891c                HAL_PCD_ISOINIncompleteCallback
 .text.HAL_PCD_ConnectCallback
                0x0000000008008928        0xc build/usbd_conf.o
                0x0000000008008928                HAL_PCD_ConnectCallback
 .text.HAL_PCD_DisconnectCallback
                0x0000000008008934        0xc build/usbd_conf.o
                0x0000000008008934                HAL_PCD_DisconnectCallback
 .text.USBD_LL_Init
                0x0000000008008940       0x68 build/usbd_conf.o
                0x0000000008008940                USBD_LL_Init
 .text.USBD_LL_Start
                0x00000000080089a8       0x1c build/usbd_conf.o
                0x00000000080089a8                USBD_LL_Start
 .text.USBD_LL_Stop
                0x00000000080089c4       0x1c build/usbd_conf.o
                0x00000000080089c4                USBD_LL_Stop
 .text.USBD_LL_OpenEP
                0x00000000080089e0       0x22 build/usbd_conf.o
                0x00000000080089e0                USBD_LL_OpenEP
 .text.USBD_LL_CloseEP
                0x0000000008008a02       0x1c build/usbd_conf.o
                0x0000000008008a02                USBD_LL_CloseEP
 .text.USBD_LL_StallEP
                0x0000000008008a1e       0x1c build/usbd_conf.o
                0x0000000008008a1e                USBD_LL_StallEP
 .text.USBD_LL_ClearStallEP
                0x0000000008008a3a       0x1c build/usbd_conf.o
                0x0000000008008a3a                USBD_LL_ClearStallEP
 .text.USBD_LL_IsStallEP
                0x0000000008008a56       0x2e build/usbd_conf.o
                0x0000000008008a56                USBD_LL_IsStallEP
 .text.USBD_LL_SetUSBAddress
                0x0000000008008a84       0x1c build/usbd_conf.o
                0x0000000008008a84                USBD_LL_SetUSBAddress
 .text.USBD_LL_Transmit
                0x0000000008008aa0       0x1c build/usbd_conf.o
                0x0000000008008aa0                USBD_LL_Transmit
 .text.USBD_LL_PrepareReceive
                0x0000000008008abc       0x1c build/usbd_conf.o
                0x0000000008008abc                USBD_LL_PrepareReceive
 .text.USBD_LL_GetRxDataSize
                0x0000000008008ad8        0xc build/usbd_conf.o
                0x0000000008008ad8                USBD_LL_GetRxDataSize
 .text.HAL_PCDEx_LPM_Callback
                0x0000000008008ae4       0x64 build/usbd_conf.o
                0x0000000008008ae4                HAL_PCDEx_LPM_Callback
 .text.USBD_static_malloc
                0x0000000008008b48        0x8 build/usbd_conf.o
                0x0000000008008b48                USBD_static_malloc
 .text.USBD_static_free
                0x0000000008008b50        0x2 build/usbd_conf.o
                0x0000000008008b50                USBD_static_free
 *fill*         0x0000000008008b52        0x2 
 .text.USBD_FS_DeviceDescriptor
                0x0000000008008b54        0xc build/usbd_desc.o
                0x0000000008008b54                USBD_FS_DeviceDescriptor
 .text.USBD_FS_LangIDStrDescriptor
                0x0000000008008b60        0xc build/usbd_desc.o
                0x0000000008008b60                USBD_FS_LangIDStrDescriptor
 .text.USBD_FS_USR_BOSDescriptor
                0x0000000008008b6c        0xc build/usbd_desc.o
                0x0000000008008b6c                USBD_FS_USR_BOSDescriptor
 .text.IntToUnicode
                0x0000000008008b78       0x36 build/usbd_desc.o
 *fill*         0x0000000008008bae        0x2 
 .text.Get_SerialNum
                0x0000000008008bb0       0x34 build/usbd_desc.o
 .text.USBD_FS_SerialStrDescriptor
                0x0000000008008be4       0x14 build/usbd_desc.o
                0x0000000008008be4                USBD_FS_SerialStrDescriptor
 .text.USBD_FS_ProductStrDescriptor
                0x0000000008008bf8       0x24 build/usbd_desc.o
                0x0000000008008bf8                USBD_FS_ProductStrDescriptor
 .text.USBD_FS_ManufacturerStrDescriptor
                0x0000000008008c1c       0x1c build/usbd_desc.o
                0x0000000008008c1c                USBD_FS_ManufacturerStrDescriptor
 .text.USBD_FS_ConfigStrDescriptor
                0x0000000008008c38       0x24 build/usbd_desc.o
                0x0000000008008c38                USBD_FS_ConfigStrDescriptor
 .text.USBD_FS_InterfaceStrDescriptor
                0x0000000008008c5c       0x24 build/usbd_desc.o
                0x0000000008008c5c                USBD_FS_InterfaceStrDescriptor
 .text.CDC_DeInit_FS
                0x0000000008008c80        0x4 build/usbd_cdc_if.o
 .text.CDC_Control_FS
                0x0000000008008c84        0x4 build/usbd_cdc_if.o
 .text.CDC_Init_FS
                0x0000000008008c88       0x28 build/usbd_cdc_if.o
 .text.CDC_Transmit_FS
                0x0000000008008cb0       0x2c build/usbd_cdc_if.o
                0x0000000008008cb0                CDC_Transmit_FS
 .text.CDC_Receive_FS
                0x0000000008008cdc      0x190 build/usbd_cdc_if.o
 .text.Save_Rec_FW
                0x0000000008008e6c       0xf4 build/flash_firmware.o
                0x0000000008008e6c                Save_Rec_FW
 .text.SystemAppJump
                0x0000000008008f60       0x5c build/system_jump.o
                0x0000000008008f60                SystemAppJump
 .text.NMI_Handler
                0x0000000008008fbc        0x2 build/stm32l4xx_it.o
                0x0000000008008fbc                NMI_Handler
 .text.HardFault_Handler
                0x0000000008008fbe        0x2 build/stm32l4xx_it.o
                0x0000000008008fbe                HardFault_Handler
 .text.MemManage_Handler
                0x0000000008008fc0        0x2 build/stm32l4xx_it.o
                0x0000000008008fc0                MemManage_Handler
 .text.BusFault_Handler
                0x0000000008008fc2        0x2 build/stm32l4xx_it.o
                0x0000000008008fc2                BusFault_Handler
 .text.UsageFault_Handler
                0x0000000008008fc4        0x2 build/stm32l4xx_it.o
                0x0000000008008fc4                UsageFault_Handler
 .text.SVC_Handler
                0x0000000008008fc6        0x2 build/stm32l4xx_it.o
                0x0000000008008fc6                SVC_Handler
 .text.DebugMon_Handler
                0x0000000008008fc8        0x2 build/stm32l4xx_it.o
                0x0000000008008fc8                DebugMon_Handler
 .text.PendSV_Handler
                0x0000000008008fca        0x2 build/stm32l4xx_it.o
                0x0000000008008fca                PendSV_Handler
 .text.SysTick_Handler
                0x0000000008008fcc        0x8 build/stm32l4xx_it.o
                0x0000000008008fcc                SysTick_Handler
 .text.OTG_FS_IRQHandler
                0x0000000008008fd4       0x10 build/stm32l4xx_it.o
                0x0000000008008fd4                OTG_FS_IRQHandler
 .text.HAL_MspInit
                0x0000000008008fe4       0x30 build/stm32l4xx_hal_msp.o
                0x0000000008008fe4                HAL_MspInit
 .text.HAL_UART_MspInit
                0x0000000008009014       0x68 build/stm32l4xx_hal_msp.o
                0x0000000008009014                HAL_UART_MspInit
 .text.PCD_WriteEmptyTxFifo
                0x000000000800907c       0xcc build/stm32l4xx_hal_pcd.o
 .text.HAL_PCD_Init
                0x0000000008009148      0x130 build/stm32l4xx_hal_pcd.o
                0x0000000008009148                HAL_PCD_Init
 .text.HAL_PCD_Start
                0x0000000008009278       0x3c build/stm32l4xx_hal_pcd.o
                0x0000000008009278                HAL_PCD_Start
 .text.HAL_PCD_Stop
                0x00000000080092b4       0x40 build/stm32l4xx_hal_pcd.o
                0x00000000080092b4                HAL_PCD_Stop
 .text.PCD_EP_OutXfrComplete_int
                0x00000000080092f4       0x44 build/stm32l4xx_hal_pcd.o
 .text.PCD_EP_OutSetupPacket_int
                0x0000000008009338       0x30 build/stm32l4xx_hal_pcd.o
 .text.HAL_PCD_IRQHandler
                0x0000000008009368      0x4b0 build/stm32l4xx_hal_pcd.o
                0x0000000008009368                HAL_PCD_IRQHandler
 .text.HAL_PCD_SetAddress
                0x0000000008009818       0x28 build/stm32l4xx_hal_pcd.o
                0x0000000008009818                HAL_PCD_SetAddress
 .text.HAL_PCD_EP_Open
                0x0000000008009840       0x82 build/stm32l4xx_hal_pcd.o
                0x0000000008009840                HAL_PCD_EP_Open
 .text.HAL_PCD_EP_Close
                0x00000000080098c2       0x6e build/stm32l4xx_hal_pcd.o
                0x00000000080098c2                HAL_PCD_EP_Close
 .text.HAL_PCD_EP_Receive
                0x0000000008009930       0x44 build/stm32l4xx_hal_pcd.o
                0x0000000008009930                HAL_PCD_EP_Receive
 .text.HAL_PCD_EP_GetRxCount
                0x0000000008009974       0x12 build/stm32l4xx_hal_pcd.o
                0x0000000008009974                HAL_PCD_EP_GetRxCount
 .text.HAL_PCD_EP_Transmit
                0x0000000008009986       0x3e build/stm32l4xx_hal_pcd.o
                0x0000000008009986                HAL_PCD_EP_Transmit
 .text.HAL_PCD_EP_SetStall
                0x00000000080099c4       0x80 build/stm32l4xx_hal_pcd.o
                0x00000000080099c4                HAL_PCD_EP_SetStall
 .text.HAL_PCD_EP_ClrStall
                0x0000000008009a44       0x6e build/stm32l4xx_hal_pcd.o
                0x0000000008009a44                HAL_PCD_EP_ClrStall
 .text.HAL_PCDEx_SetTxFiFo
                0x0000000008009ab2       0x48 build/stm32l4xx_hal_pcd_ex.o
                0x0000000008009ab2                HAL_PCDEx_SetTxFiFo
 .text.HAL_PCDEx_SetRxFiFo
                0x0000000008009afa        0x8 build/stm32l4xx_hal_pcd_ex.o
                0x0000000008009afa                HAL_PCDEx_SetRxFiFo
 .text.HAL_PCDEx_ActivateLPM
                0x0000000008009b02       0x26 build/stm32l4xx_hal_pcd_ex.o
                0x0000000008009b02                HAL_PCDEx_ActivateLPM
 .text.USB_CoreReset
                0x0000000008009b28       0x3c build/stm32l4xx_ll_usb.o
 .text.USB_CoreInit
                0x0000000008009b64       0x72 build/stm32l4xx_ll_usb.o
                0x0000000008009b64                USB_CoreInit
 *fill*         0x0000000008009bd6        0x2 
 .text.USB_SetTurnaroundTime
                0x0000000008009bd8       0xec build/stm32l4xx_ll_usb.o
                0x0000000008009bd8                USB_SetTurnaroundTime
 .text.USB_EnableGlobalInt
                0x0000000008009cc4        0xc build/stm32l4xx_ll_usb.o
                0x0000000008009cc4                USB_EnableGlobalInt
 .text.USB_DisableGlobalInt
                0x0000000008009cd0        0xc build/stm32l4xx_ll_usb.o
                0x0000000008009cd0                USB_DisableGlobalInt
 .text.USB_SetCurrentMode
                0x0000000008009cdc       0x30 build/stm32l4xx_ll_usb.o
                0x0000000008009cdc                USB_SetCurrentMode
 .text.USB_FlushTxFifo
                0x0000000008009d0c       0x28 build/stm32l4xx_ll_usb.o
                0x0000000008009d0c                USB_FlushTxFifo
 .text.USB_FlushRxFifo
                0x0000000008009d34       0x24 build/stm32l4xx_ll_usb.o
                0x0000000008009d34                USB_FlushRxFifo
 .text.USB_SetDevSpeed
                0x0000000008009d58        0xe build/stm32l4xx_ll_usb.o
                0x0000000008009d58                USB_SetDevSpeed
 *fill*         0x0000000008009d66        0x2 
 .text.USB_DevInit
                0x0000000008009d68      0x168 build/stm32l4xx_ll_usb.o
                0x0000000008009d68                USB_DevInit
 .text.USB_GetDevSpeed
                0x0000000008009ed0       0x1c build/stm32l4xx_ll_usb.o
                0x0000000008009ed0                USB_GetDevSpeed
 .text.USB_ActivateEndpoint
                0x0000000008009eec       0x94 build/stm32l4xx_ll_usb.o
                0x0000000008009eec                USB_ActivateEndpoint
 .text.USB_DeactivateEndpoint
                0x0000000008009f80       0xdc build/stm32l4xx_ll_usb.o
                0x0000000008009f80                USB_DeactivateEndpoint
 .text.USB_EP0StartXfer
                0x000000000800a05c       0xec build/stm32l4xx_ll_usb.o
                0x000000000800a05c                USB_EP0StartXfer
 .text.USB_WritePacket
                0x000000000800a148       0x24 build/stm32l4xx_ll_usb.o
                0x000000000800a148                USB_WritePacket
 .text.USB_EPStartXfer
                0x000000000800a16c      0x1a8 build/stm32l4xx_ll_usb.o
                0x000000000800a16c                USB_EPStartXfer
 .text.USB_ReadPacket
                0x000000000800a314       0x28 build/stm32l4xx_ll_usb.o
                0x000000000800a314                USB_ReadPacket
 .text.USB_EPSetStall
                0x000000000800a33c       0x5a build/stm32l4xx_ll_usb.o
                0x000000000800a33c                USB_EPSetStall
 .text.USB_EPClearStall
                0x000000000800a396       0x5c build/stm32l4xx_ll_usb.o
                0x000000000800a396                USB_EPClearStall
 .text.USB_StopDevice
                0x000000000800a3f2       0x48 build/stm32l4xx_ll_usb.o
                0x000000000800a3f2                USB_StopDevice
 .text.USB_SetDevAddress
                0x000000000800a43a       0x20 build/stm32l4xx_ll_usb.o
                0x000000000800a43a                USB_SetDevAddress
 .text.USB_DevConnect
                0x000000000800a45a       0x18 build/stm32l4xx_ll_usb.o
                0x000000000800a45a                USB_DevConnect
 .text.USB_DevDisconnect
                0x000000000800a472       0x18 build/stm32l4xx_ll_usb.o
                0x000000000800a472                USB_DevDisconnect
 .text.USB_ReadInterrupts
                0x000000000800a48a        0x8 build/stm32l4xx_ll_usb.o
                0x000000000800a48a                USB_ReadInterrupts
 .text.USB_ReadDevAllOutEpInterrupt
                0x000000000800a492       0x10 build/stm32l4xx_ll_usb.o
                0x000000000800a492                USB_ReadDevAllOutEpInterrupt
 .text.USB_ReadDevAllInEpInterrupt
                0x000000000800a4a2       0x10 build/stm32l4xx_ll_usb.o
                0x000000000800a4a2                USB_ReadDevAllInEpInterrupt
 .text.USB_ReadDevOutEPInterrupt
                0x000000000800a4b2       0x12 build/stm32l4xx_ll_usb.o
                0x000000000800a4b2                USB_ReadDevOutEPInterrupt
 .text.USB_ReadDevInEPInterrupt
                0x000000000800a4c4       0x28 build/stm32l4xx_ll_usb.o
                0x000000000800a4c4                USB_ReadDevInEPInterrupt
 .text.USB_GetMode
                0x000000000800a4ec        0x8 build/stm32l4xx_ll_usb.o
                0x000000000800a4ec                USB_GetMode
 .text.USB_ActivateSetup
                0x000000000800a4f4       0x20 build/stm32l4xx_ll_usb.o
                0x000000000800a4f4                USB_ActivateSetup
 .text.USB_EP0_OutStart
                0x000000000800a514       0x44 build/stm32l4xx_ll_usb.o
                0x000000000800a514                USB_EP0_OutStart
 .text.HAL_InitTick
                0x000000000800a558       0x50 build/stm32l4xx_hal.o
                0x000000000800a558                HAL_InitTick
 .text.HAL_Init
                0x000000000800a5a8       0x2c build/stm32l4xx_hal.o
                0x000000000800a5a8                HAL_Init
 .text.HAL_IncTick
                0x000000000800a5d4       0x18 build/stm32l4xx_hal.o
                0x000000000800a5d4                HAL_IncTick
 .text.HAL_GetTick
                0x000000000800a5ec        0xc build/stm32l4xx_hal.o
                0x000000000800a5ec                HAL_GetTick
 .text.HAL_Delay
                0x000000000800a5f8       0x28 build/stm32l4xx_hal.o
                0x000000000800a5f8                HAL_Delay
 .text.RCC_SetFlashLatencyFromMSIRange
                0x000000000800a620       0x90 build/stm32l4xx_hal_rcc.o
 .text.HAL_RCC_DeInit
                0x000000000800a6b0       0xf4 build/stm32l4xx_hal_rcc.o
                0x000000000800a6b0                HAL_RCC_DeInit
 .text.HAL_RCC_GetSysClockFreq
                0x000000000800a7a4       0xb4 build/stm32l4xx_hal_rcc.o
                0x000000000800a7a4                HAL_RCC_GetSysClockFreq
 .text.HAL_RCC_OscConfig
                0x000000000800a858      0x638 build/stm32l4xx_hal_rcc.o
                0x000000000800a858                HAL_RCC_OscConfig
 .text.HAL_RCC_ClockConfig
                0x000000000800ae90      0x158 build/stm32l4xx_hal_rcc.o
                0x000000000800ae90                HAL_RCC_ClockConfig
 .text.HAL_RCC_GetHCLKFreq
                0x000000000800afe8        0xc build/stm32l4xx_hal_rcc.o
                0x000000000800afe8                HAL_RCC_GetHCLKFreq
 .text.HAL_RCC_GetPCLK1Freq
                0x000000000800aff4       0x24 build/stm32l4xx_hal_rcc.o
                0x000000000800aff4                HAL_RCC_GetPCLK1Freq
 .text.HAL_RCC_GetPCLK2Freq
                0x000000000800b018       0x24 build/stm32l4xx_hal_rcc.o
                0x000000000800b018                HAL_RCC_GetPCLK2Freq
 .text.RCCEx_PLLSAI1_Config
                0x000000000800b03c      0x170 build/stm32l4xx_hal_rcc_ex.o
 .text.RCCEx_PLLSAI2_Config
                0x000000000800b1ac      0x14c build/stm32l4xx_hal_rcc_ex.o
 .text.HAL_RCCEx_PeriphCLKConfig
                0x000000000800b2f8      0x450 build/stm32l4xx_hal_rcc_ex.o
                0x000000000800b2f8                HAL_RCCEx_PeriphCLKConfig
 .text.HAL_RCCEx_EnableMSIPLLMode
                0x000000000800b748       0x10 build/stm32l4xx_hal_rcc_ex.o
                0x000000000800b748                HAL_RCCEx_EnableMSIPLLMode
 .text.FLASH_Program_DoubleWord
                0x000000000800b758       0x20 build/stm32l4xx_hal_flash.o
 .text.FLASH_Program_Fast
                0x000000000800b778       0x34 build/stm32l4xx_hal_flash.o
 .text.HAL_FLASH_Unlock
                0x000000000800b7ac       0x30 build/stm32l4xx_hal_flash.o
                0x000000000800b7ac                HAL_FLASH_Unlock
 .text.HAL_FLASH_Lock
                0x000000000800b7dc       0x14 build/stm32l4xx_hal_flash.o
                0x000000000800b7dc                HAL_FLASH_Lock
 .text.FLASH_WaitForLastOperation
                0x000000000800b7f0       0x64 build/stm32l4xx_hal_flash.o
                0x000000000800b7f0                FLASH_WaitForLastOperation
 .text.HAL_FLASH_Program
                0x000000000800b854       0xb0 build/stm32l4xx_hal_flash.o
                0x000000000800b854                HAL_FLASH_Program
 .text.FLASH_MassErase
                0x000000000800b904       0x30 build/stm32l4xx_hal_flash_ex.o
 .text.FLASH_PageErase
                0x000000000800b934       0x44 build/stm32l4xx_hal_flash_ex.o
                0x000000000800b934                FLASH_PageErase
 .text.FLASH_FlushCaches
                0x000000000800b978       0x5c build/stm32l4xx_hal_flash_ex.o
                0x000000000800b978                FLASH_FlushCaches
 .text.HAL_FLASHEx_Erase
                0x000000000800b9d4       0xfc build/stm32l4xx_hal_flash_ex.o
                0x000000000800b9d4                HAL_FLASHEx_Erase
 .text.HAL_GPIO_Init
                0x000000000800bad0      0x1c8 build/stm32l4xx_hal_gpio.o
                0x000000000800bad0                HAL_GPIO_Init
 .text.HAL_GPIO_WritePin
                0x000000000800bc98        0xa build/stm32l4xx_hal_gpio.o
                0x000000000800bc98                HAL_GPIO_WritePin
 *fill*         0x000000000800bca2        0x2 
 .text.HAL_PWR_EnableBkUpAccess
                0x000000000800bca4       0x10 build/stm32l4xx_hal_pwr.o
                0x000000000800bca4                HAL_PWR_EnableBkUpAccess
 .text.HAL_PWREx_GetVoltageRange
                0x000000000800bcb4       0x10 build/stm32l4xx_hal_pwr_ex.o
                0x000000000800bcb4                HAL_PWREx_GetVoltageRange
 .text.HAL_PWREx_ControlVoltageScaling
                0x000000000800bcc4       0x90 build/stm32l4xx_hal_pwr_ex.o
                0x000000000800bcc4                HAL_PWREx_ControlVoltageScaling
 .text.HAL_PWREx_EnableVddUSB
                0x000000000800bd54       0x10 build/stm32l4xx_hal_pwr_ex.o
                0x000000000800bd54                HAL_PWREx_EnableVddUSB
 .text.HAL_NVIC_SetPriorityGrouping
                0x000000000800bd64       0x24 build/stm32l4xx_hal_cortex.o
                0x000000000800bd64                HAL_NVIC_SetPriorityGrouping
 .text.HAL_NVIC_SetPriority
                0x000000000800bd88       0x68 build/stm32l4xx_hal_cortex.o
                0x000000000800bd88                HAL_NVIC_SetPriority
 .text.HAL_NVIC_EnableIRQ
                0x000000000800bdf0       0x1c build/stm32l4xx_hal_cortex.o
                0x000000000800bdf0                HAL_NVIC_EnableIRQ
 .text.HAL_SYSTICK_Config
                0x000000000800be0c       0x2c build/stm32l4xx_hal_cortex.o
                0x000000000800be0c                HAL_SYSTICK_Config
 .text.UART_SetConfig
                0x000000000800be38      0x424 build/stm32l4xx_hal_uart.o
                0x000000000800be38                UART_SetConfig
 .text.UART_AdvFeatureConfig
                0x000000000800c25c       0xca build/stm32l4xx_hal_uart.o
                0x000000000800c25c                UART_AdvFeatureConfig
 .text.UART_WaitOnFlagUntilTimeout
                0x000000000800c326       0x9c build/stm32l4xx_hal_uart.o
                0x000000000800c326                UART_WaitOnFlagUntilTimeout
 .text.HAL_UART_Transmit
                0x000000000800c3c2       0xd8 build/stm32l4xx_hal_uart.o
                0x000000000800c3c2                HAL_UART_Transmit
 .text.UART_CheckIdleState
                0x000000000800c49a       0x6c build/stm32l4xx_hal_uart.o
                0x000000000800c49a                UART_CheckIdleState
 .text.HAL_UART_Init
                0x000000000800c506       0x62 build/stm32l4xx_hal_uart.o
                0x000000000800c506                HAL_UART_Init
 .text.SystemInit
                0x000000000800c568       0x48 build/system_stm32l4xx.o
                0x000000000800c568                SystemInit
 .text.USBD_Init
                0x000000000800c5b0       0x2e build/usbd_core.o
                0x000000000800c5b0                USBD_Init
 .text.USBD_RegisterClass
                0x000000000800c5de        0xe build/usbd_core.o
                0x000000000800c5de                USBD_RegisterClass
 .text.USBD_Start
                0x000000000800c5ec        0xa build/usbd_core.o
                0x000000000800c5ec                USBD_Start
 .text.USBD_Stop
                0x000000000800c5f6       0x18 build/usbd_core.o
                0x000000000800c5f6                USBD_Stop
 .text.USBD_SetClassConfig
                0x000000000800c60e       0x1a build/usbd_core.o
                0x000000000800c60e                USBD_SetClassConfig
 .text.USBD_ClrClassConfig
                0x000000000800c628        0xe build/usbd_core.o
                0x000000000800c628                USBD_ClrClassConfig
 .text.USBD_LL_SetupStage
                0x000000000800c636       0x5a build/usbd_core.o
                0x000000000800c636                USBD_LL_SetupStage
 .text.USBD_LL_DataOutStage
                0x000000000800c690       0x92 build/usbd_core.o
                0x000000000800c690                USBD_LL_DataOutStage
 .text.USBD_LL_DataInStage
                0x000000000800c722       0xd2 build/usbd_core.o
                0x000000000800c722                USBD_LL_DataInStage
 .text.USBD_LL_Reset
                0x000000000800c7f4       0x50 build/usbd_core.o
                0x000000000800c7f4                USBD_LL_Reset
 .text.USBD_LL_SetSpeed
                0x000000000800c844        0x6 build/usbd_core.o
                0x000000000800c844                USBD_LL_SetSpeed
 .text.USBD_LL_Suspend
                0x000000000800c84a       0x12 build/usbd_core.o
                0x000000000800c84a                USBD_LL_Suspend
 .text.USBD_LL_Resume
                0x000000000800c85c       0x16 build/usbd_core.o
                0x000000000800c85c                USBD_LL_Resume
 .text.USBD_LL_SOF
                0x000000000800c872       0x1c build/usbd_core.o
                0x000000000800c872                USBD_LL_SOF
 .text.USBD_LL_IsoINIncomplete
                0x000000000800c88e        0x4 build/usbd_core.o
                0x000000000800c88e                USBD_LL_IsoINIncomplete
 .text.USBD_LL_IsoOUTIncomplete
                0x000000000800c892        0x4 build/usbd_core.o
                0x000000000800c892                USBD_LL_IsoOUTIncomplete
 .text.USBD_LL_DevConnected
                0x000000000800c896        0x4 build/usbd_core.o
                0x000000000800c896                USBD_LL_DevConnected
 .text.USBD_LL_DevDisconnected
                0x000000000800c89a       0x16 build/usbd_core.o
                0x000000000800c89a                USBD_LL_DevDisconnected
 .text.USBD_GetLen
                0x000000000800c8b0       0x14 build/usbd_ctlreq.o
 .text.USBD_SetFeature
                0x000000000800c8c4       0x14 build/usbd_ctlreq.o
 .text.USBD_ParseSetupRequest
                0x000000000800c8d8       0x28 build/usbd_ctlreq.o
                0x000000000800c8d8                USBD_ParseSetupRequest
 .text.USBD_CtlError
                0x000000000800c900       0x14 build/usbd_ctlreq.o
                0x000000000800c900                USBD_CtlError
 .text.USBD_GetDescriptor
                0x000000000800c914      0x1a8 build/usbd_ctlreq.o
 .text.USBD_SetAddress
                0x000000000800cabc       0x4e build/usbd_ctlreq.o
 *fill*         0x000000000800cb0a        0x2 
 .text.USBD_SetConfig
                0x000000000800cb0c       0xb0 build/usbd_ctlreq.o
 .text.USBD_GetConfig
                0x000000000800cbbc       0x3c build/usbd_ctlreq.o
 .text.USBD_GetStatus
                0x000000000800cbf8       0x38 build/usbd_ctlreq.o
 .text.USBD_ClrFeature
                0x000000000800cc30       0x26 build/usbd_ctlreq.o
 .text.USBD_StdDevReq
                0x000000000800cc56       0x68 build/usbd_ctlreq.o
                0x000000000800cc56                USBD_StdDevReq
 .text.USBD_StdItfReq
                0x000000000800ccbe       0x60 build/usbd_ctlreq.o
                0x000000000800ccbe                USBD_StdItfReq
 .text.USBD_StdEPReq
                0x000000000800cd1e      0x20e build/usbd_ctlreq.o
                0x000000000800cd1e                USBD_StdEPReq
 .text.USBD_GetString
                0x000000000800cf2c       0x38 build/usbd_ctlreq.o
                0x000000000800cf2c                USBD_GetString
 .text.USBD_CtlSendData
                0x000000000800cf64       0x1a build/usbd_ioreq.o
                0x000000000800cf64                USBD_CtlSendData
 .text.USBD_CtlContinueSendData
                0x000000000800cf7e       0x10 build/usbd_ioreq.o
                0x000000000800cf7e                USBD_CtlContinueSendData
 .text.USBD_CtlPrepareRx
                0x000000000800cf8e       0x1e build/usbd_ioreq.o
                0x000000000800cf8e                USBD_CtlPrepareRx
 .text.USBD_CtlContinueRx
                0x000000000800cfac       0x10 build/usbd_ioreq.o
                0x000000000800cfac                USBD_CtlContinueRx
 .text.USBD_CtlSendStatus
                0x000000000800cfbc       0x16 build/usbd_ioreq.o
                0x000000000800cfbc                USBD_CtlSendStatus
 .text.USBD_CtlReceiveStatus
                0x000000000800cfd2       0x16 build/usbd_ioreq.o
                0x000000000800cfd2                USBD_CtlReceiveStatus
 .text.USBD_CDC_EP0_RxReady
                0x000000000800cfe8       0x28 build/usbd_cdc.o
 .text.USBD_CDC_GetFSCfgDesc
                0x000000000800d010        0xc build/usbd_cdc.o
 .text.USBD_CDC_GetHSCfgDesc
                0x000000000800d01c        0xc build/usbd_cdc.o
 .text.USBD_CDC_GetOtherSpeedCfgDesc
                0x000000000800d028        0xc build/usbd_cdc.o
 .text.USBD_CDC_GetDeviceQualifierDescriptor
                0x000000000800d034        0xc build/usbd_cdc.o
                0x000000000800d034                USBD_CDC_GetDeviceQualifierDescriptor
 .text.USBD_CDC_DataOut
                0x000000000800d040       0x2e build/usbd_cdc.o
 .text.USBD_CDC_DataIn
                0x000000000800d06e       0x50 build/usbd_cdc.o
 .text.USBD_CDC_Setup
                0x000000000800d0be       0xda build/usbd_cdc.o
 .text.USBD_CDC_DeInit
                0x000000000800d198       0x42 build/usbd_cdc.o
 .text.USBD_CDC_Init
                0x000000000800d1da       0xaa build/usbd_cdc.o
 .text.USBD_CDC_RegisterInterface
                0x000000000800d284        0xe build/usbd_cdc.o
                0x000000000800d284                USBD_CDC_RegisterInterface
 .text.USBD_CDC_SetTxBuffer
                0x000000000800d292       0x10 build/usbd_cdc.o
                0x000000000800d292                USBD_CDC_SetTxBuffer
 .text.USBD_CDC_SetRxBuffer
                0x000000000800d2a2        0xc build/usbd_cdc.o
                0x000000000800d2a2                USBD_CDC_SetRxBuffer
 .text.USBD_CDC_TransmitPacket
                0x000000000800d2ae       0x34 build/usbd_cdc.o
                0x000000000800d2ae                USBD_CDC_TransmitPacket
 .text.USBD_CDC_ReceivePacket
                0x000000000800d2e2       0x32 build/usbd_cdc.o
                0x000000000800d2e2                USBD_CDC_ReceivePacket
 .text.Reset_Handler
                0x000000000800d314       0x50 build/startup_stm32l476xx.o
                0x000000000800d314                Reset_Handler
 .text.Default_Handler
                0x000000000800d364        0x2 build/startup_stm32l476xx.o
                0x000000000800d364                TIM1_BRK_TIM15_IRQHandler
                0x000000000800d364                EXTI2_IRQHandler
                0x000000000800d364                TIM8_TRG_COM_IRQHandler
                0x000000000800d364                TIM8_CC_IRQHandler
                0x000000000800d364                TIM1_CC_IRQHandler
                0x000000000800d364                TSC_IRQHandler
                0x000000000800d364                TAMP_STAMP_IRQHandler
                0x000000000800d364                EXTI3_IRQHandler
                0x000000000800d364                LPTIM2_IRQHandler
                0x000000000800d364                DFSDM1_FLT1_IRQHandler
                0x000000000800d364                I2C3_ER_IRQHandler
                0x000000000800d364                DFSDM1_FLT2_IRQHandler
                0x000000000800d364                EXTI0_IRQHandler
                0x000000000800d364                I2C2_EV_IRQHandler
                0x000000000800d364                CAN1_RX0_IRQHandler
                0x000000000800d364                FPU_IRQHandler
                0x000000000800d364                TIM1_UP_TIM16_IRQHandler
                0x000000000800d364                ADC1_2_IRQHandler
                0x000000000800d364                SPI1_IRQHandler
                0x000000000800d364                TIM6_DAC_IRQHandler
                0x000000000800d364                TIM8_UP_IRQHandler
                0x000000000800d364                DMA2_Channel2_IRQHandler
                0x000000000800d364                DMA1_Channel4_IRQHandler
                0x000000000800d364                SAI2_IRQHandler
                0x000000000800d364                DFSDM1_FLT3_IRQHandler
                0x000000000800d364                USART3_IRQHandler
                0x000000000800d364                DMA1_Channel7_IRQHandler
                0x000000000800d364                CAN1_RX1_IRQHandler
                0x000000000800d364                LCD_IRQHandler
                0x000000000800d364                UART5_IRQHandler
                0x000000000800d364                ADC3_IRQHandler
                0x000000000800d364                TIM4_IRQHandler
                0x000000000800d364                DMA2_Channel1_IRQHandler
                0x000000000800d364                QUADSPI_IRQHandler
                0x000000000800d364                I2C1_EV_IRQHandler
                0x000000000800d364                DMA1_Channel6_IRQHandler
                0x000000000800d364                UART4_IRQHandler
                0x000000000800d364                DMA2_Channel4_IRQHandler
                0x000000000800d364                TIM3_IRQHandler
                0x000000000800d364                RCC_IRQHandler
                0x000000000800d364                DMA1_Channel1_IRQHandler
                0x000000000800d364                Default_Handler
                0x000000000800d364                DMA2_Channel7_IRQHandler
                0x000000000800d364                EXTI15_10_IRQHandler
                0x000000000800d364                TIM7_IRQHandler
                0x000000000800d364                SDMMC1_IRQHandler
                0x000000000800d364                TIM5_IRQHandler
                0x000000000800d364                I2C3_EV_IRQHandler
                0x000000000800d364                EXTI9_5_IRQHandler
                0x000000000800d364                RTC_WKUP_IRQHandler
                0x000000000800d364                PVD_PVM_IRQHandler
                0x000000000800d364                SPI2_IRQHandler
                0x000000000800d364                CAN1_TX_IRQHandler
                0x000000000800d364                DMA2_Channel5_IRQHandler
                0x000000000800d364                DMA1_Channel5_IRQHandler
                0x000000000800d364                EXTI4_IRQHandler
                0x000000000800d364                RNG_IRQHandler
                0x000000000800d364                TIM1_TRG_COM_TIM17_IRQHandler
                0x000000000800d364                DMA1_Channel3_IRQHandler
                0x000000000800d364                COMP_IRQHandler
                0x000000000800d364                WWDG_IRQHandler
                0x000000000800d364                LPUART1_IRQHandler
                0x000000000800d364                DMA2_Channel6_IRQHandler
                0x000000000800d364                TIM2_IRQHandler
                0x000000000800d364                EXTI1_IRQHandler
                0x000000000800d364                USART2_IRQHandler
                0x000000000800d364                DFSDM1_FLT0_IRQHandler
                0x000000000800d364                I2C2_ER_IRQHandler
                0x000000000800d364                DMA1_Channel2_IRQHandler
                0x000000000800d364                TIM8_BRK_IRQHandler
                0x000000000800d364                CAN1_SCE_IRQHandler
                0x000000000800d364                FLASH_IRQHandler
                0x000000000800d364                USART1_IRQHandler
                0x000000000800d364                SPI3_IRQHandler
                0x000000000800d364                I2C1_ER_IRQHandler
                0x000000000800d364                FMC_IRQHandler
                0x000000000800d364                SWPMI1_IRQHandler
                0x000000000800d364                LPTIM1_IRQHandler
                0x000000000800d364                SAI1_IRQHandler
                0x000000000800d364                DMA2_Channel3_IRQHandler
                0x000000000800d364                RTC_Alarm_IRQHandler
 *fill*         0x000000000800d366        0x2 
 .text.__libc_init_array
                0x000000000800d368       0x48 /usr/local/Cellar/gcc-arm-none-eabi/20180627/bin/../lib/gcc/arm-none-eabi/7.3.1/../../../../arm-none-eabi/lib/thumb/v7e-m/fpv4-sp/hard/libc_nano.a(lib_a-init.o)
                0x000000000800d368                __libc_init_array
 .text.memcmp   0x000000000800d3b0       0x1e /usr/local/Cellar/gcc-arm-none-eabi/20180627/bin/../lib/gcc/arm-none-eabi/7.3.1/../../../../arm-none-eabi/lib/thumb/v7e-m/fpv4-sp/hard/libc_nano.a(lib_a-memcmp.o)
                0x000000000800d3b0                memcmp
 .text.memset   0x000000000800d3ce       0x10 /usr/local/Cellar/gcc-arm-none-eabi/20180627/bin/../lib/gcc/arm-none-eabi/7.3.1/../../../../arm-none-eabi/lib/thumb/v7e-m/fpv4-sp/hard/libc_nano.a(lib_a-memset.o)
                0x000000000800d3ce                memset
 *fill*         0x000000000800d3de        0x2 
 .text.sprintf  0x000000000800d3e0       0x40 /usr/local/Cellar/gcc-arm-none-eabi/20180627/bin/../lib/gcc/arm-none-eabi/7.3.1/../../../../arm-none-eabi/lib/thumb/v7e-m/fpv4-sp/hard/libc_nano.a(lib_a-sprintf.o)
                0x000000000800d3e0                sprintf
                0x000000000800d3e0                siprintf
 .text.__ssputs_r
                0x000000000800d420       0xb4 /usr/local/Cellar/gcc-arm-none-eabi/20180627/bin/../lib/gcc/arm-none-eabi/7.3.1/../../../../arm-none-eabi/lib/thumb/v7e-m/fpv4-sp/hard/libc_nano.a(lib_a-nano-svfprintf.o)
                0x000000000800d420                __ssputs_r
 .text._svfprintf_r
                0x000000000800d4d4      0x1f0 /usr/local/Cellar/gcc-arm-none-eabi/20180627/bin/../lib/gcc/arm-none-eabi/7.3.1/../../../../arm-none-eabi/lib/thumb/v7e-m/fpv4-sp/hard/libc_nano.a(lib_a-nano-svfprintf.o)
                0x000000000800d4d4                _svfprintf_r
                0x000000000800d4d4                _svfiprintf_r
 .text._printf_common
                0x000000000800d6c4       0xea /usr/local/Cellar/gcc-arm-none-eabi/20180627/bin/../lib/gcc/arm-none-eabi/7.3.1/../../../../arm-none-eabi/lib/thumb/v7e-m/fpv4-sp/hard/libc_nano.a(lib_a-nano-vfprintf_i.o)
                0x000000000800d6c4                _printf_common
 *fill*         0x000000000800d7ae        0x2 
 .text._printf_i
                0x000000000800d7b0      0x224 /usr/local/Cellar/gcc-arm-none-eabi/20180627/bin/../lib/gcc/arm-none-eabi/7.3.1/../../../../arm-none-eabi/lib/thumb/v7e-m/fpv4-sp/hard/libc_nano.a(lib_a-nano-vfprintf_i.o)
                0x000000000800d7b0                _printf_i
 .text.memcpy   0x000000000800d9d4       0x16 /usr/local/Cellar/gcc-arm-none-eabi/20180627/bin/../lib/gcc/arm-none-eabi/7.3.1/../../../../arm-none-eabi/lib/thumb/v7e-m/fpv4-sp/hard/libc_nano.a(lib_a-memcpy-stub.o)
                0x000000000800d9d4                memcpy
 .text.memmove  0x000000000800d9ea       0x32 /usr/local/Cellar/gcc-arm-none-eabi/20180627/bin/../lib/gcc/arm-none-eabi/7.3.1/../../../../arm-none-eabi/lib/thumb/v7e-m/fpv4-sp/hard/libc_nano.a(lib_a-memmove.o)
                0x000000000800d9ea                memmove
 .text._free_r  0x000000000800da1c       0x9c /usr/local/Cellar/gcc-arm-none-eabi/20180627/bin/../lib/gcc/arm-none-eabi/7.3.1/../../../../arm-none-eabi/lib/thumb/v7e-m/fpv4-sp/hard/libc_nano.a(lib_a-nano-freer.o)
                0x000000000800da1c                _free_r
 .text._malloc_r
                0x000000000800dab8       0xb4 /usr/local/Cellar/gcc-arm-none-eabi/20180627/bin/../lib/gcc/arm-none-eabi/7.3.1/../../../../arm-none-eabi/lib/thumb/v7e-m/fpv4-sp/hard/libc_nano.a(lib_a-nano-mallocr.o)
                0x000000000800dab8                _malloc_r
 .text._realloc_r
                0x000000000800db6c       0x4c /usr/local/Cellar/gcc-arm-none-eabi/20180627/bin/../lib/gcc/arm-none-eabi/7.3.1/../../../../arm-none-eabi/lib/thumb/v7e-m/fpv4-sp/hard/libc_nano.a(lib_a-nano-reallocr.o)
                0x000000000800db6c                _realloc_r
 .text._sbrk_r  0x000000000800dbb8       0x20 /usr/local/Cellar/gcc-arm-none-eabi/20180627/bin/../lib/gcc/arm-none-eabi/7.3.1/../../../../arm-none-eabi/lib/thumb/v7e-m/fpv4-sp/hard/libc_nano.a(lib_a-sbrkr.o)
                0x000000000800dbb8                _sbrk_r
 .text.__malloc_lock
                0x000000000800dbd8        0x2 /usr/local/Cellar/gcc-arm-none-eabi/20180627/bin/../lib/gcc/arm-none-eabi/7.3.1/../../../../arm-none-eabi/lib/thumb/v7e-m/fpv4-sp/hard/libc_nano.a(lib_a-mlock.o)
                0x000000000800dbd8                __malloc_lock
 .text.__malloc_unlock
                0x000000000800dbda        0x2 /usr/local/Cellar/gcc-arm-none-eabi/20180627/bin/../lib/gcc/arm-none-eabi/7.3.1/../../../../arm-none-eabi/lib/thumb/v7e-m/fpv4-sp/hard/libc_nano.a(lib_a-mlock.o)
                0x000000000800dbda                __malloc_unlock
 .text._malloc_usable_size_r
                0x000000000800dbdc       0x10 /usr/local/Cellar/gcc-arm-none-eabi/20180627/bin/../lib/gcc/arm-none-eabi/7.3.1/../../../../arm-none-eabi/lib/thumb/v7e-m/fpv4-sp/hard/libc_nano.a(lib_a-nano-msizer.o)
                0x000000000800dbdc                _malloc_usable_size_r
 .text._sbrk    0x000000000800dbec       0x1c /usr/local/Cellar/gcc-arm-none-eabi/20180627/bin/../lib/gcc/arm-none-eabi/7.3.1/../../../../arm-none-eabi/lib/thumb/v7e-m/fpv4-sp/hard/libnosys.a(sbrk.o)
                0x000000000800dbec                _sbrk
 *(.glue_7)
 .glue_7        0x000000000800dc08        0x0 linker stubs
 *(.glue_7t)
 .glue_7t       0x000000000800dc08        0x0 linker stubs
 *(.eh_frame)
 .eh_frame      0x000000000800dc08        0x0 /usr/local/Cellar/gcc-arm-none-eabi/20180627/bin/../lib/gcc/arm-none-eabi/7.3.1/thumb/v7e-m/fpv4-sp/hard/crtbegin.o
 *(.init)
 .init          0x000000000800dc08        0x4 /usr/local/Cellar/gcc-arm-none-eabi/20180627/bin/../lib/gcc/arm-none-eabi/7.3.1/thumb/v7e-m/fpv4-sp/hard/crti.o
                0x000000000800dc08                _init
 .init          0x000000000800dc0c        0x8 /usr/local/Cellar/gcc-arm-none-eabi/20180627/bin/../lib/gcc/arm-none-eabi/7.3.1/thumb/v7e-m/fpv4-sp/hard/crtn.o
 *(.fini)
 .fini          0x000000000800dc14        0x4 /usr/local/Cellar/gcc-arm-none-eabi/20180627/bin/../lib/gcc/arm-none-eabi/7.3.1/thumb/v7e-m/fpv4-sp/hard/crti.o
                0x000000000800dc14                _fini
 .fini          0x000000000800dc18        0x8 /usr/local/Cellar/gcc-arm-none-eabi/20180627/bin/../lib/gcc/arm-none-eabi/7.3.1/thumb/v7e-m/fpv4-sp/hard/crtn.o
                0x000000000800dc20                . = ALIGN (0x8)
                0x000000000800dc20                _etext = .

.vfp11_veneer   0x000000000800dc20        0x0
 .vfp11_veneer  0x000000000800dc20        0x0 linker stubs

.v4_bx          0x000000000800dc20        0x0
 .v4_bx         0x000000000800dc20        0x0 linker stubs

.iplt           0x000000000800dc20        0x0
 .iplt          0x000000000800dc20        0x0 /usr/local/Cellar/gcc-arm-none-eabi/20180627/bin/../lib/gcc/arm-none-eabi/7.3.1/thumb/v7e-m/fpv4-sp/hard/crtbegin.o

.rodata         0x000000000800dc20      0x1a8
                0x000000000800dc20                . = ALIGN (0x8)
 *(.rodata)
 *(.rodata*)
 .rodata.main.str1.4
                0x000000000800dc20       0x17 build/main.o
 *fill*         0x000000000800dc37        0x1 
 .rodata.USBD_FS_ConfigStrDescriptor.str1.4
                0x000000000800dc38        0xb build/usbd_desc.o
 *fill*         0x000000000800dc43        0x1 
 .rodata.USBD_FS_InterfaceStrDescriptor.str1.4
                0x000000000800dc44        0xe build/usbd_desc.o
 *fill*         0x000000000800dc52        0x2 
 .rodata.USBD_FS_ManufacturerStrDescriptor.str1.4
                0x000000000800dc54       0x13 build/usbd_desc.o
 *fill*         0x000000000800dc67        0x1 
 .rodata.USBD_FS_ProductStrDescriptor.str1.4
                0x000000000800dc68       0x16 build/usbd_desc.o
 *fill*         0x000000000800dc7e        0x2 
 .rodata.CDC_Receive_FS.str1.4
                0x000000000800dc80       0xaa build/usbd_cdc_if.o
                                         0xae (size before relaxing)
 *fill*         0x000000000800dd2a        0x2 
 .rodata.Save_Rec_FW.str1.4
                0x000000000800dd2c       0x1c build/flash_firmware.o
                                         0x1e (size before relaxing)
 .rodata.AHBPrescTable
                0x000000000800dd48       0x10 build/system_stm32l4xx.o
                0x000000000800dd48                AHBPrescTable
 .rodata.APBPrescTable
                0x000000000800dd58        0x8 build/system_stm32l4xx.o
                0x000000000800dd58                APBPrescTable
 .rodata.MSIRangeTable
                0x000000000800dd60       0x30 build/system_stm32l4xx.o
                0x000000000800dd60                MSIRangeTable
 .rodata._svfprintf_r.str1.1
                0x000000000800dd90       0x11 /usr/local/Cellar/gcc-arm-none-eabi/20180627/bin/../lib/gcc/arm-none-eabi/7.3.1/../../../../arm-none-eabi/lib/thumb/v7e-m/fpv4-sp/hard/libc_nano.a(lib_a-nano-svfprintf.o)
 .rodata._printf_i.str1.1
                0x000000000800dda1       0x22 /usr/local/Cellar/gcc-arm-none-eabi/20180627/bin/../lib/gcc/arm-none-eabi/7.3.1/../../../../arm-none-eabi/lib/thumb/v7e-m/fpv4-sp/hard/libc_nano.a(lib_a-nano-vfprintf_i.o)
                0x000000000800ddc8                . = ALIGN (0x8)
 *fill*         0x000000000800ddc3        0x5 

.ARM.extab      0x000000000800ddc8        0x0
                0x000000000800ddc8                . = ALIGN (0x8)
 *(.ARM.extab* .gnu.linkonce.armextab.*)
                0x000000000800ddc8                . = ALIGN (0x8)

.ARM            0x000000000800ddc8        0x8
                0x000000000800ddc8                . = ALIGN (0x8)
                0x000000000800ddc8                __exidx_start = .
 *(.ARM.exidx*)
 .ARM.exidx     0x000000000800ddc8        0x8 /usr/local/Cellar/gcc-arm-none-eabi/20180627/bin/../lib/gcc/arm-none-eabi/7.3.1/thumb/v7e-m/fpv4-sp/hard/libgcc.a(_udivmoddi4.o)
                0x000000000800ddd0                __exidx_end = .
                0x000000000800ddd0                . = ALIGN (0x8)

.rel.dyn        0x000000000800ddd0        0x0
 .rel.iplt      0x000000000800ddd0        0x0 /usr/local/Cellar/gcc-arm-none-eabi/20180627/bin/../lib/gcc/arm-none-eabi/7.3.1/thumb/v7e-m/fpv4-sp/hard/crtbegin.o

.preinit_array  0x000000000800ddd0        0x0
                0x000000000800ddd0                . = ALIGN (0x8)
                0x000000000800ddd0                PROVIDE (__preinit_array_start = .)
 *(.preinit_array*)
                0x000000000800ddd0                PROVIDE (__preinit_array_end = .)
                0x000000000800ddd0                . = ALIGN (0x8)

.init_array     0x000000000800ddd0        0x8
                0x000000000800ddd0                . = ALIGN (0x8)
                0x000000000800ddd0                PROVIDE (__init_array_start = .)
 *(SORT_BY_NAME(.init_array.*))
 *(.init_array*)
 .init_array    0x000000000800ddd0        0x4 /usr/local/Cellar/gcc-arm-none-eabi/20180627/bin/../lib/gcc/arm-none-eabi/7.3.1/thumb/v7e-m/fpv4-sp/hard/crtbegin.o
                0x000000000800ddd4                PROVIDE (__init_array_end = .)
                0x000000000800ddd8                . = ALIGN (0x8)
 *fill*         0x000000000800ddd4        0x4 

.fini_array     0x000000000800ddd8        0x8
                0x000000000800ddd8                . = ALIGN (0x8)
                [!provide]                        PROVIDE (__fini_array_start = .)
 *(SORT_BY_NAME(.fini_array.*))
 *(.fini_array*)
 .fini_array    0x000000000800ddd8        0x4 /usr/local/Cellar/gcc-arm-none-eabi/20180627/bin/../lib/gcc/arm-none-eabi/7.3.1/thumb/v7e-m/fpv4-sp/hard/crtbegin.o
                [!provide]                        PROVIDE (__fini_array_end = .)
                0x000000000800dde0                . = ALIGN (0x8)
 *fill*         0x000000000800dddc        0x4 
                0x000000000800dde0                _sidata = LOADADDR (.data)

.data           0x0000000020000000      0x210 load address 0x000000000800dde0
                0x0000000020000000                . = ALIGN (0x8)
                0x0000000020000000                _sdata = .
 *(.data)
 *(.data*)
 .data.FS_Desc  0x0000000020000000       0x20 build/usbd_desc.o
                0x0000000020000000                FS_Desc
 .data.USBD_FS_BOSDesc
                0x0000000020000020        0xc build/usbd_desc.o
                0x0000000020000020                USBD_FS_BOSDesc
 .data.USBD_FS_DeviceDesc
                0x000000002000002c       0x12 build/usbd_desc.o
                0x000000002000002c                USBD_FS_DeviceDesc
 *fill*         0x000000002000003e        0x2 
 .data.USBD_LangIDDesc
                0x0000000020000040        0x4 build/usbd_desc.o
                0x0000000020000040                USBD_LangIDDesc
 .data.USBD_StringSerial
                0x0000000020000044       0x1a build/usbd_desc.o
                0x0000000020000044                USBD_StringSerial
 *fill*         0x000000002000005e        0x2 
 .data.USBD_Interface_fops_FS
                0x0000000020000060       0x10 build/usbd_cdc_if.o
                0x0000000020000060                USBD_Interface_fops_FS
 .data.uwTickFreq
                0x0000000020000070        0x4 build/stm32l4xx_hal.o
                0x0000000020000070                uwTickFreq
 .data.uwTickPrio
                0x0000000020000074        0x4 build/stm32l4xx_hal.o
                0x0000000020000074                uwTickPrio
 .data.pFlash   0x0000000020000078       0x20 build/stm32l4xx_hal_flash.o
                0x0000000020000078                pFlash
 .data.SystemCoreClock
                0x0000000020000098        0x4 build/system_stm32l4xx.o
                0x0000000020000098                SystemCoreClock
 .data.USBD_CDC
                0x000000002000009c       0x38 build/usbd_cdc.o
                0x000000002000009c                USBD_CDC
 .data.USBD_CDC_CfgFSDesc
                0x00000000200000d4       0x43 build/usbd_cdc.o
                0x00000000200000d4                USBD_CDC_CfgFSDesc
 *fill*         0x0000000020000117        0x1 
 .data.USBD_CDC_CfgHSDesc
                0x0000000020000118       0x43 build/usbd_cdc.o
                0x0000000020000118                USBD_CDC_CfgHSDesc
 *fill*         0x000000002000015b        0x1 
 .data.USBD_CDC_DeviceQualifierDesc
                0x000000002000015c        0xa build/usbd_cdc.o
 *fill*         0x0000000020000166        0x2 
 .data.USBD_CDC_OtherSpeedCfgDesc
                0x0000000020000168       0x43 build/usbd_cdc.o
                0x0000000020000168                USBD_CDC_OtherSpeedCfgDesc
 *fill*         0x00000000200001ab        0x1 
 .data._impure_ptr
                0x00000000200001ac        0x4 /usr/local/Cellar/gcc-arm-none-eabi/20180627/bin/../lib/gcc/arm-none-eabi/7.3.1/../../../../arm-none-eabi/lib/thumb/v7e-m/fpv4-sp/hard/libc_nano.a(lib_a-impure.o)
                0x00000000200001ac                _impure_ptr
 .data.impure_data
                0x00000000200001b0       0x60 /usr/local/Cellar/gcc-arm-none-eabi/20180627/bin/../lib/gcc/arm-none-eabi/7.3.1/../../../../arm-none-eabi/lib/thumb/v7e-m/fpv4-sp/hard/libc_nano.a(lib_a-impure.o)
                0x0000000020000210                . = ALIGN (0x8)
                0x0000000020000210                _edata = .

.igot.plt       0x0000000020000210        0x0 load address 0x000000000800dff0
 .igot.plt      0x0000000020000210        0x0 /usr/local/Cellar/gcc-arm-none-eabi/20180627/bin/../lib/gcc/arm-none-eabi/7.3.1/thumb/v7e-m/fpv4-sp/hard/crtbegin.o
                0x0000000020000210                . = ALIGN (0x4)

.bss            0x0000000020000210     0x1c38 load address 0x000000000800dff0
                0x0000000020000210                _sbss = .
                0x0000000020000210                __bss_start__ = _sbss
 *(.bss)
 .bss           0x0000000020000210       0x1c /usr/local/Cellar/gcc-arm-none-eabi/20180627/bin/../lib/gcc/arm-none-eabi/7.3.1/thumb/v7e-m/fpv4-sp/hard/crtbegin.o
 *(.bss*)
 .bss.mem.10613
                0x000000002000022c      0x220 build/usbd_conf.o
 .bss.bufIndex  0x000000002000044c        0x4 build/usbd_cdc_if.o
                0x000000002000044c                bufIndex
 .bss.upgradeMode
                0x0000000020000450        0x1 build/usbd_cdc_if.o
                0x0000000020000450                upgradeMode
 .bss.cfgidx.10468
                0x0000000020000451        0x1 build/usbd_ctlreq.o
 *fill*         0x0000000020000452        0x2 
 .bss.__malloc_free_list
                0x0000000020000454        0x4 /usr/local/Cellar/gcc-arm-none-eabi/20180627/bin/../lib/gcc/arm-none-eabi/7.3.1/../../../../arm-none-eabi/lib/thumb/v7e-m/fpv4-sp/hard/libc_nano.a(lib_a-nano-mallocr.o)
                0x0000000020000454                __malloc_free_list
 .bss.__malloc_sbrk_start
                0x0000000020000458        0x4 /usr/local/Cellar/gcc-arm-none-eabi/20180627/bin/../lib/gcc/arm-none-eabi/7.3.1/../../../../arm-none-eabi/lib/thumb/v7e-m/fpv4-sp/hard/libc_nano.a(lib_a-nano-mallocr.o)
                0x0000000020000458                __malloc_sbrk_start
 .bss.heap_end.5377
                0x000000002000045c        0x4 /usr/local/Cellar/gcc-arm-none-eabi/20180627/bin/../lib/gcc/arm-none-eabi/7.3.1/../../../../arm-none-eabi/lib/thumb/v7e-m/fpv4-sp/hard/libnosys.a(sbrk.o)
 *(COMMON)
 COMMON         0x0000000020000460       0x80 build/main.o
                0x0000000020000460                huart2
 COMMON         0x00000000200004e0      0x2c4 build/usb_device.o
                0x00000000200004e0                hUsbDeviceFS
 COMMON         0x00000000200007a4      0x408 build/usbd_conf.o
                0x00000000200007a4                hpcd_USB_OTG_FS
 COMMON         0x0000000020000bac      0x200 build/usbd_desc.o
                0x0000000020000bac                USBD_StrDesc
 COMMON         0x0000000020000dac     0x1091 build/usbd_cdc_if.o
                0x0000000020000dac                recBuffer
                0x0000000020000e2c                UserRxBufferFS
                0x000000002000162c                UserTxBufferFS
                0x0000000020001e2c                firstPackage
                0x0000000020001e30                sendOut
                0x0000000020001e38                flashAddress
                0x0000000020001e3c                packageStatus
 *fill*         0x0000000020001e3d        0x3 
 COMMON         0x0000000020001e40        0x4 build/stm32l4xx_hal.o
                0x0000000020001e40                uwTick
 COMMON         0x0000000020001e44        0x4 /usr/local/Cellar/gcc-arm-none-eabi/20180627/bin/../lib/gcc/arm-none-eabi/7.3.1/../../../../arm-none-eabi/lib/thumb/v7e-m/fpv4-sp/hard/libc_nano.a(lib_a-reent.o)
                0x0000000020001e44                errno
                0x0000000020001e48                . = ALIGN (0x4)
                0x0000000020001e48                _ebss = .
                0x0000000020001e48                __bss_end__ = _ebss

._user_heap_stack
                0x0000000020001e48      0x600 load address 0x000000000800dff0
                0x0000000020001e48                . = ALIGN (0x8)
                0x0000000020001e48                PROVIDE (end = .)
                [!provide]                        PROVIDE (_end = .)
                0x0000000020002048                . = (. + _Min_Heap_Size)
 *fill*         0x0000000020001e48      0x200 
                0x0000000020002448                . = (. + _Min_Stack_Size)
 *fill*         0x0000000020002048      0x400 
                0x0000000020002448                . = ALIGN (0x8)

/DISCARD/
 libc.a(*)
 libm.a(*)
 libgcc.a(*)

.ARM.attributes
                0x0000000000000000       0x30
 *(.ARM.attributes)
 .ARM.attributes
                0x0000000000000000       0x22 /usr/local/Cellar/gcc-arm-none-eabi/20180627/bin/../lib/gcc/arm-none-eabi/7.3.1/thumb/v7e-m/fpv4-sp/hard/crti.o
 .ARM.attributes
                0x0000000000000022       0x34 /usr/local/Cellar/gcc-arm-none-eabi/20180627/bin/../lib/gcc/arm-none-eabi/7.3.1/thumb/v7e-m/fpv4-sp/hard/crtbegin.o
 .ARM.attributes
                0x0000000000000056       0x39 build/main.o
 .ARM.attributes
                0x000000000000008f       0x39 build/usb_device.o
 .ARM.attributes
                0x00000000000000c8       0x39 build/usbd_conf.o
 .ARM.attributes
                0x0000000000000101       0x39 build/usbd_desc.o
 .ARM.attributes
                0x000000000000013a       0x39 build/usbd_cdc_if.o
 .ARM.attributes
                0x0000000000000173       0x39 build/flash_firmware.o
 .ARM.attributes
                0x00000000000001ac       0x39 build/system_jump.o
 .ARM.attributes
                0x00000000000001e5       0x39 build/stm32l4xx_it.o
 .ARM.attributes
                0x000000000000021e       0x39 build/stm32l4xx_hal_msp.o
 .ARM.attributes
                0x0000000000000257       0x39 build/stm32l4xx_hal_pcd.o
 .ARM.attributes
                0x0000000000000290       0x39 build/stm32l4xx_hal_pcd_ex.o
 .ARM.attributes
                0x00000000000002c9       0x39 build/stm32l4xx_ll_usb.o
 .ARM.attributes
                0x0000000000000302       0x39 build/stm32l4xx_hal.o
 .ARM.attributes
                0x000000000000033b       0x39 build/stm32l4xx_hal_rcc.o
 .ARM.attributes
                0x0000000000000374       0x39 build/stm32l4xx_hal_rcc_ex.o
 .ARM.attributes
                0x00000000000003ad       0x39 build/stm32l4xx_hal_flash.o
 .ARM.attributes
                0x00000000000003e6       0x39 build/stm32l4xx_hal_flash_ex.o
 .ARM.attributes
                0x000000000000041f       0x39 build/stm32l4xx_hal_gpio.o
 .ARM.attributes
                0x0000000000000458       0x39 build/stm32l4xx_hal_pwr.o
 .ARM.attributes
                0x0000000000000491       0x39 build/stm32l4xx_hal_pwr_ex.o
 .ARM.attributes
                0x00000000000004ca       0x39 build/stm32l4xx_hal_cortex.o
 .ARM.attributes
                0x0000000000000503       0x39 build/stm32l4xx_hal_uart.o
 .ARM.attributes
                0x000000000000053c       0x39 build/system_stm32l4xx.o
 .ARM.attributes
                0x0000000000000575       0x39 build/usbd_core.o
 .ARM.attributes
                0x00000000000005ae       0x39 build/usbd_ctlreq.o
 .ARM.attributes
                0x00000000000005e7       0x39 build/usbd_ioreq.o
 .ARM.attributes
                0x0000000000000620       0x39 build/usbd_cdc.o
 .ARM.attributes
                0x0000000000000659       0x21 build/startup_stm32l476xx.o
 .ARM.attributes
                0x000000000000067a       0x34 /usr/local/Cellar/gcc-arm-none-eabi/20180627/bin/../lib/gcc/arm-none-eabi/7.3.1/../../../../arm-none-eabi/lib/thumb/v7e-m/fpv4-sp/hard/libc_nano.a(lib_a-impure.o)
 .ARM.attributes
                0x00000000000006ae       0x34 /usr/local/Cellar/gcc-arm-none-eabi/20180627/bin/../lib/gcc/arm-none-eabi/7.3.1/../../../../arm-none-eabi/lib/thumb/v7e-m/fpv4-sp/hard/libc_nano.a(lib_a-init.o)
 .ARM.attributes
                0x00000000000006e2       0x34 /usr/local/Cellar/gcc-arm-none-eabi/20180627/bin/../lib/gcc/arm-none-eabi/7.3.1/../../../../arm-none-eabi/lib/thumb/v7e-m/fpv4-sp/hard/libc_nano.a(lib_a-memcmp.o)
 .ARM.attributes
                0x0000000000000716       0x34 /usr/local/Cellar/gcc-arm-none-eabi/20180627/bin/../lib/gcc/arm-none-eabi/7.3.1/../../../../arm-none-eabi/lib/thumb/v7e-m/fpv4-sp/hard/libc_nano.a(lib_a-memset.o)
 .ARM.attributes
                0x000000000000074a       0x34 /usr/local/Cellar/gcc-arm-none-eabi/20180627/bin/../lib/gcc/arm-none-eabi/7.3.1/../../../../arm-none-eabi/lib/thumb/v7e-m/fpv4-sp/hard/libc_nano.a(lib_a-sprintf.o)
 .ARM.attributes
                0x000000000000077e       0x34 /usr/local/Cellar/gcc-arm-none-eabi/20180627/bin/../lib/gcc/arm-none-eabi/7.3.1/../../../../arm-none-eabi/lib/thumb/v7e-m/fpv4-sp/hard/libc_nano.a(lib_a-nano-svfprintf.o)
 .ARM.attributes
                0x00000000000007b2       0x34 /usr/local/Cellar/gcc-arm-none-eabi/20180627/bin/../lib/gcc/arm-none-eabi/7.3.1/../../../../arm-none-eabi/lib/thumb/v7e-m/fpv4-sp/hard/libc_nano.a(lib_a-nano-vfprintf_i.o)
 .ARM.attributes
                0x00000000000007e6       0x20 /usr/local/Cellar/gcc-arm-none-eabi/20180627/bin/../lib/gcc/arm-none-eabi/7.3.1/../../../../arm-none-eabi/lib/thumb/v7e-m/fpv4-sp/hard/libc_nano.a(lib_a-memchr.o)
 .ARM.attributes
                0x0000000000000806       0x34 /usr/local/Cellar/gcc-arm-none-eabi/20180627/bin/../lib/gcc/arm-none-eabi/7.3.1/../../../../arm-none-eabi/lib/thumb/v7e-m/fpv4-sp/hard/libc_nano.a(lib_a-memcpy-stub.o)
 .ARM.attributes
                0x000000000000083a       0x34 /usr/local/Cellar/gcc-arm-none-eabi/20180627/bin/../lib/gcc/arm-none-eabi/7.3.1/../../../../arm-none-eabi/lib/thumb/v7e-m/fpv4-sp/hard/libc_nano.a(lib_a-memmove.o)
 .ARM.attributes
                0x000000000000086e       0x34 /usr/local/Cellar/gcc-arm-none-eabi/20180627/bin/../lib/gcc/arm-none-eabi/7.3.1/../../../../arm-none-eabi/lib/thumb/v7e-m/fpv4-sp/hard/libc_nano.a(lib_a-nano-freer.o)
 .ARM.attributes
                0x00000000000008a2       0x34 /usr/local/Cellar/gcc-arm-none-eabi/20180627/bin/../lib/gcc/arm-none-eabi/7.3.1/../../../../arm-none-eabi/lib/thumb/v7e-m/fpv4-sp/hard/libc_nano.a(lib_a-nano-mallocr.o)
 .ARM.attributes
                0x00000000000008d6       0x34 /usr/local/Cellar/gcc-arm-none-eabi/20180627/bin/../lib/gcc/arm-none-eabi/7.3.1/../../../../arm-none-eabi/lib/thumb/v7e-m/fpv4-sp/hard/libc_nano.a(lib_a-nano-reallocr.o)
 .ARM.attributes
                0x000000000000090a       0x34 /usr/local/Cellar/gcc-arm-none-eabi/20180627/bin/../lib/gcc/arm-none-eabi/7.3.1/../../../../arm-none-eabi/lib/thumb/v7e-m/fpv4-sp/hard/libc_nano.a(lib_a-sbrkr.o)
 .ARM.attributes
                0x000000000000093e       0x34 /usr/local/Cellar/gcc-arm-none-eabi/20180627/bin/../lib/gcc/arm-none-eabi/7.3.1/../../../../arm-none-eabi/lib/thumb/v7e-m/fpv4-sp/hard/libc_nano.a(lib_a-mlock.o)
 .ARM.attributes
                0x0000000000000972       0x34 /usr/local/Cellar/gcc-arm-none-eabi/20180627/bin/../lib/gcc/arm-none-eabi/7.3.1/../../../../arm-none-eabi/lib/thumb/v7e-m/fpv4-sp/hard/libc_nano.a(lib_a-nano-msizer.o)
 .ARM.attributes
                0x00000000000009a6       0x34 /usr/local/Cellar/gcc-arm-none-eabi/20180627/bin/../lib/gcc/arm-none-eabi/7.3.1/../../../../arm-none-eabi/lib/thumb/v7e-m/fpv4-sp/hard/libc_nano.a(lib_a-reent.o)
 .ARM.attributes
                0x00000000000009da       0x34 /usr/local/Cellar/gcc-arm-none-eabi/20180627/bin/../lib/gcc/arm-none-eabi/7.3.1/../../../../arm-none-eabi/lib/thumb/v7e-m/fpv4-sp/hard/libnosys.a(sbrk.o)
 .ARM.attributes
                0x0000000000000a0e       0x22 /usr/local/Cellar/gcc-arm-none-eabi/20180627/bin/../lib/gcc/arm-none-eabi/7.3.1/thumb/v7e-m/fpv4-sp/hard/libgcc.a(_aeabi_uldivmod.o)
 .ARM.attributes
                0x0000000000000a30       0x34 /usr/local/Cellar/gcc-arm-none-eabi/20180627/bin/../lib/gcc/arm-none-eabi/7.3.1/thumb/v7e-m/fpv4-sp/hard/libgcc.a(_udivmoddi4.o)
 .ARM.attributes
                0x0000000000000a64       0x22 /usr/local/Cellar/gcc-arm-none-eabi/20180627/bin/../lib/gcc/arm-none-eabi/7.3.1/thumb/v7e-m/fpv4-sp/hard/libgcc.a(_dvmd_tls.o)
 .ARM.attributes
                0x0000000000000a86       0x22 /usr/local/Cellar/gcc-arm-none-eabi/20180627/bin/../lib/gcc/arm-none-eabi/7.3.1/thumb/v7e-m/fpv4-sp/hard/crtn.o
OUTPUT(build/CDC_USB.elf elf32-littlearm)

.debug_info     0x0000000000000000    0x24a0d
 .debug_info    0x0000000000000000     0x1e1c build/main.o
 .debug_info    0x0000000000001e1c     0x17e8 build/usb_device.o
 .debug_info    0x0000000000003604     0x303b build/usbd_conf.o
 .debug_info    0x000000000000663f     0x16ca build/usbd_desc.o
 .debug_info    0x0000000000007d09     0x1ccf build/usbd_cdc_if.o
 .debug_info    0x00000000000099d8     0x1925 build/flash_firmware.o
 .debug_info    0x000000000000b2fd     0x15a8 build/system_jump.o
 .debug_info    0x000000000000c8a5      0xe77 build/stm32l4xx_it.o
 .debug_info    0x000000000000d71c      0xd10 build/stm32l4xx_hal_msp.o
 .debug_info    0x000000000000e42c     0x1aa0 build/stm32l4xx_hal_pcd.o
 .debug_info    0x000000000000fecc      0xbe6 build/stm32l4xx_hal_pcd_ex.o
 .debug_info    0x0000000000010ab2     0x1e33 build/stm32l4xx_ll_usb.o
 .debug_info    0x00000000000128e5      0xf04 build/stm32l4xx_hal.o
 .debug_info    0x00000000000137e9     0x1099 build/stm32l4xx_hal_rcc.o
 .debug_info    0x0000000000014882     0x1438 build/stm32l4xx_hal_rcc_ex.o
 .debug_info    0x0000000000015cba      0x930 build/stm32l4xx_hal_flash.o
 .debug_info    0x00000000000165ea      0xb63 build/stm32l4xx_hal_flash_ex.o
 .debug_info    0x000000000001714d      0xa6b build/stm32l4xx_hal_gpio.o
 .debug_info    0x0000000000017bb8      0xbf4 build/stm32l4xx_hal_pwr.o
 .debug_info    0x00000000000187ac      0xcba build/stm32l4xx_hal_pwr_ex.o
 .debug_info    0x0000000000019466     0x119a build/stm32l4xx_hal_cortex.o
 .debug_info    0x000000000001a600     0x2046 build/stm32l4xx_hal_uart.o
 .debug_info    0x000000000001c646      0x7a3 build/system_stm32l4xx.o
 .debug_info    0x000000000001cde9     0x1e0e build/usbd_core.o
 .debug_info    0x000000000001ebf7     0x2129 build/usbd_ctlreq.o
 .debug_info    0x0000000000020d20     0x188d build/usbd_ioreq.o
 .debug_info    0x00000000000225ad     0x243e build/usbd_cdc.o
 .debug_info    0x00000000000249eb       0x22 build/startup_stm32l476xx.o

.debug_abbrev   0x0000000000000000     0x42c7
 .debug_abbrev  0x0000000000000000      0x2b6 build/main.o
 .debug_abbrev  0x00000000000002b6      0x230 build/usb_device.o
 .debug_abbrev  0x00000000000004e6      0x34b build/usbd_conf.o
 .debug_abbrev  0x0000000000000831      0x2b8 build/usbd_desc.o
 .debug_abbrev  0x0000000000000ae9      0x333 build/usbd_cdc_if.o
 .debug_abbrev  0x0000000000000e1c      0x26b build/flash_firmware.o
 .debug_abbrev  0x0000000000001087      0x26f build/system_jump.o
 .debug_abbrev  0x00000000000012f6      0x190 build/stm32l4xx_it.o
 .debug_abbrev  0x0000000000001486      0x19c build/stm32l4xx_hal_msp.o
 .debug_abbrev  0x0000000000001622      0x2ad build/stm32l4xx_hal_pcd.o
 .debug_abbrev  0x00000000000018cf      0x265 build/stm32l4xx_hal_pcd_ex.o
 .debug_abbrev  0x0000000000001b34      0x2dc build/stm32l4xx_ll_usb.o
 .debug_abbrev  0x0000000000001e10      0x223 build/stm32l4xx_hal.o
 .debug_abbrev  0x0000000000002033      0x255 build/stm32l4xx_hal_rcc.o
 .debug_abbrev  0x0000000000002288      0x280 build/stm32l4xx_hal_rcc_ex.o
 .debug_abbrev  0x0000000000002508      0x319 build/stm32l4xx_hal_flash.o
 .debug_abbrev  0x0000000000002821      0x25d build/stm32l4xx_hal_flash_ex.o
 .debug_abbrev  0x0000000000002a7e      0x213 build/stm32l4xx_hal_gpio.o
 .debug_abbrev  0x0000000000002c91      0x1a7 build/stm32l4xx_hal_pwr.o
 .debug_abbrev  0x0000000000002e38      0x20f build/stm32l4xx_hal_pwr_ex.o
 .debug_abbrev  0x0000000000003047      0x33d build/stm32l4xx_hal_cortex.o
 .debug_abbrev  0x0000000000003384      0x282 build/stm32l4xx_hal_uart.o
 .debug_abbrev  0x0000000000003606      0x14f build/system_stm32l4xx.o
 .debug_abbrev  0x0000000000003755      0x2d5 build/usbd_core.o
 .debug_abbrev  0x0000000000003a2a      0x334 build/usbd_ctlreq.o
 .debug_abbrev  0x0000000000003d5e      0x206 build/usbd_ioreq.o
 .debug_abbrev  0x0000000000003f64      0x351 build/usbd_cdc.o
 .debug_abbrev  0x00000000000042b5       0x12 build/startup_stm32l476xx.o

.debug_loc      0x0000000000000000     0xe1c7
 .debug_loc     0x0000000000000000       0xb1 build/main.o
 .debug_loc     0x00000000000000b1       0x40 build/usb_device.o
 .debug_loc     0x00000000000000f1     0x1099 build/usbd_conf.o
 .debug_loc     0x000000000000118a      0x41b build/usbd_desc.o
 .debug_loc     0x00000000000015a5      0x1a8 build/usbd_cdc_if.o
 .debug_loc     0x000000000000174d       0xa4 build/flash_firmware.o
 .debug_loc     0x00000000000017f1       0x72 build/system_jump.o
 .debug_loc     0x0000000000001863       0x40 build/stm32l4xx_it.o
 .debug_loc     0x00000000000018a3      0x104 build/stm32l4xx_hal_msp.o
 .debug_loc     0x00000000000019a7     0x1145 build/stm32l4xx_hal_pcd.o
 .debug_loc     0x0000000000002aec      0x1e8 build/stm32l4xx_hal_pcd_ex.o
 .debug_loc     0x0000000000002cd4     0x207d build/stm32l4xx_ll_usb.o
 .debug_loc     0x0000000000004d51      0x2bd build/stm32l4xx_hal.o
 .debug_loc     0x000000000000500e      0x7e6 build/stm32l4xx_hal_rcc.o
 .debug_loc     0x00000000000057f4     0x1e2a build/stm32l4xx_hal_rcc_ex.o
 .debug_loc     0x000000000000761e      0x5a8 build/stm32l4xx_hal_flash.o
 .debug_loc     0x0000000000007bc6      0x93a build/stm32l4xx_hal_flash_ex.o
 .debug_loc     0x0000000000008500      0x36e build/stm32l4xx_hal_gpio.o
 .debug_loc     0x000000000000886e      0x1bd build/stm32l4xx_hal_pwr.o
 .debug_loc     0x0000000000008a2b      0x9fa build/stm32l4xx_hal_pwr_ex.o
 .debug_loc     0x0000000000009425      0x65e build/stm32l4xx_hal_cortex.o
 .debug_loc     0x0000000000009a83     0x1f38 build/stm32l4xx_hal_uart.o
 .debug_loc     0x000000000000b9bb      0x1b8 build/system_stm32l4xx.o
 .debug_loc     0x000000000000bb73      0x879 build/usbd_core.o
 .debug_loc     0x000000000000c3ec     0x1266 build/usbd_ctlreq.o
 .debug_loc     0x000000000000d652      0x31c build/usbd_ioreq.o
 .debug_loc     0x000000000000d96e      0x859 build/usbd_cdc.o

.debug_aranges  0x0000000000000000     0x1120
 .debug_aranges
                0x0000000000000000       0x40 build/main.o
 .debug_aranges
                0x0000000000000040       0x28 build/usb_device.o
 .debug_aranges
                0x0000000000000068      0x118 build/usbd_conf.o
 .debug_aranges
                0x0000000000000180       0x68 build/usbd_desc.o
 .debug_aranges
                0x00000000000001e8       0x40 build/usbd_cdc_if.o
 .debug_aranges
                0x0000000000000228       0x20 build/flash_firmware.o
 .debug_aranges
                0x0000000000000248       0x20 build/system_jump.o
 .debug_aranges
                0x0000000000000268       0x68 build/stm32l4xx_it.o
 .debug_aranges
                0x00000000000002d0       0x30 build/stm32l4xx_hal_msp.o
 .debug_aranges
                0x0000000000000300      0x130 build/stm32l4xx_hal_pcd.o
 .debug_aranges
                0x0000000000000430       0x60 build/stm32l4xx_hal_pcd_ex.o
 .debug_aranges
                0x0000000000000490      0x198 build/stm32l4xx_ll_usb.o
 .debug_aranges
                0x0000000000000628      0x130 build/stm32l4xx_hal.o
 .debug_aranges
                0x0000000000000758       0x88 build/stm32l4xx_hal_rcc.o
 .debug_aranges
                0x00000000000007e0       0xc0 build/stm32l4xx_hal_rcc_ex.o
 .debug_aranges
                0x00000000000008a0       0x88 build/stm32l4xx_hal_flash.o
 .debug_aranges
                0x0000000000000928       0x90 build/stm32l4xx_hal_flash_ex.o
 .debug_aranges
                0x00000000000009b8       0x58 build/stm32l4xx_hal_gpio.o
 .debug_aranges
                0x0000000000000a10       0x98 build/stm32l4xx_hal_pwr.o
 .debug_aranges
                0x0000000000000aa8      0x150 build/stm32l4xx_hal_pwr_ex.o
 .debug_aranges
                0x0000000000000bf8       0xa8 build/stm32l4xx_hal_cortex.o
 .debug_aranges
                0x0000000000000ca0      0x210 build/stm32l4xx_hal_uart.o
 .debug_aranges
                0x0000000000000eb0       0x28 build/system_stm32l4xx.o
 .debug_aranges
                0x0000000000000ed8       0xb8 build/usbd_core.o
 .debug_aranges
                0x0000000000000f90       0x88 build/usbd_ctlreq.o
 .debug_aranges
                0x0000000000001018       0x50 build/usbd_ioreq.o
 .debug_aranges
                0x0000000000001068       0x90 build/usbd_cdc.o
 .debug_aranges
                0x00000000000010f8       0x28 build/startup_stm32l476xx.o

.debug_ranges   0x0000000000000000     0x1018
 .debug_ranges  0x0000000000000000       0x30 build/main.o
 .debug_ranges  0x0000000000000030       0x18 build/usb_device.o
 .debug_ranges  0x0000000000000048      0x108 build/usbd_conf.o
 .debug_ranges  0x0000000000000150       0x58 build/usbd_desc.o
 .debug_ranges  0x00000000000001a8       0x30 build/usbd_cdc_if.o
 .debug_ranges  0x00000000000001d8       0x28 build/flash_firmware.o
 .debug_ranges  0x0000000000000200       0x10 build/system_jump.o
 .debug_ranges  0x0000000000000210       0x58 build/stm32l4xx_it.o
 .debug_ranges  0x0000000000000268       0x20 build/stm32l4xx_hal_msp.o
 .debug_ranges  0x0000000000000288      0x120 build/stm32l4xx_hal_pcd.o
 .debug_ranges  0x00000000000003a8       0x50 build/stm32l4xx_hal_pcd_ex.o
 .debug_ranges  0x00000000000003f8      0x188 build/stm32l4xx_ll_usb.o
 .debug_ranges  0x0000000000000580      0x120 build/stm32l4xx_hal.o
 .debug_ranges  0x00000000000006a0       0x90 build/stm32l4xx_hal_rcc.o
 .debug_ranges  0x0000000000000730       0xd0 build/stm32l4xx_hal_rcc_ex.o
 .debug_ranges  0x0000000000000800       0x78 build/stm32l4xx_hal_flash.o
 .debug_ranges  0x0000000000000878       0x80 build/stm32l4xx_hal_flash_ex.o
 .debug_ranges  0x00000000000008f8       0x48 build/stm32l4xx_hal_gpio.o
 .debug_ranges  0x0000000000000940       0x88 build/stm32l4xx_hal_pwr.o
 .debug_ranges  0x00000000000009c8      0x140 build/stm32l4xx_hal_pwr_ex.o
 .debug_ranges  0x0000000000000b08       0xf8 build/stm32l4xx_hal_cortex.o
 .debug_ranges  0x0000000000000c00      0x200 build/stm32l4xx_hal_uart.o
 .debug_ranges  0x0000000000000e00       0x18 build/system_stm32l4xx.o
 .debug_ranges  0x0000000000000e18       0xa8 build/usbd_core.o
 .debug_ranges  0x0000000000000ec0       0x78 build/usbd_ctlreq.o
 .debug_ranges  0x0000000000000f38       0x40 build/usbd_ioreq.o
 .debug_ranges  0x0000000000000f78       0x80 build/usbd_cdc.o
 .debug_ranges  0x0000000000000ff8       0x20 build/startup_stm32l476xx.o

.debug_line     0x0000000000000000     0x8a8e
 .debug_line    0x0000000000000000      0x40d build/main.o
 .debug_line    0x000000000000040d      0x3a7 build/usb_device.o
 .debug_line    0x00000000000007b4      0x6f7 build/usbd_conf.o
 .debug_line    0x0000000000000eab      0x405 build/usbd_desc.o
 .debug_line    0x00000000000012b0      0x43f build/usbd_cdc_if.o
 .debug_line    0x00000000000016ef      0x3b3 build/flash_firmware.o
 .debug_line    0x0000000000001aa2      0x33f build/system_jump.o
 .debug_line    0x0000000000001de1      0x2d1 build/stm32l4xx_it.o
 .debug_line    0x00000000000020b2      0x264 build/stm32l4xx_hal_msp.o
 .debug_line    0x0000000000002316      0x7af build/stm32l4xx_hal_pcd.o
 .debug_line    0x0000000000002ac5      0x2fb build/stm32l4xx_hal_pcd_ex.o
 .debug_line    0x0000000000002dc0      0x87a build/stm32l4xx_ll_usb.o
 .debug_line    0x000000000000363a      0x4a3 build/stm32l4xx_hal.o
 .debug_line    0x0000000000003add      0x5e8 build/stm32l4xx_hal_rcc.o
 .debug_line    0x00000000000040c5      0x870 build/stm32l4xx_hal_rcc_ex.o
 .debug_line    0x0000000000004935      0x411 build/stm32l4xx_hal_flash.o
 .debug_line    0x0000000000004d46      0x4bc build/stm32l4xx_hal_flash_ex.o
 .debug_line    0x0000000000005202      0x37a build/stm32l4xx_hal_gpio.o
 .debug_line    0x000000000000557c      0x366 build/stm32l4xx_hal_pwr.o
 .debug_line    0x00000000000058e2      0x68b build/stm32l4xx_hal_pwr_ex.o
 .debug_line    0x0000000000005f6d      0x46c build/stm32l4xx_hal_cortex.o
 .debug_line    0x00000000000063d9      0xea7 build/stm32l4xx_hal_uart.o
 .debug_line    0x0000000000007280      0x22a build/system_stm32l4xx.o
 .debug_line    0x00000000000074aa      0x5a0 build/usbd_core.o
 .debug_line    0x0000000000007a4a      0x656 build/usbd_ctlreq.o
 .debug_line    0x00000000000080a0      0x3c8 build/usbd_ioreq.o
 .debug_line    0x0000000000008468      0x5b3 build/usbd_cdc.o
 .debug_line    0x0000000000008a1b       0x73 build/startup_stm32l476xx.o

.debug_str      0x0000000000000000     0x58d1
 .debug_str     0x0000000000000000     0x11d4 build/main.o
                                       0x12cd (size before relaxing)
 .debug_str     0x00000000000011d4      0x411 build/usb_device.o
                                       0x1027 (size before relaxing)
 .debug_str     0x00000000000015e5      0xe17 build/usbd_conf.o
                                       0x1f90 (size before relaxing)
 .debug_str     0x00000000000023fc      0x19b build/usbd_desc.o
                                        0xe32 (size before relaxing)
 .debug_str     0x0000000000002597      0x179 build/usbd_cdc_if.o
                                       0x11a4 (size before relaxing)
 .debug_str     0x0000000000002710       0xd8 build/flash_firmware.o
                                       0x1090 (size before relaxing)
 .debug_str     0x00000000000027e8       0xcc build/system_jump.o
                                        0xd64 (size before relaxing)
 .debug_str     0x00000000000028b4       0xd4 build/stm32l4xx_it.o
                                        0xbd6 (size before relaxing)
 .debug_str     0x0000000000002988       0x4e build/stm32l4xx_hal_msp.o
                                        0x974 (size before relaxing)
 .debug_str     0x00000000000029d6      0x53b build/stm32l4xx_hal_pcd.o
                                        0xf67 (size before relaxing)
 .debug_str     0x0000000000002f11      0x187 build/stm32l4xx_hal_pcd_ex.o
                                        0x9b7 (size before relaxing)
 .debug_str     0x0000000000003098      0x413 build/stm32l4xx_ll_usb.o
                                        0xe9a (size before relaxing)
 .debug_str     0x00000000000034ab      0x3fa build/stm32l4xx_hal.o
                                        0xed9 (size before relaxing)
 .debug_str     0x00000000000038a5      0x246 build/stm32l4xx_hal_rcc.o
                                        0xa45 (size before relaxing)
 .debug_str     0x0000000000003aeb      0x307 build/stm32l4xx_hal_rcc_ex.o
                                        0xcca (size before relaxing)
 .debug_str     0x0000000000003df2      0x1ec build/stm32l4xx_hal_flash.o
                                        0x6db (size before relaxing)
 .debug_str     0x0000000000003fde      0x22e build/stm32l4xx_hal_flash_ex.o
                                        0x76b (size before relaxing)
 .debug_str     0x000000000000420c       0xd5 build/stm32l4xx_hal_gpio.o
                                        0x75d (size before relaxing)
 .debug_str     0x00000000000042e1      0x23e build/stm32l4xx_hal_pwr.o
                                        0x8b9 (size before relaxing)
 .debug_str     0x000000000000451f      0x3e8 build/stm32l4xx_hal_pwr_ex.o
                                        0xa0f (size before relaxing)
 .debug_str     0x0000000000004907      0x40d build/stm32l4xx_hal_cortex.o
                                        0xe18 (size before relaxing)
 .debug_str     0x0000000000004d14      0x75c build/stm32l4xx_hal_uart.o
                                       0x1109 (size before relaxing)
 .debug_str     0x0000000000005470       0x38 build/system_stm32l4xx.o
                                        0x5ab (size before relaxing)
 .debug_str     0x00000000000054a8      0x134 build/usbd_core.o
                                       0x11ee (size before relaxing)
 .debug_str     0x00000000000055dc       0xe2 build/usbd_ctlreq.o
                                       0x1108 (size before relaxing)
 .debug_str     0x00000000000056be       0x60 build/usbd_ioreq.o
                                       0x1035 (size before relaxing)
 .debug_str     0x000000000000571e      0x18f build/usbd_cdc.o
                                       0x15f4 (size before relaxing)
 .debug_str     0x00000000000058ad       0x24 build/startup_stm32l476xx.o
                                         0x56 (size before relaxing)

.comment        0x0000000000000000       0x7f
 .comment       0x0000000000000000       0x7f build/main.o
                                         0x80 (size before relaxing)
 .comment       0x000000000000007f       0x80 build/usb_device.o
 .comment       0x000000000000007f       0x80 build/usbd_conf.o
 .comment       0x000000000000007f       0x80 build/usbd_desc.o
 .comment       0x000000000000007f       0x80 build/usbd_cdc_if.o
 .comment       0x000000000000007f       0x80 build/flash_firmware.o
 .comment       0x000000000000007f       0x80 build/system_jump.o
 .comment       0x000000000000007f       0x80 build/stm32l4xx_it.o
 .comment       0x000000000000007f       0x80 build/stm32l4xx_hal_msp.o
 .comment       0x000000000000007f       0x80 build/stm32l4xx_hal_pcd.o
 .comment       0x000000000000007f       0x80 build/stm32l4xx_hal_pcd_ex.o
 .comment       0x000000000000007f       0x80 build/stm32l4xx_ll_usb.o
 .comment       0x000000000000007f       0x80 build/stm32l4xx_hal.o
 .comment       0x000000000000007f       0x80 build/stm32l4xx_hal_rcc.o
 .comment       0x000000000000007f       0x80 build/stm32l4xx_hal_rcc_ex.o
 .comment       0x000000000000007f       0x80 build/stm32l4xx_hal_flash.o
 .comment       0x000000000000007f       0x80 build/stm32l4xx_hal_flash_ex.o
 .comment       0x000000000000007f       0x80 build/stm32l4xx_hal_gpio.o
 .comment       0x000000000000007f       0x80 build/stm32l4xx_hal_pwr.o
 .comment       0x000000000000007f       0x80 build/stm32l4xx_hal_pwr_ex.o
 .comment       0x000000000000007f       0x80 build/stm32l4xx_hal_cortex.o
 .comment       0x000000000000007f       0x80 build/stm32l4xx_hal_uart.o
 .comment       0x000000000000007f       0x80 build/system_stm32l4xx.o
 .comment       0x000000000000007f       0x80 build/usbd_core.o
 .comment       0x000000000000007f       0x80 build/usbd_ctlreq.o
 .comment       0x000000000000007f       0x80 build/usbd_ioreq.o
 .comment       0x000000000000007f       0x80 build/usbd_cdc.o

.debug_frame    0x0000000000000000     0x3114
 .debug_frame   0x0000000000000000       0xa4 build/main.o
 .debug_frame   0x00000000000000a4       0x48 build/usb_device.o
 .debug_frame   0x00000000000000ec      0x37c build/usbd_conf.o
 .debug_frame   0x0000000000000468      0x10c build/usbd_desc.o
 .debug_frame   0x0000000000000574       0x94 build/usbd_cdc_if.o
 .debug_frame   0x0000000000000608       0x3c build/flash_firmware.o
 .debug_frame   0x0000000000000644       0x2c build/system_jump.o
 .debug_frame   0x0000000000000670       0xc8 build/stm32l4xx_it.o
 .debug_frame   0x0000000000000738       0x64 build/stm32l4xx_hal_msp.o
 .debug_frame   0x000000000000079c      0x3b4 build/stm32l4xx_hal_pcd.o
 .debug_frame   0x0000000000000b50       0xc0 build/stm32l4xx_hal_pcd_ex.o
 .debug_frame   0x0000000000000c10      0x4d0 build/stm32l4xx_ll_usb.o
 .debug_frame   0x00000000000010e0      0x290 build/stm32l4xx_hal.o
 .debug_frame   0x0000000000001370      0x1c0 build/stm32l4xx_hal_rcc.o
 .debug_frame   0x0000000000001530      0x23c build/stm32l4xx_hal_rcc_ex.o
 .debug_frame   0x000000000000176c      0x158 build/stm32l4xx_hal_flash.o
 .debug_frame   0x00000000000018c4      0x19c build/stm32l4xx_hal_flash_ex.o
 .debug_frame   0x0000000000001a60       0xe4 build/stm32l4xx_hal_gpio.o
 .debug_frame   0x0000000000001b44      0x128 build/stm32l4xx_hal_pwr.o
 .debug_frame   0x0000000000001c6c      0x2a4 build/stm32l4xx_hal_pwr_ex.o
 .debug_frame   0x0000000000001f10      0x16c build/stm32l4xx_hal_cortex.o
 .debug_frame   0x000000000000207c      0x658 build/stm32l4xx_hal_uart.o
 .debug_frame   0x00000000000026d4       0x30 build/system_stm32l4xx.o
 .debug_frame   0x0000000000002704      0x1f0 build/usbd_core.o
 .debug_frame   0x00000000000028f4      0x1ac build/usbd_ctlreq.o
 .debug_frame   0x0000000000002aa0       0xd4 build/usbd_ioreq.o
 .debug_frame   0x0000000000002b74      0x184 build/usbd_cdc.o
 .debug_frame   0x0000000000002cf8       0x2c /usr/local/Cellar/gcc-arm-none-eabi/20180627/bin/../lib/gcc/arm-none-eabi/7.3.1/../../../../arm-none-eabi/lib/thumb/v7e-m/fpv4-sp/hard/libc_nano.a(lib_a-init.o)
 .debug_frame   0x0000000000002d24       0x2c /usr/local/Cellar/gcc-arm-none-eabi/20180627/bin/../lib/gcc/arm-none-eabi/7.3.1/../../../../arm-none-eabi/lib/thumb/v7e-m/fpv4-sp/hard/libc_nano.a(lib_a-memcmp.o)
 .debug_frame   0x0000000000002d50       0x20 /usr/local/Cellar/gcc-arm-none-eabi/20180627/bin/../lib/gcc/arm-none-eabi/7.3.1/../../../../arm-none-eabi/lib/thumb/v7e-m/fpv4-sp/hard/libc_nano.a(lib_a-memset.o)
 .debug_frame   0x0000000000002d70       0x6c /usr/local/Cellar/gcc-arm-none-eabi/20180627/bin/../lib/gcc/arm-none-eabi/7.3.1/../../../../arm-none-eabi/lib/thumb/v7e-m/fpv4-sp/hard/libc_nano.a(lib_a-sprintf.o)
 .debug_frame   0x0000000000002ddc       0x90 /usr/local/Cellar/gcc-arm-none-eabi/20180627/bin/../lib/gcc/arm-none-eabi/7.3.1/../../../../arm-none-eabi/lib/thumb/v7e-m/fpv4-sp/hard/libc_nano.a(lib_a-nano-svfprintf.o)
 .debug_frame   0x0000000000002e6c       0x60 /usr/local/Cellar/gcc-arm-none-eabi/20180627/bin/../lib/gcc/arm-none-eabi/7.3.1/../../../../arm-none-eabi/lib/thumb/v7e-m/fpv4-sp/hard/libc_nano.a(lib_a-nano-vfprintf_i.o)
 .debug_frame   0x0000000000002ecc       0x28 /usr/local/Cellar/gcc-arm-none-eabi/20180627/bin/../lib/gcc/arm-none-eabi/7.3.1/../../../../arm-none-eabi/lib/thumb/v7e-m/fpv4-sp/hard/libc_nano.a(lib_a-memcpy-stub.o)
 .debug_frame   0x0000000000002ef4       0x28 /usr/local/Cellar/gcc-arm-none-eabi/20180627/bin/../lib/gcc/arm-none-eabi/7.3.1/../../../../arm-none-eabi/lib/thumb/v7e-m/fpv4-sp/hard/libc_nano.a(lib_a-memmove.o)
 .debug_frame   0x0000000000002f1c       0x38 /usr/local/Cellar/gcc-arm-none-eabi/20180627/bin/../lib/gcc/arm-none-eabi/7.3.1/../../../../arm-none-eabi/lib/thumb/v7e-m/fpv4-sp/hard/libc_nano.a(lib_a-nano-freer.o)
 .debug_frame   0x0000000000002f54       0x2c /usr/local/Cellar/gcc-arm-none-eabi/20180627/bin/../lib/gcc/arm-none-eabi/7.3.1/../../../../arm-none-eabi/lib/thumb/v7e-m/fpv4-sp/hard/libc_nano.a(lib_a-nano-mallocr.o)
 .debug_frame   0x0000000000002f80       0x3c /usr/local/Cellar/gcc-arm-none-eabi/20180627/bin/../lib/gcc/arm-none-eabi/7.3.1/../../../../arm-none-eabi/lib/thumb/v7e-m/fpv4-sp/hard/libc_nano.a(lib_a-nano-reallocr.o)
 .debug_frame   0x0000000000002fbc       0x2c /usr/local/Cellar/gcc-arm-none-eabi/20180627/bin/../lib/gcc/arm-none-eabi/7.3.1/../../../../arm-none-eabi/lib/thumb/v7e-m/fpv4-sp/hard/libc_nano.a(lib_a-sbrkr.o)
 .debug_frame   0x0000000000002fe8       0x30 /usr/local/Cellar/gcc-arm-none-eabi/20180627/bin/../lib/gcc/arm-none-eabi/7.3.1/../../../../arm-none-eabi/lib/thumb/v7e-m/fpv4-sp/hard/libc_nano.a(lib_a-mlock.o)
 .debug_frame   0x0000000000003018       0x20 /usr/local/Cellar/gcc-arm-none-eabi/20180627/bin/../lib/gcc/arm-none-eabi/7.3.1/../../../../arm-none-eabi/lib/thumb/v7e-m/fpv4-sp/hard/libc_nano.a(lib_a-nano-msizer.o)
 .debug_frame   0x0000000000003038       0x5c /usr/local/Cellar/gcc-arm-none-eabi/20180627/bin/../lib/gcc/arm-none-eabi/7.3.1/../../../../arm-none-eabi/lib/thumb/v7e-m/fpv4-sp/hard/libc_nano.a(lib_a-reent.o)
 .debug_frame   0x0000000000003094       0x20 /usr/local/Cellar/gcc-arm-none-eabi/20180627/bin/../lib/gcc/arm-none-eabi/7.3.1/../../../../arm-none-eabi/lib/thumb/v7e-m/fpv4-sp/hard/libnosys.a(sbrk.o)
 .debug_frame   0x00000000000030b4       0x2c /usr/local/Cellar/gcc-arm-none-eabi/20180627/bin/../lib/gcc/arm-none-eabi/7.3.1/thumb/v7e-m/fpv4-sp/hard/libgcc.a(_aeabi_uldivmod.o)
 .debug_frame   0x00000000000030e0       0x34 /usr/local/Cellar/gcc-arm-none-eabi/20180627/bin/../lib/gcc/arm-none-eabi/7.3.1/thumb/v7e-m/fpv4-sp/hard/libgcc.a(_udivmoddi4.o)

Cross Reference Table

Symbol                                            File
ADC1_2_IRQHandler                                 build/startup_stm32l476xx.o
ADC3_IRQHandler                                   build/startup_stm32l476xx.o
AHBPrescTable                                     build/system_stm32l4xx.o
                                                  build/stm32l4xx_hal_rcc.o
APBPrescTable                                     build/system_stm32l4xx.o
                                                  build/stm32l4xx_hal_rcc.o
BusFault_Handler                                  build/stm32l4xx_it.o