Archive member included to satisfy reference by file (symbol)

/usr/local/Cellar/gcc-arm-none-eabi/20180627/bin/../lib/gcc/arm-none-eabi/7.3.1/../../../../arm-none-eabi/lib/thumb/v7e-m/fpv4-sp/hard/libc_nano.a(lib_a-exit.o)
                              /usr/local/Cellar/gcc-arm-none-eabi/20180627/bin/../lib/gcc/arm-none-eabi/7.3.1/../../../../arm-none-eabi/lib/thumb/v7e-m/fpv4-sp/hard/crt0.o (exit)
/usr/local/Cellar/gcc-arm-none-eabi/20180627/bin/../lib/gcc/arm-none-eabi/7.3.1/../../../../arm-none-eabi/lib/thumb/v7e-m/fpv4-sp/hard/libc_nano.a(lib_a-impure.o)
                              /usr/local/Cellar/gcc-arm-none-eabi/20180627/bin/../lib/gcc/arm-none-eabi/7.3.1/../../../../arm-none-eabi/lib/thumb/v7e-m/fpv4-sp/hard/libc_nano.a(lib_a-exit.o) (_global_impure_ptr)
/usr/local/Cellar/gcc-arm-none-eabi/20180627/bin/../lib/gcc/arm-none-eabi/7.3.1/../../../../arm-none-eabi/lib/thumb/v7e-m/fpv4-sp/hard/libc_nano.a(lib_a-init.o)
                              /usr/local/Cellar/gcc-arm-none-eabi/20180627/bin/../lib/gcc/arm-none-eabi/7.3.1/../../../../arm-none-eabi/lib/thumb/v7e-m/fpv4-sp/hard/crt0.o (__libc_init_array)
/usr/local/Cellar/gcc-arm-none-eabi/20180627/bin/../lib/gcc/arm-none-eabi/7.3.1/../../../../arm-none-eabi/lib/thumb/v7e-m/fpv4-sp/hard/libc_nano.a(lib_a-malloc.o)
                              build/flash_firmware.o (malloc)
/usr/local/Cellar/gcc-arm-none-eabi/20180627/bin/../lib/gcc/arm-none-eabi/7.3.1/../../../../arm-none-eabi/lib/thumb/v7e-m/fpv4-sp/hard/libc_nano.a(lib_a-memcmp.o)
                              build/usbd_cdc_if.o (memcmp)
/usr/local/Cellar/gcc-arm-none-eabi/20180627/bin/../lib/gcc/arm-none-eabi/7.3.1/../../../../arm-none-eabi/lib/thumb/v7e-m/fpv4-sp/hard/libc_nano.a(lib_a-memset.o)
                              /usr/local/Cellar/gcc-arm-none-eabi/20180627/bin/../lib/gcc/arm-none-eabi/7.3.1/../../../../arm-none-eabi/lib/thumb/v7e-m/fpv4-sp/hard/crt0.o (memset)
/usr/local/Cellar/gcc-arm-none-eabi/20180627/bin/../lib/gcc/arm-none-eabi/7.3.1/../../../../arm-none-eabi/lib/thumb/v7e-m/fpv4-sp/hard/libc_nano.a(lib_a-nano-freer.o)
                              /usr/local/Cellar/gcc-arm-none-eabi/20180627/bin/../lib/gcc/arm-none-eabi/7.3.1/../../../../arm-none-eabi/lib/thumb/v7e-m/fpv4-sp/hard/libc_nano.a(lib_a-malloc.o) (_free_r)
/usr/local/Cellar/gcc-arm-none-eabi/20180627/bin/../lib/gcc/arm-none-eabi/7.3.1/../../../../arm-none-eabi/lib/thumb/v7e-m/fpv4-sp/hard/libc_nano.a(lib_a-nano-mallocr.o)
                              /usr/local/Cellar/gcc-arm-none-eabi/20180627/bin/../lib/gcc/arm-none-eabi/7.3.1/../../../../arm-none-eabi/lib/thumb/v7e-m/fpv4-sp/hard/libc_nano.a(lib_a-malloc.o) (_malloc_r)
/usr/local/Cellar/gcc-arm-none-eabi/20180627/bin/../lib/gcc/arm-none-eabi/7.3.1/../../../../arm-none-eabi/lib/thumb/v7e-m/fpv4-sp/hard/libc_nano.a(lib_a-sbrkr.o)
                              /usr/local/Cellar/gcc-arm-none-eabi/20180627/bin/../lib/gcc/arm-none-eabi/7.3.1/../../../../arm-none-eabi/lib/thumb/v7e-m/fpv4-sp/hard/libc_nano.a(lib_a-nano-mallocr.o) (_sbrk_r)
/usr/local/Cellar/gcc-arm-none-eabi/20180627/bin/../lib/gcc/arm-none-eabi/7.3.1/../../../../arm-none-eabi/lib/thumb/v7e-m/fpv4-sp/hard/libc_nano.a(lib_a-sprintf.o)
                              build/usbd_cdc_if.o (sprintf)
/usr/local/Cellar/gcc-arm-none-eabi/20180627/bin/../lib/gcc/arm-none-eabi/7.3.1/../../../../arm-none-eabi/lib/thumb/v7e-m/fpv4-sp/hard/libc_nano.a(lib_a-strndup.o)
                              build/flash_firmware.o (strndup)
/usr/local/Cellar/gcc-arm-none-eabi/20180627/bin/../lib/gcc/arm-none-eabi/7.3.1/../../../../arm-none-eabi/lib/thumb/v7e-m/fpv4-sp/hard/libc_nano.a(lib_a-strndup_r.o)
                              /usr/local/Cellar/gcc-arm-none-eabi/20180627/bin/../lib/gcc/arm-none-eabi/7.3.1/../../../../arm-none-eabi/lib/thumb/v7e-m/fpv4-sp/hard/libc_nano.a(lib_a-strndup.o) (_strndup_r)
/usr/local/Cellar/gcc-arm-none-eabi/20180627/bin/../lib/gcc/arm-none-eabi/7.3.1/../../../../arm-none-eabi/lib/thumb/v7e-m/fpv4-sp/hard/libc_nano.a(lib_a-memcpy-stub.o)
                              /usr/local/Cellar/gcc-arm-none-eabi/20180627/bin/../lib/gcc/arm-none-eabi/7.3.1/../../../../arm-none-eabi/lib/thumb/v7e-m/fpv4-sp/hard/libc_nano.a(lib_a-strndup_r.o) (memcpy)
/usr/local/Cellar/gcc-arm-none-eabi/20180627/bin/../lib/gcc/arm-none-eabi/7.3.1/../../../../arm-none-eabi/lib/thumb/v7e-m/fpv4-sp/hard/libc_nano.a(lib_a-mlock.o)
                              /usr/local/Cellar/gcc-arm-none-eabi/20180627/bin/../lib/gcc/arm-none-eabi/7.3.1/../../../../arm-none-eabi/lib/thumb/v7e-m/fpv4-sp/hard/libc_nano.a(lib_a-nano-freer.o) (__malloc_lock)
/usr/local/Cellar/gcc-arm-none-eabi/20180627/bin/../lib/gcc/arm-none-eabi/7.3.1/../../../../arm-none-eabi/lib/thumb/v7e-m/fpv4-sp/hard/libc_nano.a(lib_a-nano-svfprintf.o)
                              /usr/local/Cellar/gcc-arm-none-eabi/20180627/bin/../lib/gcc/arm-none-eabi/7.3.1/../../../../arm-none-eabi/lib/thumb/v7e-m/fpv4-sp/hard/libc_nano.a(lib_a-sprintf.o) (_svfprintf_r)
[...]
Memory Configuration

Name             Origin             Length             Attributes
RAM              0x0000000020000000 0x0000000000018000 xrw
RAM2             0x0000000010000000 0x0000000000008000 xrw
FLASH            0x0000000008000000 0x0000000000100000 xr
*default*        0x0000000000000000 0xffffffffffffffff

Linker script and memory map

LOAD /usr/local/Cellar/gcc-arm-none-eabi/20180627/bin/../lib/gcc/arm-none-eabi/7.3.1/thumb/v7e-m/fpv4-sp/hard/crti.o
LOAD /usr/local/Cellar/gcc-arm-none-eabi/20180627/bin/../lib/gcc/arm-none-eabi/7.3.1/thumb/v7e-m/fpv4-sp/hard/crtbegin.o
LOAD /usr/local/Cellar/gcc-arm-none-eabi/20180627/bin/../lib/gcc/arm-none-eabi/7.3.1/../../../../arm-none-eabi/lib/thumb/v7e-m/fpv4-sp/hard/crt0.o
LOAD build/main.o
LOAD build/usb_device.o
LOAD build/usbd_conf.o
LOAD build/usbd_desc.o
LOAD build/usbd_cdc_if.o
LOAD build/flash_firmware.o
LOAD build/stm32l4xx_it.o
LOAD build/stm32l4xx_hal_msp.o
LOAD build/stm32l4xx_hal_pcd.o
LOAD build/stm32l4xx_hal_pcd_ex.o
LOAD build/stm32l4xx_ll_usb.o
LOAD build/stm32l4xx_hal.o
LOAD build/stm32l4xx_hal_i2c.o
LOAD build/stm32l4xx_hal_i2c_ex.o
LOAD build/stm32l4xx_hal_rcc.o
LOAD build/stm32l4xx_hal_rcc_ex.o
LOAD build/stm32l4xx_hal_flash.o
LOAD build/stm32l4xx_hal_flash_ex.o
LOAD build/stm32l4xx_hal_flash_ramfunc.o
LOAD build/stm32l4xx_hal_gpio.o
LOAD build/stm32l4xx_hal_dma.o
LOAD build/stm32l4xx_hal_dma_ex.o
LOAD build/stm32l4xx_hal_pwr.o
LOAD build/stm32l4xx_hal_pwr_ex.o
LOAD build/stm32l4xx_hal_cortex.o
LOAD build/stm32l4xx_hal_exti.o
LOAD build/stm32l4xx_hal_tim.o
LOAD build/stm32l4xx_hal_tim_ex.o
LOAD build/stm32l4xx_hal_uart.o
LOAD build/stm32l4xx_hal_uart_ex.o
LOAD build/system_stm32l4xx.o
LOAD build/usbd_core.o
LOAD build/usbd_ctlreq.o
LOAD build/usbd_ioreq.o
LOAD build/usbd_cdc.o
LOAD build/startup_stm32l476xx.o
LOAD /usr/local/Cellar/gcc-arm-none-eabi/20180627/bin/../lib/gcc/arm-none-eabi/7.3.1/../../../../arm-none-eabi/lib/thumb/v7e-m/fpv4-sp/hard/libc_nano.a
LOAD /usr/local/Cellar/gcc-arm-none-eabi/20180627/bin/../lib/gcc/arm-none-eabi/7.3.1/../../../../arm-none-eabi/lib/thumb/v7e-m/fpv4-sp/hard/libm.a
LOAD /usr/local/Cellar/gcc-arm-none-eabi/20180627/bin/../lib/gcc/arm-none-eabi/7.3.1/../../../../arm-none-eabi/lib/thumb/v7e-m/fpv4-sp/hard/libnosys.a
START GROUP
LOAD /usr/local/Cellar/gcc-arm-none-eabi/20180627/bin/../lib/gcc/arm-none-eabi/7.3.1/thumb/v7e-m/fpv4-sp/hard/libgcc.a
LOAD /usr/local/Cellar/gcc-arm-none-eabi/20180627/bin/../lib/gcc/arm-none-eabi/7.3.1/../../../../arm-none-eabi/lib/thumb/v7e-m/fpv4-sp/hard/libc_nano.a
END GROUP
START GROUP
LOAD /usr/local/Cellar/gcc-arm-none-eabi/20180627/bin/../lib/gcc/arm-none-eabi/7.3.1/thumb/v7e-m/fpv4-sp/hard/libgcc.a
LOAD /usr/local/Cellar/gcc-arm-none-eabi/20180627/bin/../lib/gcc/arm-none-eabi/7.3.1/../../../../arm-none-eabi/lib/thumb/v7e-m/fpv4-sp/hard/libc_nano.a
END GROUP
LOAD /usr/local/Cellar/gcc-arm-none-eabi/20180627/bin/../lib/gcc/arm-none-eabi/7.3.1/thumb/v7e-m/fpv4-sp/hard/crtend.o
LOAD /usr/local/Cellar/gcc-arm-none-eabi/20180627/bin/../lib/gcc/arm-none-eabi/7.3.1/thumb/v7e-m/fpv4-sp/hard/crtn.o
                0x0000000020018000                _estack = 0x20018000
                0x0000000000000200                _Min_Heap_Size = 0x200
                0x0000000000000400                _Min_Stack_Size = 0x400

.isr_vector     0x0000000008000000      0x188
                0x0000000008000000                . = ALIGN (0x8)
 *(.isr_vector)
 .isr_vector    0x0000000008000000      0x188 build/startup_stm32l476xx.o
                0x0000000008000000                g_pfnVectors
                0x0000000008000188                . = ALIGN (0x8)

.text           0x0000000008000190     0x5748
                0x0000000008000190                . = ALIGN (0x8)
 *(.text)
 .text          0x0000000008000190       0x40 /usr/local/Cellar/gcc-arm-none-eabi/20180627/bin/../lib/gcc/arm-none-eabi/7.3.1/thumb/v7e-m/fpv4-sp/hard/crtbegin.o
 .text          0x00000000080001d0       0xa0 /usr/local/Cellar/gcc-arm-none-eabi/20180627/bin/../lib/gcc/arm-none-eabi/7.3.1/../../../../arm-none-eabi/lib/thumb/v7e-m/fpv4-sp/hard/libc_nano.a(lib_a-memchr.o)
                0x00000000080001d0                memchr
 .text          0x0000000008000270       0x30 /usr/local/Cellar/gcc-arm-none-eabi/20180627/bin/../lib/gcc/arm-none-eabi/7.3.1/thumb/v7e-m/fpv4-sp/hard/libgcc.a(_aeabi_uldivmod.o)
                0x0000000008000270                __aeabi_uldivmod
 .text          0x00000000080002a0      0x2cc /usr/local/Cellar/gcc-arm-none-eabi/20180627/bin/../lib/gcc/arm-none-eabi/7.3.1/thumb/v7e-m/fpv4-sp/hard/libgcc.a(_udivmoddi4.o)
                0x00000000080002a0                __udivmoddi4
 .text          0x000000000800056c        0x4 /usr/local/Cellar/gcc-arm-none-eabi/20180627/bin/../lib/gcc/arm-none-eabi/7.3.1/thumb/v7e-m/fpv4-sp/hard/libgcc.a(_dvmd_tls.o)
                0x000000000800056c                __aeabi_ldiv0
                0x000000000800056c                __aeabi_idiv0
 *(.text*)
 .text.MX_GPIO_Init
                0x0000000008000570       0xa0 build/main.o
 .text.MX_USART2_UART_Init
                0x0000000008000610       0x30 build/main.o
 .text.SystemClock_Config
                0x0000000008000640       0xb4 build/main.o
                0x0000000008000640                SystemClock_Config
 .text.main     0x00000000080006f4       0x18 build/main.o
                0x00000000080006f4                main
 .text.Error_Handler
                0x000000000800070c        0x2 build/main.o
                0x000000000800070c                Error_Handler
 *fill*         0x000000000800070e        0x2 
 .text.MX_USB_DEVICE_Init
                0x0000000008000710       0x54 build/usb_device.o
                0x0000000008000710                MX_USB_DEVICE_Init
 .text.SystemClockConfig_Resume
                0x0000000008000764        0x8 build/usbd_conf.o
 .text.HAL_PCD_MspInit
                0x000000000800076c       0xa0 build/usbd_conf.o
                0x000000000800076c                HAL_PCD_MspInit
 .text.HAL_PCD_SetupStageCallback
                0x000000000800080c       0x10 build/usbd_conf.o
                0x000000000800080c                HAL_PCD_SetupStageCallback
 .text.HAL_PCD_DataOutStageCallback
                0x000000000800081c       0x18 build/usbd_conf.o
                0x000000000800081c                HAL_PCD_DataOutStageCallback
 .text.HAL_PCD_DataInStageCallback
                0x0000000008000834       0x16 build/usbd_conf.o
                0x0000000008000834                HAL_PCD_DataInStageCallback
 .text.HAL_PCD_SOFCallback
                0x000000000800084a        0xc build/usbd_conf.o
                0x000000000800084a                HAL_PCD_SOFCallback
 .text.HAL_PCD_ResetCallback
                0x0000000008000856       0x22 build/usbd_conf.o
                0x0000000008000856                HAL_PCD_ResetCallback
 .text.HAL_PCD_SuspendCallback
                0x0000000008000878       0x30 build/usbd_conf.o
                0x0000000008000878                HAL_PCD_SuspendCallback
 .text.HAL_PCD_ResumeCallback
                0x00000000080008a8       0x34 build/usbd_conf.o
                0x00000000080008a8                HAL_PCD_ResumeCallback
 .text.HAL_PCD_ISOOUTIncompleteCallback
                0x00000000080008dc        0xc build/usbd_conf.o
                0x00000000080008dc                HAL_PCD_ISOOUTIncompleteCallback
 .text.HAL_PCD_ISOINIncompleteCallback
                0x00000000080008e8        0xc build/usbd_conf.o
                0x00000000080008e8                HAL_PCD_ISOINIncompleteCallback
 .text.HAL_PCD_ConnectCallback
                0x00000000080008f4        0xc build/usbd_conf.o
                0x00000000080008f4                HAL_PCD_ConnectCallback
 .text.HAL_PCD_DisconnectCallback
                0x0000000008000900        0xc build/usbd_conf.o
                0x0000000008000900                HAL_PCD_DisconnectCallback
 .text.USBD_LL_Init
                0x000000000800090c       0x68 build/usbd_conf.o
                0x000000000800090c                USBD_LL_Init
 .text.USBD_LL_Start
                0x0000000008000974       0x1c build/usbd_conf.o
                0x0000000008000974                USBD_LL_Start
 .text.USBD_LL_OpenEP
                0x0000000008000990       0x22 build/usbd_conf.o
                0x0000000008000990                USBD_LL_OpenEP
 .text.USBD_LL_CloseEP
                0x00000000080009b2       0x1c build/usbd_conf.o
                0x00000000080009b2                USBD_LL_CloseEP
 .text.USBD_LL_StallEP
                0x00000000080009ce       0x1c build/usbd_conf.o
                0x00000000080009ce                USBD_LL_StallEP
 .text.USBD_LL_ClearStallEP
                0x00000000080009ea       0x1c build/usbd_conf.o
                0x00000000080009ea                USBD_LL_ClearStallEP
 .text.USBD_LL_IsStallEP
                0x0000000008000a06       0x2e build/usbd_conf.o
                0x0000000008000a06                USBD_LL_IsStallEP
 .text.USBD_LL_SetUSBAddress
                0x0000000008000a34       0x1c build/usbd_conf.o
                0x0000000008000a34                USBD_LL_SetUSBAddress
 .text.USBD_LL_Transmit
                0x0000000008000a50       0x1c build/usbd_conf.o
                0x0000000008000a50                USBD_LL_Transmit
 .text.USBD_LL_PrepareReceive
                0x0000000008000a6c       0x1c build/usbd_conf.o
                0x0000000008000a6c                USBD_LL_PrepareReceive
 .text.USBD_LL_GetRxDataSize
                0x0000000008000a88        0xc build/usbd_conf.o
                0x0000000008000a88                USBD_LL_GetRxDataSize
 .text.HAL_PCDEx_LPM_Callback
                0x0000000008000a94       0x64 build/usbd_conf.o
                0x0000000008000a94                HAL_PCDEx_LPM_Callback
 .text.USBD_static_malloc
                0x0000000008000af8        0x8 build/usbd_conf.o
                0x0000000008000af8                USBD_static_malloc
 .text.USBD_static_free
                0x0000000008000b00        0x2 build/usbd_conf.o
                0x0000000008000b00                USBD_static_free
 *fill*         0x0000000008000b02        0x2 
 .text.USBD_FS_DeviceDescriptor
                0x0000000008000b04        0xc build/usbd_desc.o
                0x0000000008000b04                USBD_FS_DeviceDescriptor
 .text.USBD_FS_LangIDStrDescriptor
                0x0000000008000b10        0xc build/usbd_desc.o
                0x0000000008000b10                USBD_FS_LangIDStrDescriptor
 .text.USBD_FS_USR_BOSDescriptor
                0x0000000008000b1c        0xc build/usbd_desc.o
                0x0000000008000b1c                USBD_FS_USR_BOSDescriptor
 .text.IntToUnicode
                0x0000000008000b28       0x36 build/usbd_desc.o
 *fill*         0x0000000008000b5e        0x2 
 .text.Get_SerialNum
                0x0000000008000b60       0x34 build/usbd_desc.o
 .text.USBD_FS_SerialStrDescriptor
                0x0000000008000b94       0x14 build/usbd_desc.o
                0x0000000008000b94                USBD_FS_SerialStrDescriptor
 .text.USBD_FS_ProductStrDescriptor
                0x0000000008000ba8       0x24 build/usbd_desc.o
                0x0000000008000ba8                USBD_FS_ProductStrDescriptor
 .text.USBD_FS_ManufacturerStrDescriptor
                0x0000000008000bcc       0x1c build/usbd_desc.o
                0x0000000008000bcc                USBD_FS_ManufacturerStrDescriptor
 .text.USBD_FS_ConfigStrDescriptor
                0x0000000008000be8       0x24 build/usbd_desc.o
                0x0000000008000be8                USBD_FS_ConfigStrDescriptor
 .text.USBD_FS_InterfaceStrDescriptor
                0x0000000008000c0c       0x24 build/usbd_desc.o
                0x0000000008000c0c                USBD_FS_InterfaceStrDescriptor
 .text.CDC_DeInit_FS
                0x0000000008000c30        0x4 build/usbd_cdc_if.o
 .text.CDC_Control_FS
                0x0000000008000c34        0x4 build/usbd_cdc_if.o
 .text.CDC_Receive_FS
                0x0000000008000c38       0xdc build/usbd_cdc_if.o
 .text.CDC_Init_FS
                0x0000000008000d14       0x28 build/usbd_cdc_if.o
 .text.save_rec_fw
                0x0000000008000d3c       0xa4 build/flash_firmware.o
                0x0000000008000d3c                save_rec_fw
 .text.NMI_Handler
                0x0000000008000de0        0x2 build/stm32l4xx_it.o
                0x0000000008000de0                NMI_Handler
 .text.HardFault_Handler
                0x0000000008000de2        0x2 build/stm32l4xx_it.o
                0x0000000008000de2                HardFault_Handler
 .text.MemManage_Handler
                0x0000000008000de4        0x2 build/stm32l4xx_it.o
                0x0000000008000de4                MemManage_Handler
 .text.BusFault_Handler
                0x0000000008000de6        0x2 build/stm32l4xx_it.o
                0x0000000008000de6                BusFault_Handler
 .text.UsageFault_Handler
                0x0000000008000de8        0x2 build/stm32l4xx_it.o
                0x0000000008000de8                UsageFault_Handler
 .text.SVC_Handler
                0x0000000008000dea        0x2 build/stm32l4xx_it.o
                0x0000000008000dea                SVC_Handler
 .text.DebugMon_Handler
                0x0000000008000dec        0x2 build/stm32l4xx_it.o
                0x0000000008000dec                DebugMon_Handler
 .text.PendSV_Handler
                0x0000000008000dee        0x2 build/stm32l4xx_it.o
                0x0000000008000dee                PendSV_Handler
 .text.SysTick_Handler
                0x0000000008000df0        0x8 build/stm32l4xx_it.o
                0x0000000008000df0                SysTick_Handler
 .text.OTG_FS_IRQHandler
                0x0000000008000df8       0x10 build/stm32l4xx_it.o
                0x0000000008000df8                OTG_FS_IRQHandler
 .text.HAL_MspInit
                0x0000000008000e08       0x30 build/stm32l4xx_hal_msp.o
                0x0000000008000e08                HAL_MspInit
 .text.HAL_UART_MspInit
                0x0000000008000e38       0x68 build/stm32l4xx_hal_msp.o
                0x0000000008000e38                HAL_UART_MspInit
 .text.PCD_WriteEmptyTxFifo
                0x0000000008000ea0       0xcc build/stm32l4xx_hal_pcd.o
 .text.HAL_PCD_Init
                0x0000000008000f6c      0x130 build/stm32l4xx_hal_pcd.o
                0x0000000008000f6c                HAL_PCD_Init
 .text.HAL_PCD_Start
                0x000000000800109c       0x3c build/stm32l4xx_hal_pcd.o
                0x000000000800109c                HAL_PCD_Start
 .text.PCD_EP_OutXfrComplete_int
                0x00000000080010d8       0x44 build/stm32l4xx_hal_pcd.o
 .text.PCD_EP_OutSetupPacket_int
                0x000000000800111c       0x30 build/stm32l4xx_hal_pcd.o
 .text.HAL_PCD_IRQHandler
                0x000000000800114c      0x4b0 build/stm32l4xx_hal_pcd.o
                0x000000000800114c                HAL_PCD_IRQHandler
 .text.HAL_PCD_SetAddress
                0x00000000080015fc       0x28 build/stm32l4xx_hal_pcd.o
                0x00000000080015fc                HAL_PCD_SetAddress
 .text.HAL_PCD_EP_Open
                0x0000000008001624       0x82 build/stm32l4xx_hal_pcd.o
                0x0000000008001624                HAL_PCD_EP_Open
 .text.HAL_PCD_EP_Close
                0x00000000080016a6       0x6e build/stm32l4xx_hal_pcd.o
                0x00000000080016a6                HAL_PCD_EP_Close
 .text.HAL_PCD_EP_Receive
                0x0000000008001714       0x44 build/stm32l4xx_hal_pcd.o
                0x0000000008001714                HAL_PCD_EP_Receive
 .text.HAL_PCD_EP_GetRxCount
                0x0000000008001758       0x12 build/stm32l4xx_hal_pcd.o
                0x0000000008001758                HAL_PCD_EP_GetRxCount
 .text.HAL_PCD_EP_Transmit
                0x000000000800176a       0x3e build/stm32l4xx_hal_pcd.o
                0x000000000800176a                HAL_PCD_EP_Transmit
 .text.HAL_PCD_EP_SetStall
                0x00000000080017a8       0x80 build/stm32l4xx_hal_pcd.o
                0x00000000080017a8                HAL_PCD_EP_SetStall
 .text.HAL_PCD_EP_ClrStall
                0x0000000008001828       0x6e build/stm32l4xx_hal_pcd.o
                0x0000000008001828                HAL_PCD_EP_ClrStall
 .text.HAL_PCDEx_SetTxFiFo
                0x0000000008001896       0x48 build/stm32l4xx_hal_pcd_ex.o
                0x0000000008001896                HAL_PCDEx_SetTxFiFo
 .text.HAL_PCDEx_SetRxFiFo
                0x00000000080018de        0x8 build/stm32l4xx_hal_pcd_ex.o
                0x00000000080018de                HAL_PCDEx_SetRxFiFo
 .text.HAL_PCDEx_ActivateLPM
                0x00000000080018e6       0x26 build/stm32l4xx_hal_pcd_ex.o
                0x00000000080018e6                HAL_PCDEx_ActivateLPM
 .text.USB_CoreReset
                0x000000000800190c       0x3c build/stm32l4xx_ll_usb.o
 .text.USB_CoreInit
                0x0000000008001948       0x72 build/stm32l4xx_ll_usb.o
                0x0000000008001948                USB_CoreInit
 *fill*         0x00000000080019ba        0x2 
 .text.USB_SetTurnaroundTime
                0x00000000080019bc       0xec build/stm32l4xx_ll_usb.o
                0x00000000080019bc                USB_SetTurnaroundTime
 .text.USB_EnableGlobalInt
                0x0000000008001aa8        0xc build/stm32l4xx_ll_usb.o
                0x0000000008001aa8                USB_EnableGlobalInt
 .text.USB_DisableGlobalInt
                0x0000000008001ab4        0xc build/stm32l4xx_ll_usb.o
                0x0000000008001ab4                USB_DisableGlobalInt
 .text.USB_SetCurrentMode
                0x0000000008001ac0       0x30 build/stm32l4xx_ll_usb.o
                0x0000000008001ac0                USB_SetCurrentMode
 .text.USB_FlushTxFifo
                0x0000000008001af0       0x28 build/stm32l4xx_ll_usb.o
                0x0000000008001af0                USB_FlushTxFifo
 .text.USB_FlushRxFifo
                0x0000000008001b18       0x24 build/stm32l4xx_ll_usb.o
                0x0000000008001b18                USB_FlushRxFifo
 .text.USB_SetDevSpeed
                0x0000000008001b3c        0xe build/stm32l4xx_ll_usb.o
                0x0000000008001b3c                USB_SetDevSpeed
 *fill*         0x0000000008001b4a        0x2 
 .text.USB_DevInit
                0x0000000008001b4c      0x168 build/stm32l4xx_ll_usb.o
                0x0000000008001b4c                USB_DevInit
 .text.USB_GetDevSpeed
                0x0000000008001cb4       0x1c build/stm32l4xx_ll_usb.o
                0x0000000008001cb4                USB_GetDevSpeed
 .text.USB_ActivateEndpoint
                0x0000000008001cd0       0x94 build/stm32l4xx_ll_usb.o
                0x0000000008001cd0                USB_ActivateEndpoint
 .text.USB_DeactivateEndpoint
                0x0000000008001d64       0xdc build/stm32l4xx_ll_usb.o
                0x0000000008001d64                USB_DeactivateEndpoint
 .text.USB_EP0StartXfer
                0x0000000008001e40       0xec build/stm32l4xx_ll_usb.o
                0x0000000008001e40                USB_EP0StartXfer
 .text.USB_WritePacket
                0x0000000008001f2c       0x24 build/stm32l4xx_ll_usb.o
                0x0000000008001f2c                USB_WritePacket
 .text.USB_EPStartXfer
                0x0000000008001f50      0x1a8 build/stm32l4xx_ll_usb.o
                0x0000000008001f50                USB_EPStartXfer
 .text.USB_ReadPacket
                0x00000000080020f8       0x28 build/stm32l4xx_ll_usb.o
                0x00000000080020f8                USB_ReadPacket
 .text.USB_EPSetStall
                0x0000000008002120       0x5a build/stm32l4xx_ll_usb.o
                0x0000000008002120                USB_EPSetStall
 .text.USB_EPClearStall
                0x000000000800217a       0x5c build/stm32l4xx_ll_usb.o
                0x000000000800217a                USB_EPClearStall
 .text.USB_SetDevAddress
                0x00000000080021d6       0x20 build/stm32l4xx_ll_usb.o
                0x00000000080021d6                USB_SetDevAddress
 .text.USB_DevConnect
                0x00000000080021f6       0x18 build/stm32l4xx_ll_usb.o
                0x00000000080021f6                USB_DevConnect
 .text.USB_DevDisconnect
                0x000000000800220e       0x18 build/stm32l4xx_ll_usb.o
                0x000000000800220e                USB_DevDisconnect
 .text.USB_ReadInterrupts
                0x0000000008002226        0x8 build/stm32l4xx_ll_usb.o
                0x0000000008002226                USB_ReadInterrupts
 .text.USB_ReadDevAllOutEpInterrupt
                0x000000000800222e       0x10 build/stm32l4xx_ll_usb.o
                0x000000000800222e                USB_ReadDevAllOutEpInterrupt
 .text.USB_ReadDevAllInEpInterrupt
                0x000000000800223e       0x10 build/stm32l4xx_ll_usb.o
                0x000000000800223e                USB_ReadDevAllInEpInterrupt
 .text.USB_ReadDevOutEPInterrupt
                0x000000000800224e       0x12 build/stm32l4xx_ll_usb.o
                0x000000000800224e                USB_ReadDevOutEPInterrupt
 .text.USB_ReadDevInEPInterrupt
                0x0000000008002260       0x28 build/stm32l4xx_ll_usb.o
                0x0000000008002260                USB_ReadDevInEPInterrupt
 .text.USB_GetMode
                0x0000000008002288        0x8 build/stm32l4xx_ll_usb.o
                0x0000000008002288                USB_GetMode
 .text.USB_ActivateSetup
                0x0000000008002290       0x20 build/stm32l4xx_ll_usb.o
                0x0000000008002290                USB_ActivateSetup
 .text.USB_EP0_OutStart
                0x00000000080022b0       0x44 build/stm32l4xx_ll_usb.o
                0x00000000080022b0                USB_EP0_OutStart
 .text.HAL_InitTick
                0x00000000080022f4       0x50 build/stm32l4xx_hal.o
                0x00000000080022f4                HAL_InitTick
 .text.HAL_Init
                0x0000000008002344       0x2c build/stm32l4xx_hal.o
                0x0000000008002344                HAL_Init
 .text.HAL_IncTick
                0x0000000008002370       0x18 build/stm32l4xx_hal.o
                0x0000000008002370                HAL_IncTick
 .text.HAL_GetTick
                0x0000000008002388        0xc build/stm32l4xx_hal.o
                0x0000000008002388                HAL_GetTick
 .text.HAL_Delay
                0x0000000008002394       0x28 build/stm32l4xx_hal.o
                0x0000000008002394                HAL_Delay
 .text.RCC_SetFlashLatencyFromMSIRange
                0x00000000080023bc       0x90 build/stm32l4xx_hal_rcc.o
 .text.HAL_RCC_GetSysClockFreq
                0x000000000800244c       0xb4 build/stm32l4xx_hal_rcc.o
                0x000000000800244c                HAL_RCC_GetSysClockFreq
 .text.HAL_RCC_OscConfig
                0x0000000008002500      0x638 build/stm32l4xx_hal_rcc.o
                0x0000000008002500                HAL_RCC_OscConfig
 .text.HAL_RCC_ClockConfig
                0x0000000008002b38      0x158 build/stm32l4xx_hal_rcc.o
                0x0000000008002b38                HAL_RCC_ClockConfig
 .text.HAL_RCC_GetHCLKFreq
                0x0000000008002c90        0xc build/stm32l4xx_hal_rcc.o
                0x0000000008002c90                HAL_RCC_GetHCLKFreq
 .text.HAL_RCC_GetPCLK1Freq
                0x0000000008002c9c       0x24 build/stm32l4xx_hal_rcc.o
                0x0000000008002c9c                HAL_RCC_GetPCLK1Freq
 .text.HAL_RCC_GetPCLK2Freq
                0x0000000008002cc0       0x24 build/stm32l4xx_hal_rcc.o
                0x0000000008002cc0                HAL_RCC_GetPCLK2Freq
 .text.RCCEx_PLLSAI1_Config
                0x0000000008002ce4      0x170 build/stm32l4xx_hal_rcc_ex.o
 .text.RCCEx_PLLSAI2_Config
                0x0000000008002e54      0x14c build/stm32l4xx_hal_rcc_ex.o
 .text.HAL_RCCEx_PeriphCLKConfig
                0x0000000008002fa0      0x450 build/stm32l4xx_hal_rcc_ex.o
                0x0000000008002fa0                HAL_RCCEx_PeriphCLKConfig
 .text.HAL_RCCEx_EnableMSIPLLMode
                0x00000000080033f0       0x10 build/stm32l4xx_hal_rcc_ex.o
                0x00000000080033f0                HAL_RCCEx_EnableMSIPLLMode
 .text.FLASH_Program_DoubleWord
                0x0000000008003400       0x20 build/stm32l4xx_hal_flash.o
 .text.FLASH_Program_Fast
                0x0000000008003420       0x34 build/stm32l4xx_hal_flash.o
 .text.HAL_FLASH_Unlock
                0x0000000008003454       0x30 build/stm32l4xx_hal_flash.o
                0x0000000008003454                HAL_FLASH_Unlock
 .text.HAL_FLASH_Lock
                0x0000000008003484       0x14 build/stm32l4xx_hal_flash.o
                0x0000000008003484                HAL_FLASH_Lock
 .text.FLASH_WaitForLastOperation
                0x0000000008003498       0x64 build/stm32l4xx_hal_flash.o
                0x0000000008003498                FLASH_WaitForLastOperation
 .text.HAL_FLASH_Program
                0x00000000080034fc       0xb0 build/stm32l4xx_hal_flash.o
                0x00000000080034fc                HAL_FLASH_Program
 .text.FLASH_MassErase
                0x00000000080035ac       0x30 build/stm32l4xx_hal_flash_ex.o
 .text.FLASH_PageErase
                0x00000000080035dc       0x44 build/stm32l4xx_hal_flash_ex.o
                0x00000000080035dc                FLASH_PageErase
 .text.FLASH_FlushCaches
                0x0000000008003620       0x5c build/stm32l4xx_hal_flash_ex.o
                0x0000000008003620                FLASH_FlushCaches
 .text.HAL_FLASHEx_Erase
                0x000000000800367c       0xfc build/stm32l4xx_hal_flash_ex.o
                0x000000000800367c                HAL_FLASHEx_Erase
 .text.HAL_GPIO_Init
                0x0000000008003778      0x1c8 build/stm32l4xx_hal_gpio.o
                0x0000000008003778                HAL_GPIO_Init
 .text.HAL_GPIO_WritePin
                0x0000000008003940        0xa build/stm32l4xx_hal_gpio.o
                0x0000000008003940                HAL_GPIO_WritePin
 *fill*         0x000000000800394a        0x2 
 .text.HAL_PWR_EnableBkUpAccess
                0x000000000800394c       0x10 build/stm32l4xx_hal_pwr.o
                0x000000000800394c                HAL_PWR_EnableBkUpAccess
 .text.HAL_PWREx_GetVoltageRange
                0x000000000800395c       0x10 build/stm32l4xx_hal_pwr_ex.o
                0x000000000800395c                HAL_PWREx_GetVoltageRange
 .text.HAL_PWREx_ControlVoltageScaling
                0x000000000800396c       0x90 build/stm32l4xx_hal_pwr_ex.o
                0x000000000800396c                HAL_PWREx_ControlVoltageScaling
 .text.HAL_PWREx_EnableVddUSB
                0x00000000080039fc       0x10 build/stm32l4xx_hal_pwr_ex.o
                0x00000000080039fc                HAL_PWREx_EnableVddUSB
 .text.HAL_NVIC_SetPriorityGrouping
                0x0000000008003a0c       0x24 build/stm32l4xx_hal_cortex.o
                0x0000000008003a0c                HAL_NVIC_SetPriorityGrouping
 .text.HAL_NVIC_SetPriority
                0x0000000008003a30       0x68 build/stm32l4xx_hal_cortex.o
                0x0000000008003a30                HAL_NVIC_SetPriority
 .text.HAL_NVIC_EnableIRQ
                0x0000000008003a98       0x1c build/stm32l4xx_hal_cortex.o
                0x0000000008003a98                HAL_NVIC_EnableIRQ
 .text.HAL_SYSTICK_Config
                0x0000000008003ab4       0x2c build/stm32l4xx_hal_cortex.o
                0x0000000008003ab4                HAL_SYSTICK_Config
 .text.UART_SetConfig
                0x0000000008003ae0      0x424 build/stm32l4xx_hal_uart.o
                0x0000000008003ae0                UART_SetConfig
 .text.UART_AdvFeatureConfig
                0x0000000008003f04       0xca build/stm32l4xx_hal_uart.o
                0x0000000008003f04                UART_AdvFeatureConfig
 .text.UART_WaitOnFlagUntilTimeout
                0x0000000008003fce       0x9c build/stm32l4xx_hal_uart.o
                0x0000000008003fce                UART_WaitOnFlagUntilTimeout
 .text.HAL_UART_Transmit
                0x000000000800406a       0xd8 build/stm32l4xx_hal_uart.o
                0x000000000800406a                HAL_UART_Transmit
 .text.UART_CheckIdleState
                0x0000000008004142       0x6c build/stm32l4xx_hal_uart.o
                0x0000000008004142                UART_CheckIdleState
 .text.HAL_UART_Init
                0x00000000080041ae       0x62 build/stm32l4xx_hal_uart.o
                0x00000000080041ae                HAL_UART_Init
 .text.SystemInit
                0x0000000008004210       0x48 build/system_stm32l4xx.o
                0x0000000008004210                SystemInit
 .text.USBD_Init
                0x0000000008004258       0x2e build/usbd_core.o
                0x0000000008004258                USBD_Init
 .text.USBD_RegisterClass
                0x0000000008004286        0xe build/usbd_core.o
                0x0000000008004286                USBD_RegisterClass
 .text.USBD_Start
                0x0000000008004294        0xa build/usbd_core.o
                0x0000000008004294                USBD_Start
 .text.USBD_SetClassConfig
                0x000000000800429e       0x1a build/usbd_core.o
                0x000000000800429e                USBD_SetClassConfig
 .text.USBD_ClrClassConfig
                0x00000000080042b8        0xe build/usbd_core.o
                0x00000000080042b8                USBD_ClrClassConfig
 .text.USBD_LL_SetupStage
                0x00000000080042c6       0x5a build/usbd_core.o
                0x00000000080042c6                USBD_LL_SetupStage
 .text.USBD_LL_DataOutStage
                0x0000000008004320       0x92 build/usbd_core.o
                0x0000000008004320                USBD_LL_DataOutStage
 .text.USBD_LL_DataInStage
                0x00000000080043b2       0xd2 build/usbd_core.o
                0x00000000080043b2                USBD_LL_DataInStage
 .text.USBD_LL_Reset
                0x0000000008004484       0x50 build/usbd_core.o
                0x0000000008004484                USBD_LL_Reset
 .text.USBD_LL_SetSpeed
                0x00000000080044d4        0x6 build/usbd_core.o
                0x00000000080044d4                USBD_LL_SetSpeed
 .text.USBD_LL_Suspend
                0x00000000080044da       0x12 build/usbd_core.o
                0x00000000080044da                USBD_LL_Suspend
 .text.USBD_LL_Resume
                0x00000000080044ec       0x16 build/usbd_core.o
                0x00000000080044ec                USBD_LL_Resume
 .text.USBD_LL_SOF
                0x0000000008004502       0x1c build/usbd_core.o
                0x0000000008004502                USBD_LL_SOF
 .text.USBD_LL_IsoINIncomplete
                0x000000000800451e        0x4 build/usbd_core.o
                0x000000000800451e                USBD_LL_IsoINIncomplete
 .text.USBD_LL_IsoOUTIncomplete
                0x0000000008004522        0x4 build/usbd_core.o
                0x0000000008004522                USBD_LL_IsoOUTIncomplete
 .text.USBD_LL_DevConnected
                0x0000000008004526        0x4 build/usbd_core.o
                0x0000000008004526                USBD_LL_DevConnected
 .text.USBD_LL_DevDisconnected
                0x000000000800452a       0x16 build/usbd_core.o
                0x000000000800452a                USBD_LL_DevDisconnected
 .text.USBD_GetLen
                0x0000000008004540       0x14 build/usbd_ctlreq.o
 .text.USBD_SetFeature
                0x0000000008004554       0x14 build/usbd_ctlreq.o
 .text.USBD_ParseSetupRequest
                0x0000000008004568       0x28 build/usbd_ctlreq.o
                0x0000000008004568                USBD_ParseSetupRequest
 .text.USBD_CtlError
                0x0000000008004590       0x14 build/usbd_ctlreq.o
                0x0000000008004590                USBD_CtlError
 .text.USBD_GetDescriptor
                0x00000000080045a4      0x1a8 build/usbd_ctlreq.o
 .text.USBD_SetAddress
                0x000000000800474c       0x4e build/usbd_ctlreq.o
 *fill*         0x000000000800479a        0x2 
 .text.USBD_SetConfig
                0x000000000800479c       0xb0 build/usbd_ctlreq.o
 .text.USBD_GetConfig
                0x000000000800484c       0x3c build/usbd_ctlreq.o
 .text.USBD_GetStatus
                0x0000000008004888       0x38 build/usbd_ctlreq.o
 .text.USBD_ClrFeature
                0x00000000080048c0       0x26 build/usbd_ctlreq.o
 .text.USBD_StdDevReq
                0x00000000080048e6       0x68 build/usbd_ctlreq.o
                0x00000000080048e6                USBD_StdDevReq
 .text.USBD_StdItfReq
                0x000000000800494e       0x60 build/usbd_ctlreq.o
                0x000000000800494e                USBD_StdItfReq
 .text.USBD_StdEPReq
                0x00000000080049ae      0x20e build/usbd_ctlreq.o
                0x00000000080049ae                USBD_StdEPReq
 .text.USBD_GetString
                0x0000000008004bbc       0x38 build/usbd_ctlreq.o
                0x0000000008004bbc                USBD_GetString
 .text.USBD_CtlSendData
                0x0000000008004bf4       0x1a build/usbd_ioreq.o
                0x0000000008004bf4                USBD_CtlSendData
 .text.USBD_CtlContinueSendData
                0x0000000008004c0e       0x10 build/usbd_ioreq.o
                0x0000000008004c0e                USBD_CtlContinueSendData
 .text.USBD_CtlPrepareRx
                0x0000000008004c1e       0x1e build/usbd_ioreq.o
                0x0000000008004c1e                USBD_CtlPrepareRx
 .text.USBD_CtlContinueRx
                0x0000000008004c3c       0x10 build/usbd_ioreq.o
                0x0000000008004c3c                USBD_CtlContinueRx
 .text.USBD_CtlSendStatus
                0x0000000008004c4c       0x16 build/usbd_ioreq.o
                0x0000000008004c4c                USBD_CtlSendStatus
 .text.USBD_CtlReceiveStatus
                0x0000000008004c62       0x16 build/usbd_ioreq.o
                0x0000000008004c62                USBD_CtlReceiveStatus
 .text.USBD_CDC_EP0_RxReady
                0x0000000008004c78       0x28 build/usbd_cdc.o
 .text.USBD_CDC_GetFSCfgDesc
                0x0000000008004ca0        0xc build/usbd_cdc.o
 .text.USBD_CDC_GetHSCfgDesc
                0x0000000008004cac        0xc build/usbd_cdc.o
 .text.USBD_CDC_GetOtherSpeedCfgDesc
                0x0000000008004cb8        0xc build/usbd_cdc.o
 .text.USBD_CDC_GetDeviceQualifierDescriptor
                0x0000000008004cc4        0xc build/usbd_cdc.o
                0x0000000008004cc4                USBD_CDC_GetDeviceQualifierDescriptor
 .text.USBD_CDC_DataOut
                0x0000000008004cd0       0x2e build/usbd_cdc.o
 .text.USBD_CDC_DataIn
                0x0000000008004cfe       0x50 build/usbd_cdc.o
 .text.USBD_CDC_Setup
                0x0000000008004d4e       0xda build/usbd_cdc.o
 .text.USBD_CDC_DeInit
                0x0000000008004e28       0x42 build/usbd_cdc.o
 .text.USBD_CDC_Init
                0x0000000008004e6a       0xaa build/usbd_cdc.o
 .text.USBD_CDC_RegisterInterface
                0x0000000008004f14        0xe build/usbd_cdc.o
                0x0000000008004f14                USBD_CDC_RegisterInterface
 .text.USBD_CDC_SetTxBuffer
                0x0000000008004f22       0x10 build/usbd_cdc.o
                0x0000000008004f22                USBD_CDC_SetTxBuffer
 .text.USBD_CDC_SetRxBuffer
                0x0000000008004f32        0xc build/usbd_cdc.o
                0x0000000008004f32                USBD_CDC_SetRxBuffer
 .text.USBD_CDC_ReceivePacket
                0x0000000008004f3e       0x32 build/usbd_cdc.o
                0x0000000008004f3e                USBD_CDC_ReceivePacket
 .text.Reset_Handler
                0x0000000008004f70       0x50 build/startup_stm32l476xx.o
                0x0000000008004f70                Reset_Handler
 .text.Default_Handler
                0x0000000008004fc0        0x2 build/startup_stm32l476xx.o
                0x0000000008004fc0                TIM1_BRK_TIM15_IRQHandler
                0x0000000008004fc0                EXTI2_IRQHandler
                0x0000000008004fc0                TIM8_TRG_COM_IRQHandler
                0x0000000008004fc0                TIM8_CC_IRQHandler
                0x0000000008004fc0                TIM1_CC_IRQHandler
                0x0000000008004fc0                TSC_IRQHandler
                0x0000000008004fc0                TAMP_STAMP_IRQHandler
                0x0000000008004fc0                EXTI3_IRQHandler
                0x0000000008004fc0                LPTIM2_IRQHandler
                0x0000000008004fc0                DFSDM1_FLT1_IRQHandler
                0x0000000008004fc0                I2C3_ER_IRQHandler
                0x0000000008004fc0                DFSDM1_FLT2_IRQHandler
                0x0000000008004fc0                EXTI0_IRQHandler
                0x0000000008004fc0                I2C2_EV_IRQHandler
                0x0000000008004fc0                CAN1_RX0_IRQHandler
                0x0000000008004fc0                FPU_IRQHandler
                0x0000000008004fc0                TIM1_UP_TIM16_IRQHandler
                0x0000000008004fc0                ADC1_2_IRQHandler
                0x0000000008004fc0                SPI1_IRQHandler
                0x0000000008004fc0                TIM6_DAC_IRQHandler
                0x0000000008004fc0                TIM8_UP_IRQHandler
                0x0000000008004fc0                DMA2_Channel2_IRQHandler
                0x0000000008004fc0                DMA1_Channel4_IRQHandler
                0x0000000008004fc0                SAI2_IRQHandler
                0x0000000008004fc0                DFSDM1_FLT3_IRQHandler
                0x0000000008004fc0                USART3_IRQHandler
                0x0000000008004fc0                DMA1_Channel7_IRQHandler
                0x0000000008004fc0                CAN1_RX1_IRQHandler
                0x0000000008004fc0                LCD_IRQHandler
                0x0000000008004fc0                UART5_IRQHandler
                0x0000000008004fc0                ADC3_IRQHandler
                0x0000000008004fc0                TIM4_IRQHandler
                0x0000000008004fc0                DMA2_Channel1_IRQHandler
                0x0000000008004fc0                QUADSPI_IRQHandler
                0x0000000008004fc0                I2C1_EV_IRQHandler
                0x0000000008004fc0                DMA1_Channel6_IRQHandler
                0x0000000008004fc0                UART4_IRQHandler
                0x0000000008004fc0                DMA2_Channel4_IRQHandler
                0x0000000008004fc0                TIM3_IRQHandler
                0x0000000008004fc0                RCC_IRQHandler
                0x0000000008004fc0                DMA1_Channel1_IRQHandler
                0x0000000008004fc0                Default_Handler
                0x0000000008004fc0                DMA2_Channel7_IRQHandler
                0x0000000008004fc0                EXTI15_10_IRQHandler
                0x0000000008004fc0                TIM7_IRQHandler
                0x0000000008004fc0                SDMMC1_IRQHandler
                0x0000000008004fc0                TIM5_IRQHandler
                0x0000000008004fc0                I2C3_EV_IRQHandler
                0x0000000008004fc0                EXTI9_5_IRQHandler
                0x0000000008004fc0                RTC_WKUP_IRQHandler
                0x0000000008004fc0                PVD_PVM_IRQHandler
                0x0000000008004fc0                SPI2_IRQHandler
                0x0000000008004fc0                CAN1_TX_IRQHandler
                0x0000000008004fc0                DMA2_Channel5_IRQHandler
                0x0000000008004fc0                DMA1_Channel5_IRQHandler
                0x0000000008004fc0                EXTI4_IRQHandler
                0x0000000008004fc0                RNG_IRQHandler
                0x0000000008004fc0                TIM1_TRG_COM_TIM17_IRQHandler
                0x0000000008004fc0                DMA1_Channel3_IRQHandler
                0x0000000008004fc0                COMP_IRQHandler
                0x0000000008004fc0                WWDG_IRQHandler
                0x0000000008004fc0                LPUART1_IRQHandler
                0x0000000008004fc0                DMA2_Channel6_IRQHandler
                0x0000000008004fc0                TIM2_IRQHandler
                0x0000000008004fc0                EXTI1_IRQHandler
                0x0000000008004fc0                USART2_IRQHandler
                0x0000000008004fc0                DFSDM1_FLT0_IRQHandler
                0x0000000008004fc0                I2C2_ER_IRQHandler
                0x0000000008004fc0                DMA1_Channel2_IRQHandler
                0x0000000008004fc0                TIM8_BRK_IRQHandler
                0x0000000008004fc0                CAN1_SCE_IRQHandler
                0x0000000008004fc0                FLASH_IRQHandler
                0x0000000008004fc0                USART1_IRQHandler
                0x0000000008004fc0                SPI3_IRQHandler
                0x0000000008004fc0                I2C1_ER_IRQHandler
                0x0000000008004fc0                FMC_IRQHandler
                0x0000000008004fc0                SWPMI1_IRQHandler
                0x0000000008004fc0                LPTIM1_IRQHandler
                0x0000000008004fc0                SAI1_IRQHandler
                0x0000000008004fc0                DMA2_Channel3_IRQHandler
                0x0000000008004fc0                RTC_Alarm_IRQHandler
 *fill*         0x0000000008004fc2        0x2 
 .text.__libc_init_array
                0x0000000008004fc4       0x48 /usr/local/Cellar/gcc-arm-none-eabi/20180627/bin/../lib/gcc/arm-none-eabi/7.3.1/../../../../arm-none-eabi/lib/thumb/v7e-m/fpv4-sp/hard/libc_nano.a(lib_a-init.o)
                0x0000000008004fc4                __libc_init_array
 .text.malloc   0x000000000800500c       0x10 /usr/local/Cellar/gcc-arm-none-eabi/20180627/bin/../lib/gcc/arm-none-eabi/7.3.1/../../../../arm-none-eabi/lib/thumb/v7e-m/fpv4-sp/hard/libc_nano.a(lib_a-malloc.o)
                0x000000000800500c                malloc
 .text.memcmp   0x000000000800501c       0x1e /usr/local/Cellar/gcc-arm-none-eabi/20180627/bin/../lib/gcc/arm-none-eabi/7.3.1/../../../../arm-none-eabi/lib/thumb/v7e-m/fpv4-sp/hard/libc_nano.a(lib_a-memcmp.o)
                0x000000000800501c                memcmp
 .text.memset   0x000000000800503a       0x10 /usr/local/Cellar/gcc-arm-none-eabi/20180627/bin/../lib/gcc/arm-none-eabi/7.3.1/../../../../arm-none-eabi/lib/thumb/v7e-m/fpv4-sp/hard/libc_nano.a(lib_a-memset.o)
                0x000000000800503a                memset
 *fill*         0x000000000800504a        0x2 
 .text._free_r  0x000000000800504c       0x9c /usr/local/Cellar/gcc-arm-none-eabi/20180627/bin/../lib/gcc/arm-none-eabi/7.3.1/../../../../arm-none-eabi/lib/thumb/v7e-m/fpv4-sp/hard/libc_nano.a(lib_a-nano-freer.o)
                0x000000000800504c                _free_r
 .text._malloc_r
                0x00000000080050e8       0xb4 /usr/local/Cellar/gcc-arm-none-eabi/20180627/bin/../lib/gcc/arm-none-eabi/7.3.1/../../../../arm-none-eabi/lib/thumb/v7e-m/fpv4-sp/hard/libc_nano.a(lib_a-nano-mallocr.o)
                0x00000000080050e8                _malloc_r
 .text._sbrk_r  0x000000000800519c       0x20 /usr/local/Cellar/gcc-arm-none-eabi/20180627/bin/../lib/gcc/arm-none-eabi/7.3.1/../../../../arm-none-eabi/lib/thumb/v7e-m/fpv4-sp/hard/libc_nano.a(lib_a-sbrkr.o)
                0x000000000800519c                _sbrk_r
 .text.sprintf  0x00000000080051bc       0x40 /usr/local/Cellar/gcc-arm-none-eabi/20180627/bin/../lib/gcc/arm-none-eabi/7.3.1/../../../../arm-none-eabi/lib/thumb/v7e-m/fpv4-sp/hard/libc_nano.a(lib_a-sprintf.o)
                0x00000000080051bc                sprintf
                0x00000000080051bc                siprintf
 .text.strndup  0x00000000080051fc       0x10 /usr/local/Cellar/gcc-arm-none-eabi/20180627/bin/../lib/gcc/arm-none-eabi/7.3.1/../../../../arm-none-eabi/lib/thumb/v7e-m/fpv4-sp/hard/libc_nano.a(lib_a-strndup.o)
                0x00000000080051fc                strndup
 .text._strndup_r
                0x000000000800520c       0x36 /usr/local/Cellar/gcc-arm-none-eabi/20180627/bin/../lib/gcc/arm-none-eabi/7.3.1/../../../../arm-none-eabi/lib/thumb/v7e-m/fpv4-sp/hard/libc_nano.a(lib_a-strndup_r.o)
                0x000000000800520c                _strndup_r
 .text.memcpy   0x0000000008005242       0x16 /usr/local/Cellar/gcc-arm-none-eabi/20180627/bin/../lib/gcc/arm-none-eabi/7.3.1/../../../../arm-none-eabi/lib/thumb/v7e-m/fpv4-sp/hard/libc_nano.a(lib_a-memcpy-stub.o)
                0x0000000008005242                memcpy
 .text.__malloc_lock
                0x0000000008005258        0x2 /usr/local/Cellar/gcc-arm-none-eabi/20180627/bin/../lib/gcc/arm-none-eabi/7.3.1/../../../../arm-none-eabi/lib/thumb/v7e-m/fpv4-sp/hard/libc_nano.a(lib_a-mlock.o)
                0x0000000008005258                __malloc_lock
 .text.__malloc_unlock
                0x000000000800525a        0x2 /usr/local/Cellar/gcc-arm-none-eabi/20180627/bin/../lib/gcc/arm-none-eabi/7.3.1/../../../../arm-none-eabi/lib/thumb/v7e-m/fpv4-sp/hard/libc_nano.a(lib_a-mlock.o)
                0x000000000800525a                __malloc_unlock
 .text.__ssputs_r
                0x000000000800525c       0xb4 /usr/local/Cellar/gcc-arm-none-eabi/20180627/bin/../lib/gcc/arm-none-eabi/7.3.1/../../../../arm-none-eabi/lib/thumb/v7e-m/fpv4-sp/hard/libc_nano.a(lib_a-nano-svfprintf.o)
                0x000000000800525c                __ssputs_r
 .text._svfprintf_r
                0x0000000008005310      0x1f0 /usr/local/Cellar/gcc-arm-none-eabi/20180627/bin/../lib/gcc/arm-none-eabi/7.3.1/../../../../arm-none-eabi/lib/thumb/v7e-m/fpv4-sp/hard/libc_nano.a(lib_a-nano-svfprintf.o)
                0x0000000008005310                _svfprintf_r
                0x0000000008005310                _svfiprintf_r
 .text._printf_common
                0x0000000008005500       0xea /usr/local/Cellar/gcc-arm-none-eabi/20180627/bin/../lib/gcc/arm-none-eabi/7.3.1/../../../../arm-none-eabi/lib/thumb/v7e-m/fpv4-sp/hard/libc_nano.a(lib_a-nano-vfprintf_i.o)
                0x0000000008005500                _printf_common
 *fill*         0x00000000080055ea        0x2 
 .text._printf_i
                0x00000000080055ec      0x224 /usr/local/Cellar/gcc-arm-none-eabi/20180627/bin/../lib/gcc/arm-none-eabi/7.3.1/../../../../arm-none-eabi/lib/thumb/v7e-m/fpv4-sp/hard/libc_nano.a(lib_a-nano-vfprintf_i.o)
                0x00000000080055ec                _printf_i
 .text.memmove  0x0000000008005810       0x32 /usr/local/Cellar/gcc-arm-none-eabi/20180627/bin/../lib/gcc/arm-none-eabi/7.3.1/../../../../arm-none-eabi/lib/thumb/v7e-m/fpv4-sp/hard/libc_nano.a(lib_a-memmove.o)
                0x0000000008005810                memmove
 .text._realloc_r
                0x0000000008005842       0x4c /usr/local/Cellar/gcc-arm-none-eabi/20180627/bin/../lib/gcc/arm-none-eabi/7.3.1/../../../../arm-none-eabi/lib/thumb/v7e-m/fpv4-sp/hard/libc_nano.a(lib_a-nano-reallocr.o)
                0x0000000008005842                _realloc_r
 .text._malloc_usable_size_r
                0x000000000800588e       0x10 /usr/local/Cellar/gcc-arm-none-eabi/20180627/bin/../lib/gcc/arm-none-eabi/7.3.1/../../../../arm-none-eabi/lib/thumb/v7e-m/fpv4-sp/hard/libc_nano.a(lib_a-nano-msizer.o)
                0x000000000800588e                _malloc_usable_size_r
 *fill*         0x000000000800589e        0x2 
 .text._sbrk    0x00000000080058a0       0x1c /usr/local/Cellar/gcc-arm-none-eabi/20180627/bin/../lib/gcc/arm-none-eabi/7.3.1/../../../../arm-none-eabi/lib/thumb/v7e-m/fpv4-sp/hard/libnosys.a(sbrk.o)
                0x00000000080058a0                _sbrk
 *(.glue_7)
 .glue_7        0x00000000080058bc        0x0 linker stubs
 *(.glue_7t)
 .glue_7t       0x00000000080058bc        0x0 linker stubs
 *(.eh_frame)
 .eh_frame      0x00000000080058bc        0x0 /usr/local/Cellar/gcc-arm-none-eabi/20180627/bin/../lib/gcc/arm-none-eabi/7.3.1/thumb/v7e-m/fpv4-sp/hard/crtbegin.o
 *(.init)
 .init          0x00000000080058bc        0x4 /usr/local/Cellar/gcc-arm-none-eabi/20180627/bin/../lib/gcc/arm-none-eabi/7.3.1/thumb/v7e-m/fpv4-sp/hard/crti.o
                0x00000000080058bc                _init
 .init          0x00000000080058c0        0x8 /usr/local/Cellar/gcc-arm-none-eabi/20180627/bin/../lib/gcc/arm-none-eabi/7.3.1/thumb/v7e-m/fpv4-sp/hard/crtn.o
 *(.fini)
 .fini          0x00000000080058c8        0x4 /usr/local/Cellar/gcc-arm-none-eabi/20180627/bin/../lib/gcc/arm-none-eabi/7.3.1/thumb/v7e-m/fpv4-sp/hard/crti.o
                0x00000000080058c8                _fini
 .fini          0x00000000080058cc        0x8 /usr/local/Cellar/gcc-arm-none-eabi/20180627/bin/../lib/gcc/arm-none-eabi/7.3.1/thumb/v7e-m/fpv4-sp/hard/crtn.o
                0x00000000080058d8                . = ALIGN (0x8)
 *fill*         0x00000000080058d4        0x4 
                0x00000000080058d8                _etext = .

.vfp11_veneer   0x00000000080058d8        0x0
 .vfp11_veneer  0x00000000080058d8        0x0 linker stubs

.v4_bx          0x00000000080058d8        0x0
 .v4_bx         0x00000000080058d8        0x0 linker stubs

.iplt           0x00000000080058d8        0x0
 .iplt          0x00000000080058d8        0x0 /usr/local/Cellar/gcc-arm-none-eabi/20180627/bin/../lib/gcc/arm-none-eabi/7.3.1/thumb/v7e-m/fpv4-sp/hard/crtbegin.o

.rodata         0x00000000080058d8      0x110
                0x00000000080058d8                . = ALIGN (0x8)
 *(.rodata)
 *(.rodata*)
 .rodata.USBD_FS_ConfigStrDescriptor.str1.4
                0x00000000080058d8        0xb build/usbd_desc.o
 *fill*         0x00000000080058e3        0x1 
 .rodata.USBD_FS_InterfaceStrDescriptor.str1.4
                0x00000000080058e4        0xe build/usbd_desc.o
 *fill*         0x00000000080058f2        0x2 
 .rodata.USBD_FS_ManufacturerStrDescriptor.str1.4
                0x00000000080058f4       0x13 build/usbd_desc.o
 *fill*         0x0000000008005907        0x1 
 .rodata.USBD_FS_ProductStrDescriptor.str1.4
                0x0000000008005908       0x16 build/usbd_desc.o
 *fill*         0x000000000800591e        0x2 
 .rodata.CDC_Receive_FS.str1.4
                0x0000000008005920       0x2d build/usbd_cdc_if.o
 *fill*         0x000000000800594d        0x3 
 .rodata.save_rec_fw.str1.4
                0x0000000008005950       0x18 build/flash_firmware.o
                                         0x16 (size before relaxing)
 .rodata.AHBPrescTable
                0x0000000008005968       0x10 build/system_stm32l4xx.o
                0x0000000008005968                AHBPrescTable
 .rodata.APBPrescTable
                0x0000000008005978        0x8 build/system_stm32l4xx.o
                0x0000000008005978                APBPrescTable
 .rodata.MSIRangeTable
                0x0000000008005980       0x30 build/system_stm32l4xx.o
                0x0000000008005980                MSIRangeTable
 .rodata._svfprintf_r.str1.1
                0x00000000080059b0       0x11 /usr/local/Cellar/gcc-arm-none-eabi/20180627/bin/../lib/gcc/arm-none-eabi/7.3.1/../../../../arm-none-eabi/lib/thumb/v7e-m/fpv4-sp/hard/libc_nano.a(lib_a-nano-svfprintf.o)
 .rodata._printf_i.str1.1
                0x00000000080059c1       0x22 /usr/local/Cellar/gcc-arm-none-eabi/20180627/bin/../lib/gcc/arm-none-eabi/7.3.1/../../../../arm-none-eabi/lib/thumb/v7e-m/fpv4-sp/hard/libc_nano.a(lib_a-nano-vfprintf_i.o)
                0x00000000080059e8                . = ALIGN (0x8)
 *fill*         0x00000000080059e3        0x5 

.ARM.extab      0x00000000080059e8        0x0
                0x00000000080059e8                . = ALIGN (0x8)
 *(.ARM.extab* .gnu.linkonce.armextab.*)
                0x00000000080059e8                . = ALIGN (0x8)

.ARM            0x00000000080059e8        0x8
                0x00000000080059e8                . = ALIGN (0x8)
                0x00000000080059e8                __exidx_start = .
 *(.ARM.exidx*)
 .ARM.exidx     0x00000000080059e8        0x8 /usr/local/Cellar/gcc-arm-none-eabi/20180627/bin/../lib/gcc/arm-none-eabi/7.3.1/thumb/v7e-m/fpv4-sp/hard/libgcc.a(_udivmoddi4.o)
                0x00000000080059f0                __exidx_end = .
                0x00000000080059f0                . = ALIGN (0x8)

.rel.dyn        0x00000000080059f0        0x0
 .rel.iplt      0x00000000080059f0        0x0 /usr/local/Cellar/gcc-arm-none-eabi/20180627/bin/../lib/gcc/arm-none-eabi/7.3.1/thumb/v7e-m/fpv4-sp/hard/crtbegin.o

.preinit_array  0x00000000080059f0        0x0
                0x00000000080059f0                . = ALIGN (0x8)
                0x00000000080059f0                PROVIDE (__preinit_array_start = .)
 *(.preinit_array*)
                0x00000000080059f0                PROVIDE (__preinit_array_end = .)
                0x00000000080059f0                . = ALIGN (0x8)

.init_array     0x00000000080059f0        0x8
                0x00000000080059f0                . = ALIGN (0x8)
                0x00000000080059f0                PROVIDE (__init_array_start = .)
 *(SORT_BY_NAME(.init_array.*))
 *(.init_array*)
 .init_array    0x00000000080059f0        0x4 /usr/local/Cellar/gcc-arm-none-eabi/20180627/bin/../lib/gcc/arm-none-eabi/7.3.1/thumb/v7e-m/fpv4-sp/hard/crtbegin.o
                0x00000000080059f4                PROVIDE (__init_array_end = .)
                0x00000000080059f8                . = ALIGN (0x8)
 *fill*         0x00000000080059f4        0x4 

.fini_array     0x00000000080059f8        0x8
                0x00000000080059f8                . = ALIGN (0x8)
                [!provide]                        PROVIDE (__fini_array_start = .)
 *(SORT_BY_NAME(.fini_array.*))
 *(.fini_array*)
 .fini_array    0x00000000080059f8        0x4 /usr/local/Cellar/gcc-arm-none-eabi/20180627/bin/../lib/gcc/arm-none-eabi/7.3.1/thumb/v7e-m/fpv4-sp/hard/crtbegin.o
                [!provide]                        PROVIDE (__fini_array_end = .)
                0x0000000008005a00                . = ALIGN (0x8)
 *fill*         0x00000000080059fc        0x4 
                0x0000000008005a00                _sidata = LOADADDR (.data)

.data           0x0000000020000000      0x218 load address 0x0000000008005a00
                0x0000000020000000                . = ALIGN (0x8)
                0x0000000020000000                _sdata = .
 *(.data)
 *(.data*)
 .data.FS_Desc  0x0000000020000000       0x20 build/usbd_desc.o
                0x0000000020000000                FS_Desc
 .data.USBD_FS_BOSDesc
                0x0000000020000020        0xc build/usbd_desc.o
                0x0000000020000020                USBD_FS_BOSDesc
 .data.USBD_FS_DeviceDesc
                0x000000002000002c       0x12 build/usbd_desc.o
                0x000000002000002c                USBD_FS_DeviceDesc
 *fill*         0x000000002000003e        0x2 
 .data.USBD_LangIDDesc
                0x0000000020000040        0x4 build/usbd_desc.o
                0x0000000020000040                USBD_LangIDDesc
 .data.USBD_StringSerial
                0x0000000020000044       0x1a build/usbd_desc.o
                0x0000000020000044                USBD_StringSerial
 *fill*         0x000000002000005e        0x2 
 .data.USBD_Interface_fops_FS
                0x0000000020000060       0x10 build/usbd_cdc_if.o
                0x0000000020000060                USBD_Interface_fops_FS
 .data.address  0x0000000020000070        0x4 build/usbd_cdc_if.o
                0x0000000020000070                address
 .data.uwTickFreq
                0x0000000020000074        0x4 build/stm32l4xx_hal.o
                0x0000000020000074                uwTickFreq
 .data.uwTickPrio
                0x0000000020000078        0x4 build/stm32l4xx_hal.o
                0x0000000020000078                uwTickPrio
 .data.pFlash   0x000000002000007c       0x20 build/stm32l4xx_hal_flash.o
                0x000000002000007c                pFlash
 .data.SystemCoreClock
                0x000000002000009c        0x4 build/system_stm32l4xx.o
                0x000000002000009c                SystemCoreClock
 .data.USBD_CDC
                0x00000000200000a0       0x38 build/usbd_cdc.o
                0x00000000200000a0                USBD_CDC
 .data.USBD_CDC_CfgFSDesc
                0x00000000200000d8       0x43 build/usbd_cdc.o
                0x00000000200000d8                USBD_CDC_CfgFSDesc
 *fill*         0x000000002000011b        0x1 
 .data.USBD_CDC_CfgHSDesc
                0x000000002000011c       0x43 build/usbd_cdc.o
                0x000000002000011c                USBD_CDC_CfgHSDesc
 *fill*         0x000000002000015f        0x1 
 .data.USBD_CDC_DeviceQualifierDesc
                0x0000000020000160        0xa build/usbd_cdc.o
 *fill*         0x000000002000016a        0x2 
 .data.USBD_CDC_OtherSpeedCfgDesc
                0x000000002000016c       0x43 build/usbd_cdc.o
                0x000000002000016c                USBD_CDC_OtherSpeedCfgDesc
 *fill*         0x00000000200001af        0x1 
 .data._impure_ptr
                0x00000000200001b0        0x4 /usr/local/Cellar/gcc-arm-none-eabi/20180627/bin/../lib/gcc/arm-none-eabi/7.3.1/../../../../arm-none-eabi/lib/thumb/v7e-m/fpv4-sp/hard/libc_nano.a(lib_a-impure.o)
                0x00000000200001b0                _impure_ptr
 .data.impure_data
                0x00000000200001b4       0x60 /usr/local/Cellar/gcc-arm-none-eabi/20180627/bin/../lib/gcc/arm-none-eabi/7.3.1/../../../../arm-none-eabi/lib/thumb/v7e-m/fpv4-sp/hard/libc_nano.a(lib_a-impure.o)
                0x0000000020000218                . = ALIGN (0x8)
 *fill*         0x0000000020000214        0x4 
                0x0000000020000218                _edata = .

.igot.plt       0x0000000020000218        0x0 load address 0x0000000008005c18
 .igot.plt      0x0000000020000218        0x0 /usr/local/Cellar/gcc-arm-none-eabi/20180627/bin/../lib/gcc/arm-none-eabi/7.3.1/thumb/v7e-m/fpv4-sp/hard/crtbegin.o
                0x0000000020000218                . = ALIGN (0x4)

.bss            0x0000000020000218     0x1c2c load address 0x0000000008005c18
                0x0000000020000218                _sbss = .
                0x0000000020000218                __bss_start__ = _sbss
 *(.bss)
 .bss           0x0000000020000218       0x1c /usr/local/Cellar/gcc-arm-none-eabi/20180627/bin/../lib/gcc/arm-none-eabi/7.3.1/thumb/v7e-m/fpv4-sp/hard/crtbegin.o
 *(.bss*)
 .bss.mem.10613
                0x0000000020000234      0x220 build/usbd_conf.o
 .bss.buf_index
                0x0000000020000454        0x4 build/usbd_cdc_if.o
                0x0000000020000454                buf_index
 .bss.upgradeMode
                0x0000000020000458        0x1 build/usbd_cdc_if.o
                0x0000000020000458                upgradeMode
 .bss.cfgidx.10468
                0x0000000020000459        0x1 build/usbd_ctlreq.o
 *fill*         0x000000002000045a        0x2 
 .bss.__malloc_free_list
                0x000000002000045c        0x4 /usr/local/Cellar/gcc-arm-none-eabi/20180627/bin/../lib/gcc/arm-none-eabi/7.3.1/../../../../arm-none-eabi/lib/thumb/v7e-m/fpv4-sp/hard/libc_nano.a(lib_a-nano-mallocr.o)
                0x000000002000045c                __malloc_free_list
 .bss.__malloc_sbrk_start
                0x0000000020000460        0x4 /usr/local/Cellar/gcc-arm-none-eabi/20180627/bin/../lib/gcc/arm-none-eabi/7.3.1/../../../../arm-none-eabi/lib/thumb/v7e-m/fpv4-sp/hard/libc_nano.a(lib_a-nano-mallocr.o)
                0x0000000020000460                __malloc_sbrk_start
 .bss.heap_end.5377
                0x0000000020000464        0x4 /usr/local/Cellar/gcc-arm-none-eabi/20180627/bin/../lib/gcc/arm-none-eabi/7.3.1/../../../../arm-none-eabi/lib/thumb/v7e-m/fpv4-sp/hard/libnosys.a(sbrk.o)
 *(COMMON)
 COMMON         0x0000000020000468       0x80 build/main.o
                0x0000000020000468                huart2
 COMMON         0x00000000200004e8      0x2c4 build/usb_device.o
                0x00000000200004e8                hUsbDeviceFS
 COMMON         0x00000000200007ac      0x408 build/usbd_conf.o
                0x00000000200007ac                hpcd_USB_OTG_FS
 COMMON         0x0000000020000bb4      0x200 build/usbd_desc.o
                0x0000000020000bb4                USBD_StrDesc
 COMMON         0x0000000020000db4     0x1085 build/usbd_cdc_if.o
                0x0000000020000db4                rec_buffer
                0x0000000020000e34                UserRxBufferFS
                0x0000000020001634                UserTxBufferFS
                0x0000000020001e34                sendOut
 *fill*         0x0000000020001e39        0x3 
 COMMON         0x0000000020001e3c        0x4 build/stm32l4xx_hal.o
                0x0000000020001e3c                uwTick
 COMMON         0x0000000020001e40        0x4 /usr/local/Cellar/gcc-arm-none-eabi/20180627/bin/../lib/gcc/arm-none-eabi/7.3.1/../../../../arm-none-eabi/lib/thumb/v7e-m/fpv4-sp/hard/libc_nano.a(lib_a-reent.o)
                0x0000000020001e40                errno
                0x0000000020001e44                . = ALIGN (0x4)
                0x0000000020001e44                _ebss = .
                0x0000000020001e44                __bss_end__ = _ebss

._user_heap_stack
                0x0000000020001e44      0x604 load address 0x0000000008005c18
                0x0000000020001e48                . = ALIGN (0x8)
 *fill*         0x0000000020001e44        0x4 
                0x0000000020001e48                PROVIDE (end = .)
                [!provide]                        PROVIDE (_end = .)
                0x0000000020002048                . = (. + _Min_Heap_Size)
 *fill*         0x0000000020001e48      0x200 
                0x0000000020002448                . = (. + _Min_Stack_Size)
 *fill*         0x0000000020002048      0x400 
                0x0000000020002448                . = ALIGN (0x8)

/DISCARD/
 libc.a(*)
 libm.a(*)
 libgcc.a(*)

.ARM.attributes
                0x0000000000000000       0x30
 *(.ARM.attributes)
 .ARM.attributes
                0x0000000000000000       0x22 /usr/local/Cellar/gcc-arm-none-eabi/20180627/bin/../lib/gcc/arm-none-eabi/7.3.1/thumb/v7e-m/fpv4-sp/hard/crti.o
 .ARM.attributes
                0x0000000000000022       0x34 /usr/local/Cellar/gcc-arm-none-eabi/20180627/bin/../lib/gcc/arm-none-eabi/7.3.1/thumb/v7e-m/fpv4-sp/hard/crtbegin.o
 .ARM.attributes
                0x0000000000000056       0x39 build/main.o
 .ARM.attributes
                0x000000000000008f       0x39 build/usb_device.o
 .ARM.attributes
                0x00000000000000c8       0x39 build/usbd_conf.o
 .ARM.attributes
                0x0000000000000101       0x39 build/usbd_desc.o
 .ARM.attributes
                0x000000000000013a       0x39 build/usbd_cdc_if.o
 .ARM.attributes
                0x0000000000000173       0x39 build/flash_firmware.o
 .ARM.attributes
                0x00000000000001ac       0x39 build/stm32l4xx_it.o
 .ARM.attributes
                0x00000000000001e5       0x39 build/stm32l4xx_hal_msp.o
 .ARM.attributes
                0x000000000000021e       0x39 build/stm32l4xx_hal_pcd.o
 .ARM.attributes
                0x0000000000000257       0x39 build/stm32l4xx_hal_pcd_ex.o
 .ARM.attributes
                0x0000000000000290       0x39 build/stm32l4xx_ll_usb.o
 .ARM.attributes
                0x00000000000002c9       0x39 build/stm32l4xx_hal.o
 .ARM.attributes
                0x0000000000000302       0x39 build/stm32l4xx_hal_rcc.o
 .ARM.attributes
                0x000000000000033b       0x39 build/stm32l4xx_hal_rcc_ex.o
 .ARM.attributes
                0x0000000000000374       0x39 build/stm32l4xx_hal_flash.o
 .ARM.attributes
                0x00000000000003ad       0x39 build/stm32l4xx_hal_flash_ex.o
 .ARM.attributes
                0x00000000000003e6       0x39 build/stm32l4xx_hal_gpio.o
 .ARM.attributes
                0x000000000000041f       0x39 build/stm32l4xx_hal_pwr.o
 .ARM.attributes
                0x0000000000000458       0x39 build/stm32l4xx_hal_pwr_ex.o
 .ARM.attributes
                0x0000000000000491       0x39 build/stm32l4xx_hal_cortex.o
 .ARM.attributes
                0x00000000000004ca       0x39 build/stm32l4xx_hal_uart.o
 .ARM.attributes
                0x0000000000000503       0x39 build/system_stm32l4xx.o
 .ARM.attributes
                0x000000000000053c       0x39 build/usbd_core.o
 .ARM.attributes
                0x0000000000000575       0x39 build/usbd_ctlreq.o
 .ARM.attributes
                0x00000000000005ae       0x39 build/usbd_ioreq.o
 .ARM.attributes
                0x00000000000005e7       0x39 build/usbd_cdc.o
 .ARM.attributes
                0x0000000000000620       0x21 build/startup_stm32l476xx.o
 .ARM.attributes
                0x0000000000000641       0x34 /usr/local/Cellar/gcc-arm-none-eabi/20180627/bin/../lib/gcc/arm-none-eabi/7.3.1/../../../../arm-none-eabi/lib/thumb/v7e-m/fpv4-sp/hard/libc_nano.a(lib_a-impure.o)
 .ARM.attributes
                0x0000000000000675       0x34 /usr/local/Cellar/gcc-arm-none-eabi/20180627/bin/../lib/gcc/arm-none-eabi/7.3.1/../../../../arm-none-eabi/lib/thumb/v7e-m/fpv4-sp/hard/libc_nano.a(lib_a-init.o)
 .ARM.attributes
                0x00000000000006a9       0x34 /usr/local/Cellar/gcc-arm-none-eabi/20180627/bin/../lib/gcc/arm-none-eabi/7.3.1/../../../../arm-none-eabi/lib/thumb/v7e-m/fpv4-sp/hard/libc_nano.a(lib_a-malloc.o)
 .ARM.attributes
                0x00000000000006dd       0x34 /usr/local/Cellar/gcc-arm-none-eabi/20180627/bin/../lib/gcc/arm-none-eabi/7.3.1/../../../../arm-none-eabi/lib/thumb/v7e-m/fpv4-sp/hard/libc_nano.a(lib_a-memcmp.o)
 .ARM.attributes
                0x0000000000000711       0x34 /usr/local/Cellar/gcc-arm-none-eabi/20180627/bin/../lib/gcc/arm-none-eabi/7.3.1/../../../../arm-none-eabi/lib/thumb/v7e-m/fpv4-sp/hard/libc_nano.a(lib_a-memset.o)
 .ARM.attributes
                0x0000000000000745       0x34 /usr/local/Cellar/gcc-arm-none-eabi/20180627/bin/../lib/gcc/arm-none-eabi/7.3.1/../../../../arm-none-eabi/lib/thumb/v7e-m/fpv4-sp/hard/libc_nano.a(lib_a-nano-freer.o)
 .ARM.attributes
                0x0000000000000779       0x34 /usr/local/Cellar/gcc-arm-none-eabi/20180627/bin/../lib/gcc/arm-none-eabi/7.3.1/../../../../arm-none-eabi/lib/thumb/v7e-m/fpv4-sp/hard/libc_nano.a(lib_a-nano-mallocr.o)
 .ARM.attributes
                0x00000000000007ad       0x34 /usr/local/Cellar/gcc-arm-none-eabi/20180627/bin/../lib/gcc/arm-none-eabi/7.3.1/../../../../arm-none-eabi/lib/thumb/v7e-m/fpv4-sp/hard/libc_nano.a(lib_a-sbrkr.o)
 .ARM.attributes
                0x00000000000007e1       0x34 /usr/local/Cellar/gcc-arm-none-eabi/20180627/bin/../lib/gcc/arm-none-eabi/7.3.1/../../../../arm-none-eabi/lib/thumb/v7e-m/fpv4-sp/hard/libc_nano.a(lib_a-sprintf.o)
 .ARM.attributes
                0x0000000000000815       0x34 /usr/local/Cellar/gcc-arm-none-eabi/20180627/bin/../lib/gcc/arm-none-eabi/7.3.1/../../../../arm-none-eabi/lib/thumb/v7e-m/fpv4-sp/hard/libc_nano.a(lib_a-strndup.o)
 .ARM.attributes
                0x0000000000000849       0x34 /usr/local/Cellar/gcc-arm-none-eabi/20180627/bin/../lib/gcc/arm-none-eabi/7.3.1/../../../../arm-none-eabi/lib/thumb/v7e-m/fpv4-sp/hard/libc_nano.a(lib_a-strndup_r.o)
 .ARM.attributes
                0x000000000000087d       0x34 /usr/local/Cellar/gcc-arm-none-eabi/20180627/bin/../lib/gcc/arm-none-eabi/7.3.1/../../../../arm-none-eabi/lib/thumb/v7e-m/fpv4-sp/hard/libc_nano.a(lib_a-memcpy-stub.o)
 .ARM.attributes
                0x00000000000008b1       0x34 /usr/local/Cellar/gcc-arm-none-eabi/20180627/bin/../lib/gcc/arm-none-eabi/7.3.1/../../../../arm-none-eabi/lib/thumb/v7e-m/fpv4-sp/hard/libc_nano.a(lib_a-mlock.o)
 .ARM.attributes
                0x00000000000008e5       0x34 /usr/local/Cellar/gcc-arm-none-eabi/20180627/bin/../lib/gcc/arm-none-eabi/7.3.1/../../../../arm-none-eabi/lib/thumb/v7e-m/fpv4-sp/hard/libc_nano.a(lib_a-nano-svfprintf.o)
 .ARM.attributes
                0x0000000000000919       0x34 /usr/local/Cellar/gcc-arm-none-eabi/20180627/bin/../lib/gcc/arm-none-eabi/7.3.1/../../../../arm-none-eabi/lib/thumb/v7e-m/fpv4-sp/hard/libc_nano.a(lib_a-nano-vfprintf_i.o)
 .ARM.attributes
                0x000000000000094d       0x34 /usr/local/Cellar/gcc-arm-none-eabi/20180627/bin/../lib/gcc/arm-none-eabi/7.3.1/../../../../arm-none-eabi/lib/thumb/v7e-m/fpv4-sp/hard/libc_nano.a(lib_a-reent.o)
 .ARM.attributes
                0x0000000000000981       0x20 /usr/local/Cellar/gcc-arm-none-eabi/20180627/bin/../lib/gcc/arm-none-eabi/7.3.1/../../../../arm-none-eabi/lib/thumb/v7e-m/fpv4-sp/hard/libc_nano.a(lib_a-memchr.o)
 .ARM.attributes
                0x00000000000009a1       0x34 /usr/local/Cellar/gcc-arm-none-eabi/20180627/bin/../lib/gcc/arm-none-eabi/7.3.1/../../../../arm-none-eabi/lib/thumb/v7e-m/fpv4-sp/hard/libc_nano.a(lib_a-memmove.o)
 .ARM.attributes
                0x00000000000009d5       0x34 /usr/local/Cellar/gcc-arm-none-eabi/20180627/bin/../lib/gcc/arm-none-eabi/7.3.1/../../../../arm-none-eabi/lib/thumb/v7e-m/fpv4-sp/hard/libc_nano.a(lib_a-nano-reallocr.o)
 .ARM.attributes
                0x0000000000000a09       0x34 /usr/local/Cellar/gcc-arm-none-eabi/20180627/bin/../lib/gcc/arm-none-eabi/7.3.1/../../../../arm-none-eabi/lib/thumb/v7e-m/fpv4-sp/hard/libc_nano.a(lib_a-nano-msizer.o)
 .ARM.attributes
                0x0000000000000a3d       0x34 /usr/local/Cellar/gcc-arm-none-eabi/20180627/bin/../lib/gcc/arm-none-eabi/7.3.1/../../../../arm-none-eabi/lib/thumb/v7e-m/fpv4-sp/hard/libnosys.a(sbrk.o)
 .ARM.attributes
                0x0000000000000a71       0x22 /usr/local/Cellar/gcc-arm-none-eabi/20180627/bin/../lib/gcc/arm-none-eabi/7.3.1/thumb/v7e-m/fpv4-sp/hard/libgcc.a(_aeabi_uldivmod.o)
 .ARM.attributes
                0x0000000000000a93       0x34 /usr/local/Cellar/gcc-arm-none-eabi/20180627/bin/../lib/gcc/arm-none-eabi/7.3.1/thumb/v7e-m/fpv4-sp/hard/libgcc.a(_udivmoddi4.o)
 .ARM.attributes
                0x0000000000000ac7       0x22 /usr/local/Cellar/gcc-arm-none-eabi/20180627/bin/../lib/gcc/arm-none-eabi/7.3.1/thumb/v7e-m/fpv4-sp/hard/libgcc.a(_dvmd_tls.o)
 .ARM.attributes
                0x0000000000000ae9       0x22 /usr/local/Cellar/gcc-arm-none-eabi/20180627/bin/../lib/gcc/arm-none-eabi/7.3.1/thumb/v7e-m/fpv4-sp/hard/crtn.o
OUTPUT(build/CDC_USB.elf elf32-littlearm)

.debug_info     0x0000000000000000    0x22af9
 .debug_info    0x0000000000000000     0x1c00 build/main.o
 .debug_info    0x0000000000001c00     0x1794 build/usb_device.o
 .debug_info    0x0000000000003394     0x303b build/usbd_conf.o
 .debug_info    0x00000000000063cf     0x16ca build/usbd_desc.o
 .debug_info    0x0000000000007a99     0x1b2e build/usbd_cdc_if.o
 .debug_info    0x00000000000095c7     0x13ca build/flash_firmware.o
 .debug_info    0x000000000000a991      0xe77 build/stm32l4xx_it.o
 .debug_info    0x000000000000b808      0xd10 build/stm32l4xx_hal_msp.o
 .debug_info    0x000000000000c518     0x1aa0 build/stm32l4xx_hal_pcd.o
 .debug_info    0x000000000000dfb8      0xbe6 build/stm32l4xx_hal_pcd_ex.o
 .debug_info    0x000000000000eb9e     0x1e33 build/stm32l4xx_ll_usb.o
 .debug_info    0x00000000000109d1      0xf04 build/stm32l4xx_hal.o
 .debug_info    0x00000000000118d5     0x1099 build/stm32l4xx_hal_rcc.o
 .debug_info    0x000000000001296e     0x1438 build/stm32l4xx_hal_rcc_ex.o
 .debug_info    0x0000000000013da6      0x930 build/stm32l4xx_hal_flash.o
 .debug_info    0x00000000000146d6      0xb63 build/stm32l4xx_hal_flash_ex.o
 .debug_info    0x0000000000015239      0xa6b build/stm32l4xx_hal_gpio.o
 .debug_info    0x0000000000015ca4      0xbf4 build/stm32l4xx_hal_pwr.o
 .debug_info    0x0000000000016898      0xcba build/stm32l4xx_hal_pwr_ex.o
 .debug_info    0x0000000000017552     0x119a build/stm32l4xx_hal_cortex.o
 .debug_info    0x00000000000186ec     0x2046 build/stm32l4xx_hal_uart.o
 .debug_info    0x000000000001a732      0x7a3 build/system_stm32l4xx.o
 .debug_info    0x000000000001aed5     0x1e0e build/usbd_core.o
 .debug_info    0x000000000001cce3     0x2129 build/usbd_ctlreq.o
 .debug_info    0x000000000001ee0c     0x188d build/usbd_ioreq.o
 .debug_info    0x0000000000020699     0x243e build/usbd_cdc.o
 .debug_info    0x0000000000022ad7       0x22 build/startup_stm32l476xx.o

.debug_abbrev   0x0000000000000000     0x3ffd
 .debug_abbrev  0x0000000000000000      0x298 build/main.o
 .debug_abbrev  0x0000000000000298      0x20d build/usb_device.o
 .debug_abbrev  0x00000000000004a5      0x34b build/usbd_conf.o
 .debug_abbrev  0x00000000000007f0      0x2b8 build/usbd_desc.o
 .debug_abbrev  0x0000000000000aa8      0x315 build/usbd_cdc_if.o
 .debug_abbrev  0x0000000000000dbd      0x26f build/flash_firmware.o
 .debug_abbrev  0x000000000000102c      0x190 build/stm32l4xx_it.o
 .debug_abbrev  0x00000000000011bc      0x19c build/stm32l4xx_hal_msp.o
 .debug_abbrev  0x0000000000001358      0x2ad build/stm32l4xx_hal_pcd.o
 .debug_abbrev  0x0000000000001605      0x265 build/stm32l4xx_hal_pcd_ex.o
 .debug_abbrev  0x000000000000186a      0x2dc build/stm32l4xx_ll_usb.o
 .debug_abbrev  0x0000000000001b46      0x223 build/stm32l4xx_hal.o
 .debug_abbrev  0x0000000000001d69      0x255 build/stm32l4xx_hal_rcc.o
 .debug_abbrev  0x0000000000001fbe      0x280 build/stm32l4xx_hal_rcc_ex.o
 .debug_abbrev  0x000000000000223e      0x319 build/stm32l4xx_hal_flash.o
 .debug_abbrev  0x0000000000002557      0x25d build/stm32l4xx_hal_flash_ex.o
 .debug_abbrev  0x00000000000027b4      0x213 build/stm32l4xx_hal_gpio.o
 .debug_abbrev  0x00000000000029c7      0x1a7 build/stm32l4xx_hal_pwr.o
 .debug_abbrev  0x0000000000002b6e      0x20f build/stm32l4xx_hal_pwr_ex.o
 .debug_abbrev  0x0000000000002d7d      0x33d build/stm32l4xx_hal_cortex.o
 .debug_abbrev  0x00000000000030ba      0x282 build/stm32l4xx_hal_uart.o
 .debug_abbrev  0x000000000000333c      0x14f build/system_stm32l4xx.o
 .debug_abbrev  0x000000000000348b      0x2d5 build/usbd_core.o
 .debug_abbrev  0x0000000000003760      0x334 build/usbd_ctlreq.o
 .debug_abbrev  0x0000000000003a94      0x206 build/usbd_ioreq.o
 .debug_abbrev  0x0000000000003c9a      0x351 build/usbd_cdc.o
 .debug_abbrev  0x0000000000003feb       0x12 build/startup_stm32l476xx.o

.debug_loc      0x0000000000000000     0xe1d9
 .debug_loc     0x0000000000000000       0xb1 build/main.o
 .debug_loc     0x00000000000000b1       0x20 build/usb_device.o
 .debug_loc     0x00000000000000d1     0x1099 build/usbd_conf.o
 .debug_loc     0x000000000000116a      0x41b build/usbd_desc.o
 .debug_loc     0x0000000000001585      0x19d build/usbd_cdc_if.o
 .debug_loc     0x0000000000001722      0x153 build/flash_firmware.o
 .debug_loc     0x0000000000001875       0x40 build/stm32l4xx_it.o
 .debug_loc     0x00000000000018b5      0x104 build/stm32l4xx_hal_msp.o
 .debug_loc     0x00000000000019b9     0x1145 build/stm32l4xx_hal_pcd.o
 .debug_loc     0x0000000000002afe      0x1e8 build/stm32l4xx_hal_pcd_ex.o
 .debug_loc     0x0000000000002ce6     0x207d build/stm32l4xx_ll_usb.o
 .debug_loc     0x0000000000004d63      0x2bd build/stm32l4xx_hal.o
 .debug_loc     0x0000000000005020      0x7e6 build/stm32l4xx_hal_rcc.o
 .debug_loc     0x0000000000005806     0x1e2a build/stm32l4xx_hal_rcc_ex.o
 .debug_loc     0x0000000000007630      0x5a8 build/stm32l4xx_hal_flash.o
 .debug_loc     0x0000000000007bd8      0x93a build/stm32l4xx_hal_flash_ex.o
 .debug_loc     0x0000000000008512      0x36e build/stm32l4xx_hal_gpio.o
 .debug_loc     0x0000000000008880      0x1bd build/stm32l4xx_hal_pwr.o
 .debug_loc     0x0000000000008a3d      0x9fa build/stm32l4xx_hal_pwr_ex.o
 .debug_loc     0x0000000000009437      0x65e build/stm32l4xx_hal_cortex.o
 .debug_loc     0x0000000000009a95     0x1f38 build/stm32l4xx_hal_uart.o
 .debug_loc     0x000000000000b9cd      0x1b8 build/system_stm32l4xx.o
 .debug_loc     0x000000000000bb85      0x879 build/usbd_core.o
 .debug_loc     0x000000000000c3fe     0x1266 build/usbd_ctlreq.o
 .debug_loc     0x000000000000d664      0x31c build/usbd_ioreq.o
 .debug_loc     0x000000000000d980      0x859 build/usbd_cdc.o

.debug_aranges  0x0000000000000000     0x10f8
 .debug_aranges
                0x0000000000000000       0x40 build/main.o
 .debug_aranges
                0x0000000000000040       0x20 build/usb_device.o
 .debug_aranges
                0x0000000000000060      0x118 build/usbd_conf.o
 .debug_aranges
                0x0000000000000178       0x68 build/usbd_desc.o
 .debug_aranges
                0x00000000000001e0       0x40 build/usbd_cdc_if.o
 .debug_aranges
                0x0000000000000220       0x20 build/flash_firmware.o
 .debug_aranges
                0x0000000000000240       0x68 build/stm32l4xx_it.o
 .debug_aranges
                0x00000000000002a8       0x30 build/stm32l4xx_hal_msp.o
 .debug_aranges
                0x00000000000002d8      0x130 build/stm32l4xx_hal_pcd.o
 .debug_aranges
                0x0000000000000408       0x60 build/stm32l4xx_hal_pcd_ex.o
 .debug_aranges
                0x0000000000000468      0x198 build/stm32l4xx_ll_usb.o
 .debug_aranges
                0x0000000000000600      0x130 build/stm32l4xx_hal.o
 .debug_aranges
                0x0000000000000730       0x88 build/stm32l4xx_hal_rcc.o
 .debug_aranges
                0x00000000000007b8       0xc0 build/stm32l4xx_hal_rcc_ex.o
 .debug_aranges
                0x0000000000000878       0x88 build/stm32l4xx_hal_flash.o
 .debug_aranges
                0x0000000000000900       0x90 build/stm32l4xx_hal_flash_ex.o
 .debug_aranges
                0x0000000000000990       0x58 build/stm32l4xx_hal_gpio.o
 .debug_aranges
                0x00000000000009e8       0x98 build/stm32l4xx_hal_pwr.o
 .debug_aranges
                0x0000000000000a80      0x150 build/stm32l4xx_hal_pwr_ex.o
 .debug_aranges
                0x0000000000000bd0       0xa8 build/stm32l4xx_hal_cortex.o
 .debug_aranges
                0x0000000000000c78      0x210 build/stm32l4xx_hal_uart.o
 .debug_aranges
                0x0000000000000e88       0x28 build/system_stm32l4xx.o
 .debug_aranges
                0x0000000000000eb0       0xb8 build/usbd_core.o
 .debug_aranges
                0x0000000000000f68       0x88 build/usbd_ctlreq.o
 .debug_aranges
                0x0000000000000ff0       0x50 build/usbd_ioreq.o
 .debug_aranges
                0x0000000000001040       0x90 build/usbd_cdc.o
 .debug_aranges
                0x00000000000010d0       0x28 build/startup_stm32l476xx.o

.debug_ranges   0x0000000000000000     0x1000
 .debug_ranges  0x0000000000000000       0x30 build/main.o
 .debug_ranges  0x0000000000000030       0x10 build/usb_device.o
 .debug_ranges  0x0000000000000040      0x108 build/usbd_conf.o
 .debug_ranges  0x0000000000000148       0x58 build/usbd_desc.o
 .debug_ranges  0x00000000000001a0       0x30 build/usbd_cdc_if.o
 .debug_ranges  0x00000000000001d0       0x28 build/flash_firmware.o
 .debug_ranges  0x00000000000001f8       0x58 build/stm32l4xx_it.o
 .debug_ranges  0x0000000000000250       0x20 build/stm32l4xx_hal_msp.o
 .debug_ranges  0x0000000000000270      0x120 build/stm32l4xx_hal_pcd.o
 .debug_ranges  0x0000000000000390       0x50 build/stm32l4xx_hal_pcd_ex.o
 .debug_ranges  0x00000000000003e0      0x188 build/stm32l4xx_ll_usb.o
 .debug_ranges  0x0000000000000568      0x120 build/stm32l4xx_hal.o
 .debug_ranges  0x0000000000000688       0x90 build/stm32l4xx_hal_rcc.o
 .debug_ranges  0x0000000000000718       0xd0 build/stm32l4xx_hal_rcc_ex.o
 .debug_ranges  0x00000000000007e8       0x78 build/stm32l4xx_hal_flash.o
 .debug_ranges  0x0000000000000860       0x80 build/stm32l4xx_hal_flash_ex.o
 .debug_ranges  0x00000000000008e0       0x48 build/stm32l4xx_hal_gpio.o
 .debug_ranges  0x0000000000000928       0x88 build/stm32l4xx_hal_pwr.o
 .debug_ranges  0x00000000000009b0      0x140 build/stm32l4xx_hal_pwr_ex.o
 .debug_ranges  0x0000000000000af0       0xf8 build/stm32l4xx_hal_cortex.o
 .debug_ranges  0x0000000000000be8      0x200 build/stm32l4xx_hal_uart.o
 .debug_ranges  0x0000000000000de8       0x18 build/system_stm32l4xx.o
 .debug_ranges  0x0000000000000e00       0xa8 build/usbd_core.o
 .debug_ranges  0x0000000000000ea8       0x78 build/usbd_ctlreq.o
 .debug_ranges  0x0000000000000f20       0x40 build/usbd_ioreq.o
 .debug_ranges  0x0000000000000f60       0x80 build/usbd_cdc.o
 .debug_ranges  0x0000000000000fe0       0x20 build/startup_stm32l476xx.o

.debug_line     0x0000000000000000     0x8669
 .debug_line    0x0000000000000000      0x3f1 build/main.o
 .debug_line    0x00000000000003f1      0x395 build/usb_device.o
 .debug_line    0x0000000000000786      0x6f7 build/usbd_conf.o
 .debug_line    0x0000000000000e7d      0x405 build/usbd_desc.o
 .debug_line    0x0000000000001282      0x419 build/usbd_cdc_if.o
 .debug_line    0x000000000000169b      0x323 build/flash_firmware.o
 .debug_line    0x00000000000019be      0x2d1 build/stm32l4xx_it.o
 .debug_line    0x0000000000001c8f      0x264 build/stm32l4xx_hal_msp.o
 .debug_line    0x0000000000001ef3      0x7af build/stm32l4xx_hal_pcd.o
 .debug_line    0x00000000000026a2      0x2fb build/stm32l4xx_hal_pcd_ex.o
 .debug_line    0x000000000000299d      0x87a build/stm32l4xx_ll_usb.o
 .debug_line    0x0000000000003217      0x4a3 build/stm32l4xx_hal.o
 .debug_line    0x00000000000036ba      0x5e8 build/stm32l4xx_hal_rcc.o
 .debug_line    0x0000000000003ca2      0x870 build/stm32l4xx_hal_rcc_ex.o
 .debug_line    0x0000000000004512      0x411 build/stm32l4xx_hal_flash.o
 .debug_line    0x0000000000004923      0x4bc build/stm32l4xx_hal_flash_ex.o
 .debug_line    0x0000000000004ddf      0x37a build/stm32l4xx_hal_gpio.o
 .debug_line    0x0000000000005159      0x366 build/stm32l4xx_hal_pwr.o
 .debug_line    0x00000000000054bf      0x68b build/stm32l4xx_hal_pwr_ex.o
 .debug_line    0x0000000000005b4a      0x46c build/stm32l4xx_hal_cortex.o
 .debug_line    0x0000000000005fb6      0xea7 build/stm32l4xx_hal_uart.o
 .debug_line    0x0000000000006e5d      0x228 build/system_stm32l4xx.o
 .debug_line    0x0000000000007085      0x5a0 build/usbd_core.o
 .debug_line    0x0000000000007625      0x656 build/usbd_ctlreq.o
 .debug_line    0x0000000000007c7b      0x3c8 build/usbd_ioreq.o
 .debug_line    0x0000000000008043      0x5b3 build/usbd_cdc.o
 .debug_line    0x00000000000085f6       0x73 build/startup_stm32l476xx.o

.debug_str      0x0000000000000000     0x5842
 .debug_str     0x0000000000000000     0x1161 build/main.o
                                       0x125a (size before relaxing)
 .debug_str     0x0000000000001161      0x3e2 build/usb_device.o
                                        0xff8 (size before relaxing)
 .debug_str     0x0000000000001543      0xe6b build/usbd_conf.o
                                       0x1f90 (size before relaxing)
 .debug_str     0x00000000000023ae      0x19b build/usbd_desc.o
                                        0xe32 (size before relaxing)
 .debug_str     0x0000000000002549      0x171 build/usbd_cdc_if.o
                                       0x1136 (size before relaxing)
 .debug_str     0x00000000000026ba       0xe8 build/flash_firmware.o
                                        0xcb4 (size before relaxing)
 .debug_str     0x00000000000027a2       0xd4 build/stm32l4xx_it.o
                                        0xbd6 (size before relaxing)
 .debug_str     0x0000000000002876       0x4e build/stm32l4xx_hal_msp.o
                                        0x974 (size before relaxing)
 .debug_str     0x00000000000028c4      0x53b build/stm32l4xx_hal_pcd.o
                                        0xf67 (size before relaxing)
 .debug_str     0x0000000000002dff      0x187 build/stm32l4xx_hal_pcd_ex.o
                                        0x9b7 (size before relaxing)
 .debug_str     0x0000000000002f86      0x413 build/stm32l4xx_ll_usb.o
                                        0xe9a (size before relaxing)
 .debug_str     0x0000000000003399      0x44a build/stm32l4xx_hal.o
                                        0xed9 (size before relaxing)
 .debug_str     0x00000000000037e3      0x255 build/stm32l4xx_hal_rcc.o
                                        0xa45 (size before relaxing)
 .debug_str     0x0000000000003a38      0x307 build/stm32l4xx_hal_rcc_ex.o
                                        0xcca (size before relaxing)
 .debug_str     0x0000000000003d3f      0x200 build/stm32l4xx_hal_flash.o
                                        0x6db (size before relaxing)
 .debug_str     0x0000000000003f3f      0x22e build/stm32l4xx_hal_flash_ex.o
                                        0x76b (size before relaxing)
 .debug_str     0x000000000000416d       0xd5 build/stm32l4xx_hal_gpio.o
                                        0x75d (size before relaxing)
 .debug_str     0x0000000000004242      0x23e build/stm32l4xx_hal_pwr.o
                                        0x8b9 (size before relaxing)
 .debug_str     0x0000000000004480      0x3e8 build/stm32l4xx_hal_pwr_ex.o
                                        0xa0f (size before relaxing)
 .debug_str     0x0000000000004868      0x413 build/stm32l4xx_hal_cortex.o
                                        0xe18 (size before relaxing)
 .debug_str     0x0000000000004c7b      0x75c build/stm32l4xx_hal_uart.o
                                       0x1109 (size before relaxing)
 .debug_str     0x00000000000053d7       0x38 build/system_stm32l4xx.o
                                        0x5ab (size before relaxing)
 .debug_str     0x000000000000540f      0x13e build/usbd_core.o
                                       0x11ee (size before relaxing)
 .debug_str     0x000000000000554d       0xe2 build/usbd_ctlreq.o
                                       0x1108 (size before relaxing)
 .debug_str     0x000000000000562f       0x60 build/usbd_ioreq.o
                                       0x1035 (size before relaxing)
 .debug_str     0x000000000000568f      0x18f build/usbd_cdc.o
                                       0x15f4 (size before relaxing)
 .debug_str     0x000000000000581e       0x24 build/startup_stm32l476xx.o
                                         0x56 (size before relaxing)

.comment        0x0000000000000000       0x7f
 .comment       0x0000000000000000       0x7f build/main.o
                                         0x80 (size before relaxing)
 .comment       0x000000000000007f       0x80 build/usb_device.o
 .comment       0x000000000000007f       0x80 build/usbd_conf.o
 .comment       0x000000000000007f       0x80 build/usbd_desc.o
 .comment       0x000000000000007f       0x80 build/usbd_cdc_if.o
 .comment       0x000000000000007f       0x80 build/flash_firmware.o
 .comment       0x000000000000007f       0x80 build/stm32l4xx_it.o
 .comment       0x000000000000007f       0x80 build/stm32l4xx_hal_msp.o
 .comment       0x000000000000007f       0x80 build/stm32l4xx_hal_pcd.o
 .comment       0x000000000000007f       0x80 build/stm32l4xx_hal_pcd_ex.o
 .comment       0x000000000000007f       0x80 build/stm32l4xx_ll_usb.o
 .comment       0x000000000000007f       0x80 build/stm32l4xx_hal.o
 .comment       0x000000000000007f       0x80 build/stm32l4xx_hal_rcc.o
 .comment       0x000000000000007f       0x80 build/stm32l4xx_hal_rcc_ex.o
 .comment       0x000000000000007f       0x80 build/stm32l4xx_hal_flash.o
 .comment       0x000000000000007f       0x80 build/stm32l4xx_hal_flash_ex.o
 .comment       0x000000000000007f       0x80 build/stm32l4xx_hal_gpio.o
 .comment       0x000000000000007f       0x80 build/stm32l4xx_hal_pwr.o
 .comment       0x000000000000007f       0x80 build/stm32l4xx_hal_pwr_ex.o
 .comment       0x000000000000007f       0x80 build/stm32l4xx_hal_cortex.o
 .comment       0x000000000000007f       0x80 build/stm32l4xx_hal_uart.o
 .comment       0x000000000000007f       0x80 build/system_stm32l4xx.o
 .comment       0x000000000000007f       0x80 build/usbd_core.o
 .comment       0x000000000000007f       0x80 build/usbd_ctlreq.o
 .comment       0x000000000000007f       0x80 build/usbd_ioreq.o
 .comment       0x000000000000007f       0x80 build/usbd_cdc.o

.debug_frame    0x0000000000000000     0x3144
 .debug_frame   0x0000000000000000       0xa4 build/main.o
 .debug_frame   0x00000000000000a4       0x2c build/usb_device.o
 .debug_frame   0x00000000000000d0      0x37c build/usbd_conf.o
 .debug_frame   0x000000000000044c      0x10c build/usbd_desc.o
 .debug_frame   0x0000000000000558       0x90 build/usbd_cdc_if.o
 .debug_frame   0x00000000000005e8       0x3c build/flash_firmware.o
 .debug_frame   0x0000000000000624       0xc8 build/stm32l4xx_it.o
 .debug_frame   0x00000000000006ec       0x64 build/stm32l4xx_hal_msp.o
 .debug_frame   0x0000000000000750      0x3b4 build/stm32l4xx_hal_pcd.o
 .debug_frame   0x0000000000000b04       0xc0 build/stm32l4xx_hal_pcd_ex.o
 .debug_frame   0x0000000000000bc4      0x4d0 build/stm32l4xx_ll_usb.o
 .debug_frame   0x0000000000001094      0x290 build/stm32l4xx_hal.o
 .debug_frame   0x0000000000001324      0x1c0 build/stm32l4xx_hal_rcc.o
 .debug_frame   0x00000000000014e4      0x23c build/stm32l4xx_hal_rcc_ex.o
 .debug_frame   0x0000000000001720      0x158 build/stm32l4xx_hal_flash.o
 .debug_frame   0x0000000000001878      0x19c build/stm32l4xx_hal_flash_ex.o
 .debug_frame   0x0000000000001a14       0xe4 build/stm32l4xx_hal_gpio.o
 .debug_frame   0x0000000000001af8      0x128 build/stm32l4xx_hal_pwr.o
 .debug_frame   0x0000000000001c20      0x2a4 build/stm32l4xx_hal_pwr_ex.o
 .debug_frame   0x0000000000001ec4      0x16c build/stm32l4xx_hal_cortex.o
 .debug_frame   0x0000000000002030      0x658 build/stm32l4xx_hal_uart.o
 .debug_frame   0x0000000000002688       0x30 build/system_stm32l4xx.o
 .debug_frame   0x00000000000026b8      0x1f0 build/usbd_core.o
 .debug_frame   0x00000000000028a8      0x1ac build/usbd_ctlreq.o
 .debug_frame   0x0000000000002a54       0xd4 build/usbd_ioreq.o
 .debug_frame   0x0000000000002b28      0x184 build/usbd_cdc.o
 .debug_frame   0x0000000000002cac       0x2c /usr/local/Cellar/gcc-arm-none-eabi/20180627/bin/../lib/gcc/arm-none-eabi/7.3.1/../../../../arm-none-eabi/lib/thumb/v7e-m/fpv4-sp/hard/libc_nano.a(lib_a-init.o)
 .debug_frame   0x0000000000002cd8       0x30 /usr/local/Cellar/gcc-arm-none-eabi/20180627/bin/../lib/gcc/arm-none-eabi/7.3.1/../../../../arm-none-eabi/lib/thumb/v7e-m/fpv4-sp/hard/libc_nano.a(lib_a-malloc.o)
 .debug_frame   0x0000000000002d08       0x2c /usr/local/Cellar/gcc-arm-none-eabi/20180627/bin/../lib/gcc/arm-none-eabi/7.3.1/../../../../arm-none-eabi/lib/thumb/v7e-m/fpv4-sp/hard/libc_nano.a(lib_a-memcmp.o)
 .debug_frame   0x0000000000002d34       0x20 /usr/local/Cellar/gcc-arm-none-eabi/20180627/bin/../lib/gcc/arm-none-eabi/7.3.1/../../../../arm-none-eabi/lib/thumb/v7e-m/fpv4-sp/hard/libc_nano.a(lib_a-memset.o)
 .debug_frame   0x0000000000002d54       0x38 /usr/local/Cellar/gcc-arm-none-eabi/20180627/bin/../lib/gcc/arm-none-eabi/7.3.1/../../../../arm-none-eabi/lib/thumb/v7e-m/fpv4-sp/hard/libc_nano.a(lib_a-nano-freer.o)
 .debug_frame   0x0000000000002d8c       0x2c /usr/local/Cellar/gcc-arm-none-eabi/20180627/bin/../lib/gcc/arm-none-eabi/7.3.1/../../../../arm-none-eabi/lib/thumb/v7e-m/fpv4-sp/hard/libc_nano.a(lib_a-nano-mallocr.o)
 .debug_frame   0x0000000000002db8       0x2c /usr/local/Cellar/gcc-arm-none-eabi/20180627/bin/../lib/gcc/arm-none-eabi/7.3.1/../../../../arm-none-eabi/lib/thumb/v7e-m/fpv4-sp/hard/libc_nano.a(lib_a-sbrkr.o)
 .debug_frame   0x0000000000002de4       0x6c /usr/local/Cellar/gcc-arm-none-eabi/20180627/bin/../lib/gcc/arm-none-eabi/7.3.1/../../../../arm-none-eabi/lib/thumb/v7e-m/fpv4-sp/hard/libc_nano.a(lib_a-sprintf.o)
 .debug_frame   0x0000000000002e50       0x20 /usr/local/Cellar/gcc-arm-none-eabi/20180627/bin/../lib/gcc/arm-none-eabi/7.3.1/../../../../arm-none-eabi/lib/thumb/v7e-m/fpv4-sp/hard/libc_nano.a(lib_a-strndup.o)
 .debug_frame   0x0000000000002e70       0x2c /usr/local/Cellar/gcc-arm-none-eabi/20180627/bin/../lib/gcc/arm-none-eabi/7.3.1/../../../../arm-none-eabi/lib/thumb/v7e-m/fpv4-sp/hard/libc_nano.a(lib_a-strndup_r.o)
 .debug_frame   0x0000000000002e9c       0x28 /usr/local/Cellar/gcc-arm-none-eabi/20180627/bin/../lib/gcc/arm-none-eabi/7.3.1/../../../../arm-none-eabi/lib/thumb/v7e-m/fpv4-sp/hard/libc_nano.a(lib_a-memcpy-stub.o)
 .debug_frame   0x0000000000002ec4       0x30 /usr/local/Cellar/gcc-arm-none-eabi/20180627/bin/../lib/gcc/arm-none-eabi/7.3.1/../../../../arm-none-eabi/lib/thumb/v7e-m/fpv4-sp/hard/libc_nano.a(lib_a-mlock.o)
 .debug_frame   0x0000000000002ef4       0x90 /usr/local/Cellar/gcc-arm-none-eabi/20180627/bin/../lib/gcc/arm-none-eabi/7.3.1/../../../../arm-none-eabi/lib/thumb/v7e-m/fpv4-sp/hard/libc_nano.a(lib_a-nano-svfprintf.o)
 .debug_frame   0x0000000000002f84       0x60 /usr/local/Cellar/gcc-arm-none-eabi/20180627/bin/../lib/gcc/arm-none-eabi/7.3.1/../../../../arm-none-eabi/lib/thumb/v7e-m/fpv4-sp/hard/libc_nano.a(lib_a-nano-vfprintf_i.o)
 .debug_frame   0x0000000000002fe4       0x5c /usr/local/Cellar/gcc-arm-none-eabi/20180627/bin/../lib/gcc/arm-none-eabi/7.3.1/../../../../arm-none-eabi/lib/thumb/v7e-m/fpv4-sp/hard/libc_nano.a(lib_a-reent.o)
 .debug_frame   0x0000000000003040       0x28 /usr/local/Cellar/gcc-arm-none-eabi/20180627/bin/../lib/gcc/arm-none-eabi/7.3.1/../../../../arm-none-eabi/lib/thumb/v7e-m/fpv4-sp/hard/libc_nano.a(lib_a-memmove.o)
 .debug_frame   0x0000000000003068       0x3c /usr/local/Cellar/gcc-arm-none-eabi/20180627/bin/../lib/gcc/arm-none-eabi/7.3.1/../../../../arm-none-eabi/lib/thumb/v7e-m/fpv4-sp/hard/libc_nano.a(lib_a-nano-reallocr.o)
 .debug_frame   0x00000000000030a4       0x20 /usr/local/Cellar/gcc-arm-none-eabi/20180627/bin/../lib/gcc/arm-none-eabi/7.3.1/../../../../arm-none-eabi/lib/thumb/v7e-m/fpv4-sp/hard/libc_nano.a(lib_a-nano-msizer.o)
 .debug_frame   0x00000000000030c4       0x20 /usr/local/Cellar/gcc-arm-none-eabi/20180627/bin/../lib/gcc/arm-none-eabi/7.3.1/../../../../arm-none-eabi/lib/thumb/v7e-m/fpv4-sp/hard/libnosys.a(sbrk.o)
 .debug_frame   0x00000000000030e4       0x2c /usr/local/Cellar/gcc-arm-none-eabi/20180627/bin/../lib/gcc/arm-none-eabi/7.3.1/thumb/v7e-m/fpv4-sp/hard/libgcc.a(_aeabi_uldivmod.o)
 .debug_frame   0x0000000000003110       0x34 /usr/local/Cellar/gcc-arm-none-eabi/20180627/bin/../lib/gcc/arm-none-eabi/7.3.1/thumb/v7e-m/fpv4-sp/hard/libgcc.a(_udivmoddi4.o)

Cross Reference Table

Symbol                                            File
ADC1_2_IRQHandler                                 build/startup_stm32l476xx.o
ADC3_IRQHandler                                   build/startup_stm32l476xx.o
AHBPrescTable                                     build/system_stm32l4xx.o
                                                  build/stm32l4xx_hal_rcc.o
APBPrescTable                                     build/system_stm32l4xx.o
                                                  build/stm32l4xx_hal_rcc.o
BusFault_Handler                                  build/stm32l4xx_it.o
CAN1_RX0_IRQHandler                               build/startup_stm32l476xx.o