Archive member included to satisfy reference by file (symbol)

/usr/local/Cellar/gcc-arm-none-eabi/20180627/bin/../lib/gcc/arm-none-eabi/7.3.1/../../../../arm-none-eabi/lib/thumb/v7e-m/fpv4-sp/hard/libc_nano.a(lib_a-exit.o)
                              /usr/local/Cellar/gcc-arm-none-eabi/20180627/bin/../lib/gcc/arm-none-eabi/7.3.1/../../../../arm-none-eabi/lib/thumb/v7e-m/fpv4-sp/hard/crt0.o (exit)
/usr/local/Cellar/gcc-arm-none-eabi/20180627/bin/../lib/gcc/arm-none-eabi/7.3.1/../../../../arm-none-eabi/lib/thumb/v7e-m/fpv4-sp/hard/libc_nano.a(lib_a-impure.o)
                              /usr/local/Cellar/gcc-arm-none-eabi/20180627/bin/../lib/gcc/arm-none-eabi/7.3.1/../../../../arm-none-eabi/lib/thumb/v7e-m/fpv4-sp/hard/libc_nano.a(lib_a-exit.o) (_global_impure_ptr)
/usr/local/Cellar/gcc-arm-none-eabi/20180627/bin/../lib/gcc/arm-none-eabi/7.3.1/../../../../arm-none-eabi/lib/thumb/v7e-m/fpv4-sp/hard/libc_nano.a(lib_a-init.o)
                              /usr/local/Cellar/gcc-arm-none-eabi/20180627/bin/../lib/gcc/arm-none-eabi/7.3.1/../../../../arm-none-eabi/lib/thumb/v7e-m/fpv4-sp/hard/crt0.o (__libc_init_array)
/usr/local/Cellar/gcc-arm-none-eabi/20180627/bin/../lib/gcc/arm-none-eabi/7.3.1/../../../../arm-none-eabi/lib/thumb/v7e-m/fpv4-sp/hard/libc_nano.a(lib_a-memcmp.o)
                              build/usbd_cdc_if.o (memcmp)
/usr/local/Cellar/gcc-arm-none-eabi/20180627/bin/../lib/gcc/arm-none-eabi/7.3.1/../../../../arm-none-eabi/lib/thumb/v7e-m/fpv4-sp/hard/libc_nano.a(lib_a-memset.o)
                              /usr/local/Cellar/gcc-arm-none-eabi/20180627/bin/../lib/gcc/arm-none-eabi/7.3.1/../../../../arm-none-eabi/lib/thumb/v7e-m/fpv4-sp/hard/crt0.o (memset)
/usr/local/Cellar/gcc-arm-none-eabi/20180627/bin/../lib/gcc/arm-none-eabi/7.3.1/../../../../arm-none-eabi/lib/thumb/v7e-m/fpv4-sp/hard/libc_nano.a(lib_a-sprintf.o)
                              build/usbd_cdc_if.o (sprintf)
/usr/local/Cellar/gcc-arm-none-eabi/20180627/bin/../lib/gcc/arm-none-eabi/7.3.1/../../../../arm-none-eabi/lib/thumb/v7e-m/fpv4-sp/hard/libc_nano.a(lib_a-nano-svfprintf.o)
                              /usr/local/Cellar/gcc-arm-none-eabi/20180627/bin/../lib/gcc/arm-none-eabi/7.3.1/../../../../arm-none-eabi/lib/thumb/v7e-m/fpv4-sp/hard/libc_nano.a(lib_a-sprintf.o) (_svfprintf_r)
/usr/local/Cellar/gcc-arm-none-eabi/20180627/bin/../lib/gcc/arm-none-eabi/7.3.1/../../../../arm-none-eabi/lib/thumb/v7e-m/fpv4-sp/hard/libc_nano.a(lib_a-nano-vfprintf_i.o)
                              /usr/local/Cellar/gcc-arm-none-eabi/20180627/bin/../lib/gcc/arm-none-eabi/7.3.1/../../../../arm-none-eabi/lib/thumb/v7e-m/fpv4-sp/hard/libc_nano.a(lib_a-nano-svfprintf.o) (_printf_i)
/usr/local/Cellar/gcc-arm-none-eabi/20180627/bin/../lib/gcc/arm-none-eabi/7.3.1/../../../../arm-none-eabi/lib/thumb/v7e-m/fpv4-sp/hard/libc_nano.a(lib_a-memchr.o)
                              /usr/local/Cellar/gcc-arm-none-eabi/20180627/bin/../lib/gcc/arm-none-eabi/7.3.1/../../../../arm-none-eabi/lib/thumb/v7e-m/fpv4-sp/hard/libc_nano.a(lib_a-nano-svfprintf.o) (memchr)
/usr/local/Cellar/gcc-arm-none-eabi/20180627/bin/../lib/gcc/arm-none-eabi/7.3.1/../../../../arm-none-eabi/lib/thumb/v7e-m/fpv4-sp/hard/libc_nano.a(lib_a-memcpy-stub.o)
                              /usr/local/Cellar/gcc-arm-none-eabi/20180627/bin/../lib/gcc/arm-none-eabi/7.3.1/../../../../arm-none-eabi/lib/thumb/v7e-m/fpv4-sp/hard/libc_nano.a(lib_a-nano-svfprintf.o) (memcpy)
/usr/local/Cellar/gcc-arm-none-eabi/20180627/bin/../lib/gcc/arm-none-eabi/7.3.1/../../../../arm-none-eabi/lib/thumb/v7e-m/fpv4-sp/hard/libc_nano.a(lib_a-memmove.o)
                              /usr/local/Cellar/gcc-arm-none-eabi/20180627/bin/../lib/gcc/arm-none-eabi/7.3.1/../../../../arm-none-eabi/lib/thumb/v7e-m/fpv4-sp/hard/libc_nano.a(lib_a-nano-svfprintf.o) (memmove)
/usr/local/Cellar/gcc-arm-none-eabi/20180627/bin/../lib/gcc/arm-none-eabi/7.3.1/../../../../arm-none-eabi/lib/thumb/v7e-m/fpv4-sp/hard/libc_nano.a(lib_a-nano-freer.o)
                              /usr/local/Cellar/gcc-arm-none-eabi/20180627/bin/../lib/gcc/arm-none-eabi/7.3.1/../../../../arm-none-eabi/lib/thumb/v7e-m/fpv4-sp/hard/libc_nano.a(lib_a-nano-svfprintf.o) (_free_r)
/usr/local/Cellar/gcc-arm-none-eabi/20180627/bin/../lib/gcc/arm-none-eabi/7.3.1/../../../../arm-none-eabi/lib/thumb/v7e-m/fpv4-sp/hard/libc_nano.a(lib_a-nano-mallocr.o)
                              /usr/local/Cellar/gcc-arm-none-eabi/20180627/bin/../lib/gcc/arm-none-eabi/7.3.1/../../../../arm-none-eabi/lib/thumb/v7e-m/fpv4-sp/hard/libc_nano.a(lib_a-nano-svfprintf.o) (_malloc_r)
/usr/local/Cellar/gcc-arm-none-eabi/20180627/bin/../lib/gcc/arm-none-eabi/7.3.1/../../../../arm-none-eabi/lib/thumb/v7e-m/fpv4-sp/hard/libc_nano.a(lib_a-nano-reallocr.o)
                              /usr/local/Cellar/gcc-arm-none-eabi/20180627/bin/../lib/gcc/arm-none-eabi/7.3.1/../../../../arm-none-eabi/lib/thumb/v7e-m/fpv4-sp/hard/libc_nano.a(lib_a-nano-svfprintf.o) (_realloc_r)
[...]
Memory Configuration

Name             Origin             Length             Attributes
RAM              0x0000000020000000 0x0000000000018000 xrw
RAM2             0x0000000010000000 0x0000000000008000 xrw
FLASH            0x0000000008000000 0x0000000000100000 xr
*default*        0x0000000000000000 0xffffffffffffffff

Linker script and memory map

LOAD /usr/local/Cellar/gcc-arm-none-eabi/20180627/bin/../lib/gcc/arm-none-eabi/7.3.1/thumb/v7e-m/fpv4-sp/hard/crti.o
LOAD /usr/local/Cellar/gcc-arm-none-eabi/20180627/bin/../lib/gcc/arm-none-eabi/7.3.1/thumb/v7e-m/fpv4-sp/hard/crtbegin.o
LOAD /usr/local/Cellar/gcc-arm-none-eabi/20180627/bin/../lib/gcc/arm-none-eabi/7.3.1/../../../../arm-none-eabi/lib/thumb/v7e-m/fpv4-sp/hard/crt0.o
LOAD build/main.o
LOAD build/usb_device.o
LOAD build/usbd_conf.o
LOAD build/usbd_desc.o
LOAD build/usbd_cdc_if.o
LOAD build/flash_firmware.o
LOAD build/system_jump.o
LOAD build/stm32l4xx_it.o
LOAD build/stm32l4xx_hal_msp.o
LOAD build/stm32l4xx_hal_pcd.o
LOAD build/stm32l4xx_hal_pcd_ex.o
LOAD build/stm32l4xx_ll_usb.o
LOAD build/stm32l4xx_hal.o
LOAD build/stm32l4xx_hal_i2c.o
LOAD build/stm32l4xx_hal_i2c_ex.o
LOAD build/stm32l4xx_hal_rcc.o
LOAD build/stm32l4xx_hal_rcc_ex.o
LOAD build/stm32l4xx_hal_flash.o
LOAD build/stm32l4xx_hal_flash_ex.o
LOAD build/stm32l4xx_hal_flash_ramfunc.o
LOAD build/stm32l4xx_hal_gpio.o
LOAD build/stm32l4xx_hal_dma.o
LOAD build/stm32l4xx_hal_dma_ex.o
LOAD build/stm32l4xx_hal_pwr.o
LOAD build/stm32l4xx_hal_pwr_ex.o
LOAD build/stm32l4xx_hal_cortex.o
LOAD build/stm32l4xx_hal_exti.o
LOAD build/stm32l4xx_hal_tim.o
LOAD build/stm32l4xx_hal_tim_ex.o
LOAD build/stm32l4xx_hal_uart.o
LOAD build/stm32l4xx_hal_uart_ex.o
LOAD build/system_stm32l4xx.o
LOAD build/usbd_core.o
LOAD build/usbd_ctlreq.o
LOAD build/usbd_ioreq.o
LOAD build/usbd_cdc.o
LOAD build/startup_stm32l476xx.o
LOAD /usr/local/Cellar/gcc-arm-none-eabi/20180627/bin/../lib/gcc/arm-none-eabi/7.3.1/../../../../arm-none-eabi/lib/thumb/v7e-m/fpv4-sp/hard/libc_nano.a
LOAD /usr/local/Cellar/gcc-arm-none-eabi/20180627/bin/../lib/gcc/arm-none-eabi/7.3.1/../../../../arm-none-eabi/lib/thumb/v7e-m/fpv4-sp/hard/libm.a
LOAD /usr/local/Cellar/gcc-arm-none-eabi/20180627/bin/../lib/gcc/arm-none-eabi/7.3.1/../../../../arm-none-eabi/lib/thumb/v7e-m/fpv4-sp/hard/libnosys.a
START GROUP
LOAD /usr/local/Cellar/gcc-arm-none-eabi/20180627/bin/../lib/gcc/arm-none-eabi/7.3.1/thumb/v7e-m/fpv4-sp/hard/libgcc.a
LOAD /usr/local/Cellar/gcc-arm-none-eabi/20180627/bin/../lib/gcc/arm-none-eabi/7.3.1/../../../../arm-none-eabi/lib/thumb/v7e-m/fpv4-sp/hard/libc_nano.a
END GROUP
START GROUP
LOAD /usr/local/Cellar/gcc-arm-none-eabi/20180627/bin/../lib/gcc/arm-none-eabi/7.3.1/thumb/v7e-m/fpv4-sp/hard/libgcc.a
LOAD /usr/local/Cellar/gcc-arm-none-eabi/20180627/bin/../lib/gcc/arm-none-eabi/7.3.1/../../../../arm-none-eabi/lib/thumb/v7e-m/fpv4-sp/hard/libc_nano.a
END GROUP
LOAD /usr/local/Cellar/gcc-arm-none-eabi/20180627/bin/../lib/gcc/arm-none-eabi/7.3.1/thumb/v7e-m/fpv4-sp/hard/crtend.o
LOAD /usr/local/Cellar/gcc-arm-none-eabi/20180627/bin/../lib/gcc/arm-none-eabi/7.3.1/thumb/v7e-m/fpv4-sp/hard/crtn.o
                0x0000000020018000                _estack = 0x20018000
                0x0000000000000200                _Min_Heap_Size = 0x200
                0x0000000000000400                _Min_Stack_Size = 0x400

.isr_vector     0x0000000008000000      0x188
                0x0000000008000000                . = ALIGN (0x8)
 *(.isr_vector)
 .isr_vector    0x0000000008000000      0x188 build/startup_stm32l476xx.o
                0x0000000008000000                g_pfnVectors
                0x0000000008000188                . = ALIGN (0x8)

.text           0x0000000008000190     0x59f8
                0x0000000008000190                . = ALIGN (0x8)
 *(.text)
 .text          0x0000000008000190       0x40 /usr/local/Cellar/gcc-arm-none-eabi/20180627/bin/../lib/gcc/arm-none-eabi/7.3.1/thumb/v7e-m/fpv4-sp/hard/crtbegin.o
 .text          0x00000000080001d0       0xa0 /usr/local/Cellar/gcc-arm-none-eabi/20180627/bin/../lib/gcc/arm-none-eabi/7.3.1/../../../../arm-none-eabi/lib/thumb/v7e-m/fpv4-sp/hard/libc_nano.a(lib_a-memchr.o)
                0x00000000080001d0                memchr
 .text          0x0000000008000270       0x30 /usr/local/Cellar/gcc-arm-none-eabi/20180627/bin/../lib/gcc/arm-none-eabi/7.3.1/thumb/v7e-m/fpv4-sp/hard/libgcc.a(_aeabi_uldivmod.o)
                0x0000000008000270                __aeabi_uldivmod
 .text          0x00000000080002a0      0x2cc /usr/local/Cellar/gcc-arm-none-eabi/20180627/bin/../lib/gcc/arm-none-eabi/7.3.1/thumb/v7e-m/fpv4-sp/hard/libgcc.a(_udivmoddi4.o)
                0x00000000080002a0                __udivmoddi4
 .text          0x000000000800056c        0x4 /usr/local/Cellar/gcc-arm-none-eabi/20180627/bin/../lib/gcc/arm-none-eabi/7.3.1/thumb/v7e-m/fpv4-sp/hard/libgcc.a(_dvmd_tls.o)
                0x000000000800056c                __aeabi_ldiv0
                0x000000000800056c                __aeabi_idiv0
 *(.text*)
 .text.MX_GPIO_Init
                0x0000000008000570       0xa0 build/main.o
 .text.MX_USART2_UART_Init
                0x0000000008000610       0x30 build/main.o
 .text.SystemClock_Config
                0x0000000008000640       0xb4 build/main.o
                0x0000000008000640                SystemClock_Config
 .text.main     0x00000000080006f4       0x28 build/main.o
                0x00000000080006f4                main
 .text.Error_Handler
                0x000000000800071c        0x2 build/main.o
                0x000000000800071c                Error_Handler
 *fill*         0x000000000800071e        0x2 
 .text.MX_USB_DEVICE_Init
                0x0000000008000720       0x54 build/usb_device.o
                0x0000000008000720                MX_USB_DEVICE_Init
 .text.SystemClockConfig_Resume
                0x0000000008000774        0x8 build/usbd_conf.o
 .text.HAL_PCD_MspInit
                0x000000000800077c       0xa0 build/usbd_conf.o
                0x000000000800077c                HAL_PCD_MspInit
 .text.HAL_PCD_SetupStageCallback
                0x000000000800081c       0x10 build/usbd_conf.o
                0x000000000800081c                HAL_PCD_SetupStageCallback
 .text.HAL_PCD_DataOutStageCallback
                0x000000000800082c       0x18 build/usbd_conf.o
                0x000000000800082c                HAL_PCD_DataOutStageCallback
 .text.HAL_PCD_DataInStageCallback
                0x0000000008000844       0x16 build/usbd_conf.o
                0x0000000008000844                HAL_PCD_DataInStageCallback
 .text.HAL_PCD_SOFCallback
                0x000000000800085a        0xc build/usbd_conf.o
                0x000000000800085a                HAL_PCD_SOFCallback
 .text.HAL_PCD_ResetCallback
                0x0000000008000866       0x22 build/usbd_conf.o
                0x0000000008000866                HAL_PCD_ResetCallback
 .text.HAL_PCD_SuspendCallback
                0x0000000008000888       0x30 build/usbd_conf.o
                0x0000000008000888                HAL_PCD_SuspendCallback
 .text.HAL_PCD_ResumeCallback
                0x00000000080008b8       0x34 build/usbd_conf.o
                0x00000000080008b8                HAL_PCD_ResumeCallback
 .text.HAL_PCD_ISOOUTIncompleteCallback
                0x00000000080008ec        0xc build/usbd_conf.o
                0x00000000080008ec                HAL_PCD_ISOOUTIncompleteCallback
 .text.HAL_PCD_ISOINIncompleteCallback
                0x00000000080008f8        0xc build/usbd_conf.o
                0x00000000080008f8                HAL_PCD_ISOINIncompleteCallback
 .text.HAL_PCD_ConnectCallback
                0x0000000008000904        0xc build/usbd_conf.o
                0x0000000008000904                HAL_PCD_ConnectCallback
 .text.HAL_PCD_DisconnectCallback
                0x0000000008000910        0xc build/usbd_conf.o
                0x0000000008000910                HAL_PCD_DisconnectCallback
 .text.USBD_LL_Init
                0x000000000800091c       0x68 build/usbd_conf.o
                0x000000000800091c                USBD_LL_Init
 .text.USBD_LL_Start
                0x0000000008000984       0x1c build/usbd_conf.o
                0x0000000008000984                USBD_LL_Start
 .text.USBD_LL_OpenEP
                0x00000000080009a0       0x22 build/usbd_conf.o
                0x00000000080009a0                USBD_LL_OpenEP
 .text.USBD_LL_CloseEP
                0x00000000080009c2       0x1c build/usbd_conf.o
                0x00000000080009c2                USBD_LL_CloseEP
 .text.USBD_LL_StallEP
                0x00000000080009de       0x1c build/usbd_conf.o
                0x00000000080009de                USBD_LL_StallEP
 .text.USBD_LL_ClearStallEP
                0x00000000080009fa       0x1c build/usbd_conf.o
                0x00000000080009fa                USBD_LL_ClearStallEP
 .text.USBD_LL_IsStallEP
                0x0000000008000a16       0x2e build/usbd_conf.o
                0x0000000008000a16                USBD_LL_IsStallEP
 .text.USBD_LL_SetUSBAddress
                0x0000000008000a44       0x1c build/usbd_conf.o
                0x0000000008000a44                USBD_LL_SetUSBAddress
 .text.USBD_LL_Transmit
                0x0000000008000a60       0x1c build/usbd_conf.o
                0x0000000008000a60                USBD_LL_Transmit
 .text.USBD_LL_PrepareReceive
                0x0000000008000a7c       0x1c build/usbd_conf.o
                0x0000000008000a7c                USBD_LL_PrepareReceive
 .text.USBD_LL_GetRxDataSize
                0x0000000008000a98        0xc build/usbd_conf.o
                0x0000000008000a98                USBD_LL_GetRxDataSize
 .text.HAL_PCDEx_LPM_Callback
                0x0000000008000aa4       0x64 build/usbd_conf.o
                0x0000000008000aa4                HAL_PCDEx_LPM_Callback
 .text.USBD_static_malloc
                0x0000000008000b08        0x8 build/usbd_conf.o
                0x0000000008000b08                USBD_static_malloc
 .text.USBD_static_free
                0x0000000008000b10        0x2 build/usbd_conf.o
                0x0000000008000b10                USBD_static_free
 *fill*         0x0000000008000b12        0x2 
 .text.USBD_FS_DeviceDescriptor
                0x0000000008000b14        0xc build/usbd_desc.o
                0x0000000008000b14                USBD_FS_DeviceDescriptor
 .text.USBD_FS_LangIDStrDescriptor
                0x0000000008000b20        0xc build/usbd_desc.o
                0x0000000008000b20                USBD_FS_LangIDStrDescriptor
 .text.USBD_FS_USR_BOSDescriptor
                0x0000000008000b2c        0xc build/usbd_desc.o
                0x0000000008000b2c                USBD_FS_USR_BOSDescriptor
 .text.IntToUnicode
                0x0000000008000b38       0x36 build/usbd_desc.o
 *fill*         0x0000000008000b6e        0x2 
 .text.Get_SerialNum
                0x0000000008000b70       0x34 build/usbd_desc.o
 .text.USBD_FS_SerialStrDescriptor
                0x0000000008000ba4       0x14 build/usbd_desc.o
                0x0000000008000ba4                USBD_FS_SerialStrDescriptor
 .text.USBD_FS_ProductStrDescriptor
                0x0000000008000bb8       0x24 build/usbd_desc.o
                0x0000000008000bb8                USBD_FS_ProductStrDescriptor
 .text.USBD_FS_ManufacturerStrDescriptor
                0x0000000008000bdc       0x1c build/usbd_desc.o
                0x0000000008000bdc                USBD_FS_ManufacturerStrDescriptor
 .text.USBD_FS_ConfigStrDescriptor
                0x0000000008000bf8       0x24 build/usbd_desc.o
                0x0000000008000bf8                USBD_FS_ConfigStrDescriptor
 .text.USBD_FS_InterfaceStrDescriptor
                0x0000000008000c1c       0x24 build/usbd_desc.o
                0x0000000008000c1c                USBD_FS_InterfaceStrDescriptor
 .text.CDC_DeInit_FS
                0x0000000008000c40        0x4 build/usbd_cdc_if.o
 .text.CDC_Control_FS
                0x0000000008000c44        0x4 build/usbd_cdc_if.o
 .text.Jump_To_App
                0x0000000008000c48       0x30 build/usbd_cdc_if.o
 .text.CDC_Init_FS
                0x0000000008000c78       0x28 build/usbd_cdc_if.o
 .text.CDC_Transmit_FS
                0x0000000008000ca0       0x2c build/usbd_cdc_if.o
                0x0000000008000ca0                CDC_Transmit_FS
 .text.CDC_Receive_FS
                0x0000000008000ccc      0x18c build/usbd_cdc_if.o
 .text.Save_Rec_FW
                0x0000000008000e58       0xf8 build/flash_firmware.o
                0x0000000008000e58                Save_Rec_FW
 .text.NMI_Handler
                0x0000000008000f50        0x2 build/stm32l4xx_it.o
                0x0000000008000f50                NMI_Handler
 .text.HardFault_Handler
                0x0000000008000f52        0x2 build/stm32l4xx_it.o
                0x0000000008000f52                HardFault_Handler
 .text.MemManage_Handler
                0x0000000008000f54        0x2 build/stm32l4xx_it.o
                0x0000000008000f54                MemManage_Handler
 .text.BusFault_Handler
                0x0000000008000f56        0x2 build/stm32l4xx_it.o
                0x0000000008000f56                BusFault_Handler
 .text.UsageFault_Handler
                0x0000000008000f58        0x2 build/stm32l4xx_it.o
                0x0000000008000f58                UsageFault_Handler
 .text.SVC_Handler
                0x0000000008000f5a        0x2 build/stm32l4xx_it.o
                0x0000000008000f5a                SVC_Handler
 .text.DebugMon_Handler
                0x0000000008000f5c        0x2 build/stm32l4xx_it.o
                0x0000000008000f5c                DebugMon_Handler
 .text.PendSV_Handler
                0x0000000008000f5e        0x2 build/stm32l4xx_it.o
                0x0000000008000f5e                PendSV_Handler
 .text.SysTick_Handler
                0x0000000008000f60        0x8 build/stm32l4xx_it.o
                0x0000000008000f60                SysTick_Handler
 .text.OTG_FS_IRQHandler
                0x0000000008000f68       0x10 build/stm32l4xx_it.o
                0x0000000008000f68                OTG_FS_IRQHandler
 .text.HAL_MspInit
                0x0000000008000f78       0x30 build/stm32l4xx_hal_msp.o
                0x0000000008000f78                HAL_MspInit
 .text.HAL_UART_MspInit
                0x0000000008000fa8       0x68 build/stm32l4xx_hal_msp.o
                0x0000000008000fa8                HAL_UART_MspInit
 .text.PCD_WriteEmptyTxFifo
                0x0000000008001010       0xcc build/stm32l4xx_hal_pcd.o
 .text.HAL_PCD_Init
                0x00000000080010dc      0x130 build/stm32l4xx_hal_pcd.o
                0x00000000080010dc                HAL_PCD_Init
 .text.HAL_PCD_Start
                0x000000000800120c       0x3c build/stm32l4xx_hal_pcd.o
                0x000000000800120c                HAL_PCD_Start
 .text.PCD_EP_OutXfrComplete_int
                0x0000000008001248       0x44 build/stm32l4xx_hal_pcd.o
 .text.PCD_EP_OutSetupPacket_int
                0x000000000800128c       0x30 build/stm32l4xx_hal_pcd.o
 .text.HAL_PCD_IRQHandler
                0x00000000080012bc      0x4b0 build/stm32l4xx_hal_pcd.o
                0x00000000080012bc                HAL_PCD_IRQHandler
 .text.HAL_PCD_SetAddress
                0x000000000800176c       0x28 build/stm32l4xx_hal_pcd.o
                0x000000000800176c                HAL_PCD_SetAddress
 .text.HAL_PCD_EP_Open
                0x0000000008001794       0x82 build/stm32l4xx_hal_pcd.o
                0x0000000008001794                HAL_PCD_EP_Open
 .text.HAL_PCD_EP_Close
                0x0000000008001816       0x6e build/stm32l4xx_hal_pcd.o
                0x0000000008001816                HAL_PCD_EP_Close
 .text.HAL_PCD_EP_Receive
                0x0000000008001884       0x44 build/stm32l4xx_hal_pcd.o
                0x0000000008001884                HAL_PCD_EP_Receive
 .text.HAL_PCD_EP_GetRxCount
                0x00000000080018c8       0x12 build/stm32l4xx_hal_pcd.o
                0x00000000080018c8                HAL_PCD_EP_GetRxCount
 .text.HAL_PCD_EP_Transmit
                0x00000000080018da       0x3e build/stm32l4xx_hal_pcd.o
                0x00000000080018da                HAL_PCD_EP_Transmit
 .text.HAL_PCD_EP_SetStall
                0x0000000008001918       0x80 build/stm32l4xx_hal_pcd.o
                0x0000000008001918                HAL_PCD_EP_SetStall
 .text.HAL_PCD_EP_ClrStall
                0x0000000008001998       0x6e build/stm32l4xx_hal_pcd.o
                0x0000000008001998                HAL_PCD_EP_ClrStall
 .text.HAL_PCDEx_SetTxFiFo
                0x0000000008001a06       0x48 build/stm32l4xx_hal_pcd_ex.o
                0x0000000008001a06                HAL_PCDEx_SetTxFiFo
 .text.HAL_PCDEx_SetRxFiFo
                0x0000000008001a4e        0x8 build/stm32l4xx_hal_pcd_ex.o
                0x0000000008001a4e                HAL_PCDEx_SetRxFiFo
 .text.HAL_PCDEx_ActivateLPM
                0x0000000008001a56       0x26 build/stm32l4xx_hal_pcd_ex.o
                0x0000000008001a56                HAL_PCDEx_ActivateLPM
 .text.USB_CoreReset
                0x0000000008001a7c       0x3c build/stm32l4xx_ll_usb.o
 .text.USB_CoreInit
                0x0000000008001ab8       0x72 build/stm32l4xx_ll_usb.o
                0x0000000008001ab8                USB_CoreInit
 *fill*         0x0000000008001b2a        0x2 
 .text.USB_SetTurnaroundTime
                0x0000000008001b2c       0xec build/stm32l4xx_ll_usb.o
                0x0000000008001b2c                USB_SetTurnaroundTime
 .text.USB_EnableGlobalInt
                0x0000000008001c18        0xc build/stm32l4xx_ll_usb.o
                0x0000000008001c18                USB_EnableGlobalInt
 .text.USB_DisableGlobalInt
                0x0000000008001c24        0xc build/stm32l4xx_ll_usb.o
                0x0000000008001c24                USB_DisableGlobalInt
 .text.USB_SetCurrentMode
                0x0000000008001c30       0x30 build/stm32l4xx_ll_usb.o
                0x0000000008001c30                USB_SetCurrentMode
 .text.USB_FlushTxFifo
                0x0000000008001c60       0x28 build/stm32l4xx_ll_usb.o
                0x0000000008001c60                USB_FlushTxFifo
 .text.USB_FlushRxFifo
                0x0000000008001c88       0x24 build/stm32l4xx_ll_usb.o
                0x0000000008001c88                USB_FlushRxFifo
 .text.USB_SetDevSpeed
                0x0000000008001cac        0xe build/stm32l4xx_ll_usb.o
                0x0000000008001cac                USB_SetDevSpeed
 *fill*         0x0000000008001cba        0x2 
 .text.USB_DevInit
                0x0000000008001cbc      0x168 build/stm32l4xx_ll_usb.o
                0x0000000008001cbc                USB_DevInit
 .text.USB_GetDevSpeed
                0x0000000008001e24       0x1c build/stm32l4xx_ll_usb.o
                0x0000000008001e24                USB_GetDevSpeed
 .text.USB_ActivateEndpoint
                0x0000000008001e40       0x94 build/stm32l4xx_ll_usb.o
                0x0000000008001e40                USB_ActivateEndpoint
 .text.USB_DeactivateEndpoint
                0x0000000008001ed4       0xdc build/stm32l4xx_ll_usb.o
                0x0000000008001ed4                USB_DeactivateEndpoint
 .text.USB_EP0StartXfer
                0x0000000008001fb0       0xec build/stm32l4xx_ll_usb.o
                0x0000000008001fb0                USB_EP0StartXfer
 .text.USB_WritePacket
                0x000000000800209c       0x24 build/stm32l4xx_ll_usb.o
                0x000000000800209c                USB_WritePacket
 .text.USB_EPStartXfer
                0x00000000080020c0      0x1a8 build/stm32l4xx_ll_usb.o
                0x00000000080020c0                USB_EPStartXfer
 .text.USB_ReadPacket
                0x0000000008002268       0x28 build/stm32l4xx_ll_usb.o
                0x0000000008002268                USB_ReadPacket
 .text.USB_EPSetStall
                0x0000000008002290       0x5a build/stm32l4xx_ll_usb.o
                0x0000000008002290                USB_EPSetStall
 .text.USB_EPClearStall
                0x00000000080022ea       0x5c build/stm32l4xx_ll_usb.o
                0x00000000080022ea                USB_EPClearStall
 .text.USB_SetDevAddress
                0x0000000008002346       0x20 build/stm32l4xx_ll_usb.o
                0x0000000008002346                USB_SetDevAddress
 .text.USB_DevConnect
                0x0000000008002366       0x18 build/stm32l4xx_ll_usb.o
                0x0000000008002366                USB_DevConnect
 .text.USB_DevDisconnect
                0x000000000800237e       0x18 build/stm32l4xx_ll_usb.o
                0x000000000800237e                USB_DevDisconnect
 .text.USB_ReadInterrupts
                0x0000000008002396        0x8 build/stm32l4xx_ll_usb.o
                0x0000000008002396                USB_ReadInterrupts
 .text.USB_ReadDevAllOutEpInterrupt
                0x000000000800239e       0x10 build/stm32l4xx_ll_usb.o
                0x000000000800239e                USB_ReadDevAllOutEpInterrupt
 .text.USB_ReadDevAllInEpInterrupt
                0x00000000080023ae       0x10 build/stm32l4xx_ll_usb.o
                0x00000000080023ae                USB_ReadDevAllInEpInterrupt
 .text.USB_ReadDevOutEPInterrupt
                0x00000000080023be       0x12 build/stm32l4xx_ll_usb.o
                0x00000000080023be                USB_ReadDevOutEPInterrupt
 .text.USB_ReadDevInEPInterrupt
                0x00000000080023d0       0x28 build/stm32l4xx_ll_usb.o
                0x00000000080023d0                USB_ReadDevInEPInterrupt
 .text.USB_GetMode
                0x00000000080023f8        0x8 build/stm32l4xx_ll_usb.o
                0x00000000080023f8                USB_GetMode
 .text.USB_ActivateSetup
                0x0000000008002400       0x20 build/stm32l4xx_ll_usb.o
                0x0000000008002400                USB_ActivateSetup
 .text.USB_EP0_OutStart
                0x0000000008002420       0x44 build/stm32l4xx_ll_usb.o
                0x0000000008002420                USB_EP0_OutStart
 .text.HAL_InitTick
                0x0000000008002464       0x50 build/stm32l4xx_hal.o
                0x0000000008002464                HAL_InitTick
 .text.HAL_Init
                0x00000000080024b4       0x2c build/stm32l4xx_hal.o
                0x00000000080024b4                HAL_Init
 .text.HAL_IncTick
                0x00000000080024e0       0x18 build/stm32l4xx_hal.o
                0x00000000080024e0                HAL_IncTick
 .text.HAL_GetTick
                0x00000000080024f8        0xc build/stm32l4xx_hal.o
                0x00000000080024f8                HAL_GetTick
 .text.HAL_Delay
                0x0000000008002504       0x28 build/stm32l4xx_hal.o
                0x0000000008002504                HAL_Delay
 .text.RCC_SetFlashLatencyFromMSIRange
                0x000000000800252c       0x90 build/stm32l4xx_hal_rcc.o
 .text.HAL_RCC_DeInit
                0x00000000080025bc       0xf4 build/stm32l4xx_hal_rcc.o
                0x00000000080025bc                HAL_RCC_DeInit
 .text.HAL_RCC_GetSysClockFreq
                0x00000000080026b0       0xb4 build/stm32l4xx_hal_rcc.o
                0x00000000080026b0                HAL_RCC_GetSysClockFreq
 .text.HAL_RCC_OscConfig
                0x0000000008002764      0x638 build/stm32l4xx_hal_rcc.o
                0x0000000008002764                HAL_RCC_OscConfig
 .text.HAL_RCC_ClockConfig
                0x0000000008002d9c      0x158 build/stm32l4xx_hal_rcc.o
                0x0000000008002d9c                HAL_RCC_ClockConfig
 .text.HAL_RCC_GetHCLKFreq
                0x0000000008002ef4        0xc build/stm32l4xx_hal_rcc.o
                0x0000000008002ef4                HAL_RCC_GetHCLKFreq
 .text.HAL_RCC_GetPCLK1Freq
                0x0000000008002f00       0x24 build/stm32l4xx_hal_rcc.o
                0x0000000008002f00                HAL_RCC_GetPCLK1Freq
 .text.HAL_RCC_GetPCLK2Freq
                0x0000000008002f24       0x24 build/stm32l4xx_hal_rcc.o
                0x0000000008002f24                HAL_RCC_GetPCLK2Freq
 .text.RCCEx_PLLSAI1_Config
                0x0000000008002f48      0x170 build/stm32l4xx_hal_rcc_ex.o
 .text.RCCEx_PLLSAI2_Config
                0x00000000080030b8      0x14c build/stm32l4xx_hal_rcc_ex.o
 .text.HAL_RCCEx_PeriphCLKConfig
                0x0000000008003204      0x450 build/stm32l4xx_hal_rcc_ex.o
                0x0000000008003204                HAL_RCCEx_PeriphCLKConfig
 .text.HAL_RCCEx_EnableMSIPLLMode
                0x0000000008003654       0x10 build/stm32l4xx_hal_rcc_ex.o
                0x0000000008003654                HAL_RCCEx_EnableMSIPLLMode
 .text.FLASH_Program_DoubleWord
                0x0000000008003664       0x20 build/stm32l4xx_hal_flash.o
 .text.FLASH_Program_Fast
                0x0000000008003684       0x34 build/stm32l4xx_hal_flash.o
 .text.HAL_FLASH_Unlock
                0x00000000080036b8       0x30 build/stm32l4xx_hal_flash.o
                0x00000000080036b8                HAL_FLASH_Unlock
 .text.HAL_FLASH_Lock
                0x00000000080036e8       0x14 build/stm32l4xx_hal_flash.o
                0x00000000080036e8                HAL_FLASH_Lock
 .text.FLASH_WaitForLastOperation
                0x00000000080036fc       0x64 build/stm32l4xx_hal_flash.o
                0x00000000080036fc                FLASH_WaitForLastOperation
 .text.HAL_FLASH_Program
                0x0000000008003760       0xb0 build/stm32l4xx_hal_flash.o
                0x0000000008003760                HAL_FLASH_Program
 .text.FLASH_MassErase
                0x0000000008003810       0x30 build/stm32l4xx_hal_flash_ex.o
 .text.FLASH_PageErase
                0x0000000008003840       0x44 build/stm32l4xx_hal_flash_ex.o
                0x0000000008003840                FLASH_PageErase
 .text.FLASH_FlushCaches
                0x0000000008003884       0x5c build/stm32l4xx_hal_flash_ex.o
                0x0000000008003884                FLASH_FlushCaches
 .text.HAL_FLASHEx_Erase
                0x00000000080038e0       0xfc build/stm32l4xx_hal_flash_ex.o
                0x00000000080038e0                HAL_FLASHEx_Erase
 .text.HAL_GPIO_Init
                0x00000000080039dc      0x1c8 build/stm32l4xx_hal_gpio.o
                0x00000000080039dc                HAL_GPIO_Init
 .text.HAL_GPIO_WritePin
                0x0000000008003ba4        0xa build/stm32l4xx_hal_gpio.o
                0x0000000008003ba4                HAL_GPIO_WritePin
 *fill*         0x0000000008003bae        0x2 
 .text.HAL_PWR_EnableBkUpAccess
                0x0000000008003bb0       0x10 build/stm32l4xx_hal_pwr.o
                0x0000000008003bb0                HAL_PWR_EnableBkUpAccess
 .text.HAL_PWREx_GetVoltageRange
                0x0000000008003bc0       0x10 build/stm32l4xx_hal_pwr_ex.o
                0x0000000008003bc0                HAL_PWREx_GetVoltageRange
 .text.HAL_PWREx_ControlVoltageScaling
                0x0000000008003bd0       0x90 build/stm32l4xx_hal_pwr_ex.o
                0x0000000008003bd0                HAL_PWREx_ControlVoltageScaling
 .text.HAL_PWREx_EnableVddUSB
                0x0000000008003c60       0x10 build/stm32l4xx_hal_pwr_ex.o
                0x0000000008003c60                HAL_PWREx_EnableVddUSB
 .text.HAL_NVIC_SetPriorityGrouping
                0x0000000008003c70       0x24 build/stm32l4xx_hal_cortex.o
                0x0000000008003c70                HAL_NVIC_SetPriorityGrouping
 .text.HAL_NVIC_SetPriority
                0x0000000008003c94       0x68 build/stm32l4xx_hal_cortex.o
                0x0000000008003c94                HAL_NVIC_SetPriority
 .text.HAL_NVIC_EnableIRQ
                0x0000000008003cfc       0x1c build/stm32l4xx_hal_cortex.o
                0x0000000008003cfc                HAL_NVIC_EnableIRQ
 .text.HAL_SYSTICK_Config
                0x0000000008003d18       0x2c build/stm32l4xx_hal_cortex.o
                0x0000000008003d18                HAL_SYSTICK_Config
 .text.UART_SetConfig
                0x0000000008003d44      0x424 build/stm32l4xx_hal_uart.o
                0x0000000008003d44                UART_SetConfig
 .text.UART_AdvFeatureConfig
                0x0000000008004168       0xca build/stm32l4xx_hal_uart.o
                0x0000000008004168                UART_AdvFeatureConfig
 .text.UART_WaitOnFlagUntilTimeout
                0x0000000008004232       0x9c build/stm32l4xx_hal_uart.o
                0x0000000008004232                UART_WaitOnFlagUntilTimeout
 .text.HAL_UART_Transmit
                0x00000000080042ce       0xd8 build/stm32l4xx_hal_uart.o
                0x00000000080042ce                HAL_UART_Transmit
 .text.UART_CheckIdleState
                0x00000000080043a6       0x6c build/stm32l4xx_hal_uart.o
                0x00000000080043a6                UART_CheckIdleState
 .text.HAL_UART_Init
                0x0000000008004412       0x62 build/stm32l4xx_hal_uart.o
                0x0000000008004412                HAL_UART_Init
 .text.SystemInit
                0x0000000008004474       0xbc build/system_stm32l4xx.o
                0x0000000008004474                SystemInit
 .text.USBD_Init
                0x0000000008004530       0x2e build/usbd_core.o
                0x0000000008004530                USBD_Init
 .text.USBD_RegisterClass
                0x000000000800455e        0xe build/usbd_core.o
                0x000000000800455e                USBD_RegisterClass
 .text.USBD_Start
                0x000000000800456c        0xa build/usbd_core.o
                0x000000000800456c                USBD_Start
 .text.USBD_SetClassConfig
                0x0000000008004576       0x1a build/usbd_core.o
                0x0000000008004576                USBD_SetClassConfig
 .text.USBD_ClrClassConfig
                0x0000000008004590        0xe build/usbd_core.o
                0x0000000008004590                USBD_ClrClassConfig
 .text.USBD_LL_SetupStage
                0x000000000800459e       0x5a build/usbd_core.o
                0x000000000800459e                USBD_LL_SetupStage
 .text.USBD_LL_DataOutStage
                0x00000000080045f8       0x92 build/usbd_core.o
                0x00000000080045f8                USBD_LL_DataOutStage
 .text.USBD_LL_DataInStage
                0x000000000800468a       0xd2 build/usbd_core.o
                0x000000000800468a                USBD_LL_DataInStage
 .text.USBD_LL_Reset
                0x000000000800475c       0x50 build/usbd_core.o
                0x000000000800475c                USBD_LL_Reset
 .text.USBD_LL_SetSpeed
                0x00000000080047ac        0x6 build/usbd_core.o
                0x00000000080047ac                USBD_LL_SetSpeed
 .text.USBD_LL_Suspend
                0x00000000080047b2       0x12 build/usbd_core.o
                0x00000000080047b2                USBD_LL_Suspend
 .text.USBD_LL_Resume
                0x00000000080047c4       0x16 build/usbd_core.o
                0x00000000080047c4                USBD_LL_Resume
 .text.USBD_LL_SOF
                0x00000000080047da       0x1c build/usbd_core.o
                0x00000000080047da                USBD_LL_SOF
 .text.USBD_LL_IsoINIncomplete
                0x00000000080047f6        0x4 build/usbd_core.o
                0x00000000080047f6                USBD_LL_IsoINIncomplete
 .text.USBD_LL_IsoOUTIncomplete
                0x00000000080047fa        0x4 build/usbd_core.o
                0x00000000080047fa                USBD_LL_IsoOUTIncomplete
 .text.USBD_LL_DevConnected
                0x00000000080047fe        0x4 build/usbd_core.o
                0x00000000080047fe                USBD_LL_DevConnected
 .text.USBD_LL_DevDisconnected
                0x0000000008004802       0x16 build/usbd_core.o
                0x0000000008004802                USBD_LL_DevDisconnected
 .text.USBD_GetLen
                0x0000000008004818       0x14 build/usbd_ctlreq.o
 .text.USBD_SetFeature
                0x000000000800482c       0x14 build/usbd_ctlreq.o
 .text.USBD_ParseSetupRequest
                0x0000000008004840       0x28 build/usbd_ctlreq.o
                0x0000000008004840                USBD_ParseSetupRequest
 .text.USBD_CtlError
                0x0000000008004868       0x14 build/usbd_ctlreq.o
                0x0000000008004868                USBD_CtlError
 .text.USBD_GetDescriptor
                0x000000000800487c      0x1a8 build/usbd_ctlreq.o
 .text.USBD_SetAddress
                0x0000000008004a24       0x4e build/usbd_ctlreq.o
 *fill*         0x0000000008004a72        0x2 
 .text.USBD_SetConfig
                0x0000000008004a74       0xb0 build/usbd_ctlreq.o
 .text.USBD_GetConfig
                0x0000000008004b24       0x3c build/usbd_ctlreq.o
 .text.USBD_GetStatus
                0x0000000008004b60       0x38 build/usbd_ctlreq.o
 .text.USBD_ClrFeature
                0x0000000008004b98       0x26 build/usbd_ctlreq.o
 .text.USBD_StdDevReq
                0x0000000008004bbe       0x68 build/usbd_ctlreq.o
                0x0000000008004bbe                USBD_StdDevReq
 .text.USBD_StdItfReq
                0x0000000008004c26       0x60 build/usbd_ctlreq.o
                0x0000000008004c26                USBD_StdItfReq
 .text.USBD_StdEPReq
                0x0000000008004c86      0x20e build/usbd_ctlreq.o
                0x0000000008004c86                USBD_StdEPReq
 .text.USBD_GetString
                0x0000000008004e94       0x38 build/usbd_ctlreq.o
                0x0000000008004e94                USBD_GetString
 .text.USBD_CtlSendData
                0x0000000008004ecc       0x1a build/usbd_ioreq.o
                0x0000000008004ecc                USBD_CtlSendData
 .text.USBD_CtlContinueSendData
                0x0000000008004ee6       0x10 build/usbd_ioreq.o
                0x0000000008004ee6                USBD_CtlContinueSendData
 .text.USBD_CtlPrepareRx
                0x0000000008004ef6       0x1e build/usbd_ioreq.o
                0x0000000008004ef6                USBD_CtlPrepareRx
 .text.USBD_CtlContinueRx
                0x0000000008004f14       0x10 build/usbd_ioreq.o
                0x0000000008004f14                USBD_CtlContinueRx
 .text.USBD_CtlSendStatus
                0x0000000008004f24       0x16 build/usbd_ioreq.o
                0x0000000008004f24                USBD_CtlSendStatus
 .text.USBD_CtlReceiveStatus
                0x0000000008004f3a       0x16 build/usbd_ioreq.o
                0x0000000008004f3a                USBD_CtlReceiveStatus
 .text.USBD_CDC_EP0_RxReady
                0x0000000008004f50       0x28 build/usbd_cdc.o
 .text.USBD_CDC_GetFSCfgDesc
                0x0000000008004f78        0xc build/usbd_cdc.o
 .text.USBD_CDC_GetHSCfgDesc
                0x0000000008004f84        0xc build/usbd_cdc.o
 .text.USBD_CDC_GetOtherSpeedCfgDesc
                0x0000000008004f90        0xc build/usbd_cdc.o
 .text.USBD_CDC_GetDeviceQualifierDescriptor
                0x0000000008004f9c        0xc build/usbd_cdc.o
                0x0000000008004f9c                USBD_CDC_GetDeviceQualifierDescriptor
 .text.USBD_CDC_DataOut
                0x0000000008004fa8       0x2e build/usbd_cdc.o
 .text.USBD_CDC_DataIn
                0x0000000008004fd6       0x50 build/usbd_cdc.o
 .text.USBD_CDC_Setup
                0x0000000008005026       0xda build/usbd_cdc.o
 .text.USBD_CDC_DeInit
                0x0000000008005100       0x42 build/usbd_cdc.o
 .text.USBD_CDC_Init
                0x0000000008005142       0xaa build/usbd_cdc.o
 .text.USBD_CDC_RegisterInterface
                0x00000000080051ec        0xe build/usbd_cdc.o
                0x00000000080051ec                USBD_CDC_RegisterInterface
 .text.USBD_CDC_SetTxBuffer
                0x00000000080051fa       0x10 build/usbd_cdc.o
                0x00000000080051fa                USBD_CDC_SetTxBuffer
 .text.USBD_CDC_SetRxBuffer
                0x000000000800520a        0xc build/usbd_cdc.o
                0x000000000800520a                USBD_CDC_SetRxBuffer
 .text.USBD_CDC_TransmitPacket
                0x0000000008005216       0x34 build/usbd_cdc.o
                0x0000000008005216                USBD_CDC_TransmitPacket
 .text.USBD_CDC_ReceivePacket
                0x000000000800524a       0x32 build/usbd_cdc.o
                0x000000000800524a                USBD_CDC_ReceivePacket
 .text.Reset_Handler
                0x000000000800527c       0x50 build/startup_stm32l476xx.o
                0x000000000800527c                Reset_Handler
 .text.Default_Handler
                0x00000000080052cc        0x2 build/startup_stm32l476xx.o
                0x00000000080052cc                TIM1_BRK_TIM15_IRQHandler
                0x00000000080052cc                EXTI2_IRQHandler
                0x00000000080052cc                TIM8_TRG_COM_IRQHandler
                0x00000000080052cc                TIM8_CC_IRQHandler
                0x00000000080052cc                TIM1_CC_IRQHandler
                0x00000000080052cc                TSC_IRQHandler
                0x00000000080052cc                TAMP_STAMP_IRQHandler
                0x00000000080052cc                EXTI3_IRQHandler
                0x00000000080052cc                LPTIM2_IRQHandler
                0x00000000080052cc                DFSDM1_FLT1_IRQHandler
                0x00000000080052cc                I2C3_ER_IRQHandler
                0x00000000080052cc                DFSDM1_FLT2_IRQHandler
                0x00000000080052cc                EXTI0_IRQHandler
                0x00000000080052cc                I2C2_EV_IRQHandler
                0x00000000080052cc                CAN1_RX0_IRQHandler
                0x00000000080052cc                FPU_IRQHandler
                0x00000000080052cc                TIM1_UP_TIM16_IRQHandler
                0x00000000080052cc                ADC1_2_IRQHandler
                0x00000000080052cc                SPI1_IRQHandler
                0x00000000080052cc                TIM6_DAC_IRQHandler
                0x00000000080052cc                TIM8_UP_IRQHandler
                0x00000000080052cc                DMA2_Channel2_IRQHandler
                0x00000000080052cc                DMA1_Channel4_IRQHandler
                0x00000000080052cc                SAI2_IRQHandler
                0x00000000080052cc                DFSDM1_FLT3_IRQHandler
                0x00000000080052cc                USART3_IRQHandler
                0x00000000080052cc                DMA1_Channel7_IRQHandler
                0x00000000080052cc                CAN1_RX1_IRQHandler
                0x00000000080052cc                LCD_IRQHandler
                0x00000000080052cc                UART5_IRQHandler
                0x00000000080052cc                ADC3_IRQHandler
                0x00000000080052cc                TIM4_IRQHandler
                0x00000000080052cc                DMA2_Channel1_IRQHandler
                0x00000000080052cc                QUADSPI_IRQHandler
                0x00000000080052cc                I2C1_EV_IRQHandler
                0x00000000080052cc                DMA1_Channel6_IRQHandler
                0x00000000080052cc                UART4_IRQHandler
                0x00000000080052cc                DMA2_Channel4_IRQHandler
                0x00000000080052cc                TIM3_IRQHandler
                0x00000000080052cc                RCC_IRQHandler
                0x00000000080052cc                DMA1_Channel1_IRQHandler
                0x00000000080052cc                Default_Handler
                0x00000000080052cc                DMA2_Channel7_IRQHandler
                0x00000000080052cc                EXTI15_10_IRQHandler
                0x00000000080052cc                TIM7_IRQHandler
                0x00000000080052cc                SDMMC1_IRQHandler
                0x00000000080052cc                TIM5_IRQHandler
                0x00000000080052cc                I2C3_EV_IRQHandler
                0x00000000080052cc                EXTI9_5_IRQHandler
                0x00000000080052cc                RTC_WKUP_IRQHandler
                0x00000000080052cc                PVD_PVM_IRQHandler
                0x00000000080052cc                SPI2_IRQHandler
                0x00000000080052cc                CAN1_TX_IRQHandler
                0x00000000080052cc                DMA2_Channel5_IRQHandler
                0x00000000080052cc                DMA1_Channel5_IRQHandler
                0x00000000080052cc                EXTI4_IRQHandler
                0x00000000080052cc                RNG_IRQHandler
                0x00000000080052cc                TIM1_TRG_COM_TIM17_IRQHandler
                0x00000000080052cc                DMA1_Channel3_IRQHandler
                0x00000000080052cc                COMP_IRQHandler
                0x00000000080052cc                WWDG_IRQHandler
                0x00000000080052cc                LPUART1_IRQHandler
                0x00000000080052cc                DMA2_Channel6_IRQHandler
                0x00000000080052cc                TIM2_IRQHandler
                0x00000000080052cc                EXTI1_IRQHandler
                0x00000000080052cc                USART2_IRQHandler
                0x00000000080052cc                DFSDM1_FLT0_IRQHandler
                0x00000000080052cc                I2C2_ER_IRQHandler
                0x00000000080052cc                DMA1_Channel2_IRQHandler
                0x00000000080052cc                TIM8_BRK_IRQHandler
                0x00000000080052cc                CAN1_SCE_IRQHandler
                0x00000000080052cc                FLASH_IRQHandler
                0x00000000080052cc                USART1_IRQHandler
                0x00000000080052cc                SPI3_IRQHandler
                0x00000000080052cc                I2C1_ER_IRQHandler
                0x00000000080052cc                FMC_IRQHandler
                0x00000000080052cc                SWPMI1_IRQHandler
                0x00000000080052cc                LPTIM1_IRQHandler
                0x00000000080052cc                SAI1_IRQHandler
                0x00000000080052cc                DMA2_Channel3_IRQHandler
                0x00000000080052cc                RTC_Alarm_IRQHandler
 *fill*         0x00000000080052ce        0x2 
 .text.__libc_init_array
                0x00000000080052d0       0x48 /usr/local/Cellar/gcc-arm-none-eabi/20180627/bin/../lib/gcc/arm-none-eabi/7.3.1/../../../../arm-none-eabi/lib/thumb/v7e-m/fpv4-sp/hard/libc_nano.a(lib_a-init.o)
                0x00000000080052d0                __libc_init_array
 .text.memcmp   0x0000000008005318       0x1e /usr/local/Cellar/gcc-arm-none-eabi/20180627/bin/../lib/gcc/arm-none-eabi/7.3.1/../../../../arm-none-eabi/lib/thumb/v7e-m/fpv4-sp/hard/libc_nano.a(lib_a-memcmp.o)
                0x0000000008005318                memcmp
 .text.memset   0x0000000008005336       0x10 /usr/local/Cellar/gcc-arm-none-eabi/20180627/bin/../lib/gcc/arm-none-eabi/7.3.1/../../../../arm-none-eabi/lib/thumb/v7e-m/fpv4-sp/hard/libc_nano.a(lib_a-memset.o)
                0x0000000008005336                memset
 *fill*         0x0000000008005346        0x2 
 .text.sprintf  0x0000000008005348       0x40 /usr/local/Cellar/gcc-arm-none-eabi/20180627/bin/../lib/gcc/arm-none-eabi/7.3.1/../../../../arm-none-eabi/lib/thumb/v7e-m/fpv4-sp/hard/libc_nano.a(lib_a-sprintf.o)
                0x0000000008005348                sprintf
                0x0000000008005348                siprintf
 .text.__ssputs_r
                0x0000000008005388       0xb4 /usr/local/Cellar/gcc-arm-none-eabi/20180627/bin/../lib/gcc/arm-none-eabi/7.3.1/../../../../arm-none-eabi/lib/thumb/v7e-m/fpv4-sp/hard/libc_nano.a(lib_a-nano-svfprintf.o)
                0x0000000008005388                __ssputs_r
 .text._svfprintf_r
                0x000000000800543c      0x1f0 /usr/local/Cellar/gcc-arm-none-eabi/20180627/bin/../lib/gcc/arm-none-eabi/7.3.1/../../../../arm-none-eabi/lib/thumb/v7e-m/fpv4-sp/hard/libc_nano.a(lib_a-nano-svfprintf.o)
                0x000000000800543c                _svfprintf_r
                0x000000000800543c                _svfiprintf_r
 .text._printf_common
                0x000000000800562c       0xea /usr/local/Cellar/gcc-arm-none-eabi/20180627/bin/../lib/gcc/arm-none-eabi/7.3.1/../../../../arm-none-eabi/lib/thumb/v7e-m/fpv4-sp/hard/libc_nano.a(lib_a-nano-vfprintf_i.o)
                0x000000000800562c                _printf_common
 *fill*         0x0000000008005716        0x2 
 .text._printf_i
                0x0000000008005718      0x224 /usr/local/Cellar/gcc-arm-none-eabi/20180627/bin/../lib/gcc/arm-none-eabi/7.3.1/../../../../arm-none-eabi/lib/thumb/v7e-m/fpv4-sp/hard/libc_nano.a(lib_a-nano-vfprintf_i.o)
                0x0000000008005718                _printf_i
 .text.memcpy   0x000000000800593c       0x16 /usr/local/Cellar/gcc-arm-none-eabi/20180627/bin/../lib/gcc/arm-none-eabi/7.3.1/../../../../arm-none-eabi/lib/thumb/v7e-m/fpv4-sp/hard/libc_nano.a(lib_a-memcpy-stub.o)
                0x000000000800593c                memcpy
 .text.memmove  0x0000000008005952       0x32 /usr/local/Cellar/gcc-arm-none-eabi/20180627/bin/../lib/gcc/arm-none-eabi/7.3.1/../../../../arm-none-eabi/lib/thumb/v7e-m/fpv4-sp/hard/libc_nano.a(lib_a-memmove.o)
                0x0000000008005952                memmove
 .text._free_r  0x0000000008005984       0x9c /usr/local/Cellar/gcc-arm-none-eabi/20180627/bin/../lib/gcc/arm-none-eabi/7.3.1/../../../../arm-none-eabi/lib/thumb/v7e-m/fpv4-sp/hard/libc_nano.a(lib_a-nano-freer.o)
                0x0000000008005984                _free_r
 .text._malloc_r
                0x0000000008005a20       0xb4 /usr/local/Cellar/gcc-arm-none-eabi/20180627/bin/../lib/gcc/arm-none-eabi/7.3.1/../../../../arm-none-eabi/lib/thumb/v7e-m/fpv4-sp/hard/libc_nano.a(lib_a-nano-mallocr.o)
                0x0000000008005a20                _malloc_r
 .text._realloc_r
                0x0000000008005ad4       0x4c /usr/local/Cellar/gcc-arm-none-eabi/20180627/bin/../lib/gcc/arm-none-eabi/7.3.1/../../../../arm-none-eabi/lib/thumb/v7e-m/fpv4-sp/hard/libc_nano.a(lib_a-nano-reallocr.o)
                0x0000000008005ad4                _realloc_r
 .text._sbrk_r  0x0000000008005b20       0x20 /usr/local/Cellar/gcc-arm-none-eabi/20180627/bin/../lib/gcc/arm-none-eabi/7.3.1/../../../../arm-none-eabi/lib/thumb/v7e-m/fpv4-sp/hard/libc_nano.a(lib_a-sbrkr.o)
                0x0000000008005b20                _sbrk_r
 .text.__malloc_lock
                0x0000000008005b40        0x2 /usr/local/Cellar/gcc-arm-none-eabi/20180627/bin/../lib/gcc/arm-none-eabi/7.3.1/../../../../arm-none-eabi/lib/thumb/v7e-m/fpv4-sp/hard/libc_nano.a(lib_a-mlock.o)
                0x0000000008005b40                __malloc_lock
 .text.__malloc_unlock
                0x0000000008005b42        0x2 /usr/local/Cellar/gcc-arm-none-eabi/20180627/bin/../lib/gcc/arm-none-eabi/7.3.1/../../../../arm-none-eabi/lib/thumb/v7e-m/fpv4-sp/hard/libc_nano.a(lib_a-mlock.o)
                0x0000000008005b42                __malloc_unlock
 .text._malloc_usable_size_r
                0x0000000008005b44       0x10 /usr/local/Cellar/gcc-arm-none-eabi/20180627/bin/../lib/gcc/arm-none-eabi/7.3.1/../../../../arm-none-eabi/lib/thumb/v7e-m/fpv4-sp/hard/libc_nano.a(lib_a-nano-msizer.o)
                0x0000000008005b44                _malloc_usable_size_r
 .text._sbrk    0x0000000008005b54       0x1c /usr/local/Cellar/gcc-arm-none-eabi/20180627/bin/../lib/gcc/arm-none-eabi/7.3.1/../../../../arm-none-eabi/lib/thumb/v7e-m/fpv4-sp/hard/libnosys.a(sbrk.o)
                0x0000000008005b54                _sbrk
 *(.glue_7)
 .glue_7        0x0000000008005b70        0x0 linker stubs
 *(.glue_7t)
 .glue_7t       0x0000000008005b70        0x0 linker stubs
 *(.eh_frame)
 .eh_frame      0x0000000008005b70        0x0 /usr/local/Cellar/gcc-arm-none-eabi/20180627/bin/../lib/gcc/arm-none-eabi/7.3.1/thumb/v7e-m/fpv4-sp/hard/crtbegin.o
 *(.init)
 .init          0x0000000008005b70        0x4 /usr/local/Cellar/gcc-arm-none-eabi/20180627/bin/../lib/gcc/arm-none-eabi/7.3.1/thumb/v7e-m/fpv4-sp/hard/crti.o
                0x0000000008005b70                _init
 .init          0x0000000008005b74        0x8 /usr/local/Cellar/gcc-arm-none-eabi/20180627/bin/../lib/gcc/arm-none-eabi/7.3.1/thumb/v7e-m/fpv4-sp/hard/crtn.o
 *(.fini)
 .fini          0x0000000008005b7c        0x4 /usr/local/Cellar/gcc-arm-none-eabi/20180627/bin/../lib/gcc/arm-none-eabi/7.3.1/thumb/v7e-m/fpv4-sp/hard/crti.o
                0x0000000008005b7c                _fini
 .fini          0x0000000008005b80        0x8 /usr/local/Cellar/gcc-arm-none-eabi/20180627/bin/../lib/gcc/arm-none-eabi/7.3.1/thumb/v7e-m/fpv4-sp/hard/crtn.o
                0x0000000008005b88                . = ALIGN (0x8)
                0x0000000008005b88                _etext = .

.vfp11_veneer   0x0000000008005b88        0x0
 .vfp11_veneer  0x0000000008005b88        0x0 linker stubs

.v4_bx          0x0000000008005b88        0x0
 .v4_bx         0x0000000008005b88        0x0 linker stubs

.iplt           0x0000000008005b88        0x0
 .iplt          0x0000000008005b88        0x0 /usr/local/Cellar/gcc-arm-none-eabi/20180627/bin/../lib/gcc/arm-none-eabi/7.3.1/thumb/v7e-m/fpv4-sp/hard/crtbegin.o

.rodata         0x0000000008005b88      0x190
                0x0000000008005b88                . = ALIGN (0x8)
 *(.rodata)
 *(.rodata*)
 .rodata.USBD_FS_ConfigStrDescriptor.str1.4
                0x0000000008005b88        0xb build/usbd_desc.o
 *fill*         0x0000000008005b93        0x1 
 .rodata.USBD_FS_InterfaceStrDescriptor.str1.4
                0x0000000008005b94        0xe build/usbd_desc.o
 *fill*         0x0000000008005ba2        0x2 
 .rodata.USBD_FS_ManufacturerStrDescriptor.str1.4
                0x0000000008005ba4       0x13 build/usbd_desc.o
 *fill*         0x0000000008005bb7        0x1 
 .rodata.USBD_FS_ProductStrDescriptor.str1.4
                0x0000000008005bb8       0x16 build/usbd_desc.o
 *fill*         0x0000000008005bce        0x2 
 .rodata.CDC_Receive_FS.str1.4
                0x0000000008005bd0       0xaa build/usbd_cdc_if.o
                                         0xae (size before relaxing)
 *fill*         0x0000000008005c7a        0x2 
 .rodata.Save_Rec_FW.str1.4
                0x0000000008005c7c       0x1c build/flash_firmware.o
                                         0x1e (size before relaxing)
 .rodata.AHBPrescTable
                0x0000000008005c98       0x10 build/system_stm32l4xx.o
                0x0000000008005c98                AHBPrescTable
 .rodata.APBPrescTable
                0x0000000008005ca8        0x8 build/system_stm32l4xx.o
                0x0000000008005ca8                APBPrescTable
 .rodata.MSIRangeTable
                0x0000000008005cb0       0x30 build/system_stm32l4xx.o
                0x0000000008005cb0                MSIRangeTable
 .rodata._svfprintf_r.str1.1
                0x0000000008005ce0       0x11 /usr/local/Cellar/gcc-arm-none-eabi/20180627/bin/../lib/gcc/arm-none-eabi/7.3.1/../../../../arm-none-eabi/lib/thumb/v7e-m/fpv4-sp/hard/libc_nano.a(lib_a-nano-svfprintf.o)
 .rodata._printf_i.str1.1
                0x0000000008005cf1       0x22 /usr/local/Cellar/gcc-arm-none-eabi/20180627/bin/../lib/gcc/arm-none-eabi/7.3.1/../../../../arm-none-eabi/lib/thumb/v7e-m/fpv4-sp/hard/libc_nano.a(lib_a-nano-vfprintf_i.o)
                0x0000000008005d18                . = ALIGN (0x8)
 *fill*         0x0000000008005d13        0x5 

.ARM.extab      0x0000000008005d18        0x0
                0x0000000008005d18                . = ALIGN (0x8)
 *(.ARM.extab* .gnu.linkonce.armextab.*)
                0x0000000008005d18                . = ALIGN (0x8)

.ARM            0x0000000008005d18        0x8
                0x0000000008005d18                . = ALIGN (0x8)
                0x0000000008005d18                __exidx_start = .
 *(.ARM.exidx*)
 .ARM.exidx     0x0000000008005d18        0x8 /usr/local/Cellar/gcc-arm-none-eabi/20180627/bin/../lib/gcc/arm-none-eabi/7.3.1/thumb/v7e-m/fpv4-sp/hard/libgcc.a(_udivmoddi4.o)
                0x0000000008005d20                __exidx_end = .
                0x0000000008005d20                . = ALIGN (0x8)

.rel.dyn        0x0000000008005d20        0x0
 .rel.iplt      0x0000000008005d20        0x0 /usr/local/Cellar/gcc-arm-none-eabi/20180627/bin/../lib/gcc/arm-none-eabi/7.3.1/thumb/v7e-m/fpv4-sp/hard/crtbegin.o

.preinit_array  0x0000000008005d20        0x0
                0x0000000008005d20                . = ALIGN (0x8)
                0x0000000008005d20                PROVIDE (__preinit_array_start = .)
 *(.preinit_array*)
                0x0000000008005d20                PROVIDE (__preinit_array_end = .)
                0x0000000008005d20                . = ALIGN (0x8)

.init_array     0x0000000008005d20        0x8
                0x0000000008005d20                . = ALIGN (0x8)
                0x0000000008005d20                PROVIDE (__init_array_start = .)
 *(SORT_BY_NAME(.init_array.*))
 *(.init_array*)
 .init_array    0x0000000008005d20        0x4 /usr/local/Cellar/gcc-arm-none-eabi/20180627/bin/../lib/gcc/arm-none-eabi/7.3.1/thumb/v7e-m/fpv4-sp/hard/crtbegin.o
                0x0000000008005d24                PROVIDE (__init_array_end = .)
                0x0000000008005d28                . = ALIGN (0x8)
 *fill*         0x0000000008005d24        0x4 

.fini_array     0x0000000008005d28        0x8
                0x0000000008005d28                . = ALIGN (0x8)
                [!provide]                        PROVIDE (__fini_array_start = .)
 *(SORT_BY_NAME(.fini_array.*))
 *(.fini_array*)
 .fini_array    0x0000000008005d28        0x4 /usr/local/Cellar/gcc-arm-none-eabi/20180627/bin/../lib/gcc/arm-none-eabi/7.3.1/thumb/v7e-m/fpv4-sp/hard/crtbegin.o
                [!provide]                        PROVIDE (__fini_array_end = .)
                0x0000000008005d30                . = ALIGN (0x8)
 *fill*         0x0000000008005d2c        0x4 
                0x0000000008005d30                _sidata = LOADADDR (.data)

.data           0x0000000020000000      0x210 load address 0x0000000008005d30
                0x0000000020000000                . = ALIGN (0x8)
                0x0000000020000000                _sdata = .
 *(.data)
 *(.data*)
 .data.FS_Desc  0x0000000020000000       0x20 build/usbd_desc.o
                0x0000000020000000                FS_Desc
 .data.USBD_FS_BOSDesc
                0x0000000020000020        0xc build/usbd_desc.o
                0x0000000020000020                USBD_FS_BOSDesc
 .data.USBD_FS_DeviceDesc
                0x000000002000002c       0x12 build/usbd_desc.o
                0x000000002000002c                USBD_FS_DeviceDesc
 *fill*         0x000000002000003e        0x2 
 .data.USBD_LangIDDesc
                0x0000000020000040        0x4 build/usbd_desc.o
                0x0000000020000040                USBD_LangIDDesc
 .data.USBD_StringSerial
                0x0000000020000044       0x1a build/usbd_desc.o
                0x0000000020000044                USBD_StringSerial
 *fill*         0x000000002000005e        0x2 
 .data.USBD_Interface_fops_FS
                0x0000000020000060       0x10 build/usbd_cdc_if.o
                0x0000000020000060                USBD_Interface_fops_FS
 .data.uwTickFreq
                0x0000000020000070        0x4 build/stm32l4xx_hal.o
                0x0000000020000070                uwTickFreq
 .data.uwTickPrio
                0x0000000020000074        0x4 build/stm32l4xx_hal.o
                0x0000000020000074                uwTickPrio
 .data.pFlash   0x0000000020000078       0x20 build/stm32l4xx_hal_flash.o
                0x0000000020000078                pFlash
 .data.SystemCoreClock
                0x0000000020000098        0x4 build/system_stm32l4xx.o
                0x0000000020000098                SystemCoreClock
 .data.USBD_CDC
                0x000000002000009c       0x38 build/usbd_cdc.o
                0x000000002000009c                USBD_CDC
 .data.USBD_CDC_CfgFSDesc
                0x00000000200000d4       0x43 build/usbd_cdc.o
                0x00000000200000d4                USBD_CDC_CfgFSDesc
 *fill*         0x0000000020000117        0x1 
 .data.USBD_CDC_CfgHSDesc
                0x0000000020000118       0x43 build/usbd_cdc.o
                0x0000000020000118                USBD_CDC_CfgHSDesc
 *fill*         0x000000002000015b        0x1 
 .data.USBD_CDC_DeviceQualifierDesc
                0x000000002000015c        0xa build/usbd_cdc.o
 *fill*         0x0000000020000166        0x2 
 .data.USBD_CDC_OtherSpeedCfgDesc
                0x0000000020000168       0x43 build/usbd_cdc.o
                0x0000000020000168                USBD_CDC_OtherSpeedCfgDesc
 *fill*         0x00000000200001ab        0x1 
 .data._impure_ptr
                0x00000000200001ac        0x4 /usr/local/Cellar/gcc-arm-none-eabi/20180627/bin/../lib/gcc/arm-none-eabi/7.3.1/../../../../arm-none-eabi/lib/thumb/v7e-m/fpv4-sp/hard/libc_nano.a(lib_a-impure.o)
                0x00000000200001ac                _impure_ptr
 .data.impure_data
                0x00000000200001b0       0x60 /usr/local/Cellar/gcc-arm-none-eabi/20180627/bin/../lib/gcc/arm-none-eabi/7.3.1/../../../../arm-none-eabi/lib/thumb/v7e-m/fpv4-sp/hard/libc_nano.a(lib_a-impure.o)
                0x0000000020000210                . = ALIGN (0x8)
                0x0000000020000210                _edata = .

.igot.plt       0x0000000020000210        0x0 load address 0x0000000008005f40
 .igot.plt      0x0000000020000210        0x0 /usr/local/Cellar/gcc-arm-none-eabi/20180627/bin/../lib/gcc/arm-none-eabi/7.3.1/thumb/v7e-m/fpv4-sp/hard/crtbegin.o
                0x0000000020000210                . = ALIGN (0x4)

.bss            0x0000000020000210     0x1c38 load address 0x0000000008005f40
                0x0000000020000210                _sbss = .
                0x0000000020000210                __bss_start__ = _sbss
 *(.bss)
 .bss           0x0000000020000210       0x1c /usr/local/Cellar/gcc-arm-none-eabi/20180627/bin/../lib/gcc/arm-none-eabi/7.3.1/thumb/v7e-m/fpv4-sp/hard/crtbegin.o
 *(.bss*)
 .bss.mem.10613
                0x000000002000022c      0x220 build/usbd_conf.o
 .bss.bufIndex  0x000000002000044c        0x4 build/usbd_cdc_if.o
                0x000000002000044c                bufIndex
 .bss.upgradeMode
                0x0000000020000450        0x1 build/usbd_cdc_if.o
                0x0000000020000450                upgradeMode
 .bss.cfgidx.10468
                0x0000000020000451        0x1 build/usbd_ctlreq.o
 *fill*         0x0000000020000452        0x2 
 .bss.__malloc_free_list
                0x0000000020000454        0x4 /usr/local/Cellar/gcc-arm-none-eabi/20180627/bin/../lib/gcc/arm-none-eabi/7.3.1/../../../../arm-none-eabi/lib/thumb/v7e-m/fpv4-sp/hard/libc_nano.a(lib_a-nano-mallocr.o)
                0x0000000020000454                __malloc_free_list
 .bss.__malloc_sbrk_start
                0x0000000020000458        0x4 /usr/local/Cellar/gcc-arm-none-eabi/20180627/bin/../lib/gcc/arm-none-eabi/7.3.1/../../../../arm-none-eabi/lib/thumb/v7e-m/fpv4-sp/hard/libc_nano.a(lib_a-nano-mallocr.o)
                0x0000000020000458                __malloc_sbrk_start
 .bss.heap_end.5377
                0x000000002000045c        0x4 /usr/local/Cellar/gcc-arm-none-eabi/20180627/bin/../lib/gcc/arm-none-eabi/7.3.1/../../../../arm-none-eabi/lib/thumb/v7e-m/fpv4-sp/hard/libnosys.a(sbrk.o)
 *(COMMON)
 COMMON         0x0000000020000460       0x80 build/main.o
                0x0000000020000460                huart2
 COMMON         0x00000000200004e0      0x2c4 build/usb_device.o
                0x00000000200004e0                hUsbDeviceFS
 COMMON         0x00000000200007a4      0x408 build/usbd_conf.o
                0x00000000200007a4                hpcd_USB_OTG_FS
 COMMON         0x0000000020000bac      0x200 build/usbd_desc.o
                0x0000000020000bac                USBD_StrDesc
 COMMON         0x0000000020000dac     0x1091 build/usbd_cdc_if.o
                0x0000000020000dac                recBuffer
                0x0000000020000e2c                UserRxBufferFS
                0x000000002000162c                UserTxBufferFS
                0x0000000020001e2c                firstPackage
                0x0000000020001e30                sendOut
                0x0000000020001e38                flashAddress
                0x0000000020001e3c                packageStatus
 *fill*         0x0000000020001e3d        0x3 
 COMMON         0x0000000020001e40        0x4 build/stm32l4xx_hal.o
                0x0000000020001e40                uwTick
 COMMON         0x0000000020001e44        0x4 /usr/local/Cellar/gcc-arm-none-eabi/20180627/bin/../lib/gcc/arm-none-eabi/7.3.1/../../../../arm-none-eabi/lib/thumb/v7e-m/fpv4-sp/hard/libc_nano.a(lib_a-reent.o)
                0x0000000020001e44                errno
                0x0000000020001e48                . = ALIGN (0x4)
                0x0000000020001e48                _ebss = .
                0x0000000020001e48                __bss_end__ = _ebss

._user_heap_stack
                0x0000000020001e48      0x600 load address 0x0000000008005f40
                0x0000000020001e48                . = ALIGN (0x8)
                0x0000000020001e48                PROVIDE (end = .)
                [!provide]                        PROVIDE (_end = .)
                0x0000000020002048                . = (. + _Min_Heap_Size)
 *fill*         0x0000000020001e48      0x200 
                0x0000000020002448                . = (. + _Min_Stack_Size)
 *fill*         0x0000000020002048      0x400 
                0x0000000020002448                . = ALIGN (0x8)

/DISCARD/
 libc.a(*)
 libm.a(*)
 libgcc.a(*)

.ARM.attributes
                0x0000000000000000       0x30
 *(.ARM.attributes)
 .ARM.attributes
                0x0000000000000000       0x22 /usr/local/Cellar/gcc-arm-none-eabi/20180627/bin/../lib/gcc/arm-none-eabi/7.3.1/thumb/v7e-m/fpv4-sp/hard/crti.o
 .ARM.attributes
                0x0000000000000022       0x34 /usr/local/Cellar/gcc-arm-none-eabi/20180627/bin/../lib/gcc/arm-none-eabi/7.3.1/thumb/v7e-m/fpv4-sp/hard/crtbegin.o
 .ARM.attributes
                0x0000000000000056       0x39 build/main.o
 .ARM.attributes
                0x000000000000008f       0x39 build/usb_device.o
 .ARM.attributes
                0x00000000000000c8       0x39 build/usbd_conf.o
 .ARM.attributes
                0x0000000000000101       0x39 build/usbd_desc.o
 .ARM.attributes
                0x000000000000013a       0x39 build/usbd_cdc_if.o
 .ARM.attributes
                0x0000000000000173       0x39 build/flash_firmware.o
 .ARM.attributes
                0x00000000000001ac       0x39 build/stm32l4xx_it.o
 .ARM.attributes
                0x00000000000001e5       0x39 build/stm32l4xx_hal_msp.o
 .ARM.attributes
                0x000000000000021e       0x39 build/stm32l4xx_hal_pcd.o
 .ARM.attributes
                0x0000000000000257       0x39 build/stm32l4xx_hal_pcd_ex.o
 .ARM.attributes
                0x0000000000000290       0x39 build/stm32l4xx_ll_usb.o
 .ARM.attributes
                0x00000000000002c9       0x39 build/stm32l4xx_hal.o
 .ARM.attributes
                0x0000000000000302       0x39 build/stm32l4xx_hal_rcc.o
 .ARM.attributes
                0x000000000000033b       0x39 build/stm32l4xx_hal_rcc_ex.o
 .ARM.attributes
                0x0000000000000374       0x39 build/stm32l4xx_hal_flash.o
 .ARM.attributes
                0x00000000000003ad       0x39 build/stm32l4xx_hal_flash_ex.o
 .ARM.attributes
                0x00000000000003e6       0x39 build/stm32l4xx_hal_gpio.o
 .ARM.attributes
                0x000000000000041f       0x39 build/stm32l4xx_hal_pwr.o
 .ARM.attributes
                0x0000000000000458       0x39 build/stm32l4xx_hal_pwr_ex.o
 .ARM.attributes
                0x0000000000000491       0x39 build/stm32l4xx_hal_cortex.o
 .ARM.attributes
                0x00000000000004ca       0x39 build/stm32l4xx_hal_uart.o
 .ARM.attributes
                0x0000000000000503       0x39 build/system_stm32l4xx.o
 .ARM.attributes
                0x000000000000053c       0x39 build/usbd_core.o
 .ARM.attributes
                0x0000000000000575       0x39 build/usbd_ctlreq.o
 .ARM.attributes
                0x00000000000005ae       0x39 build/usbd_ioreq.o
 .ARM.attributes
                0x00000000000005e7       0x39 build/usbd_cdc.o
 .ARM.attributes
                0x0000000000000620       0x21 build/startup_stm32l476xx.o
 .ARM.attributes
                0x0000000000000641       0x34 /usr/local/Cellar/gcc-arm-none-eabi/20180627/bin/../lib/gcc/arm-none-eabi/7.3.1/../../../../arm-none-eabi/lib/thumb/v7e-m/fpv4-sp/hard/libc_nano.a(lib_a-impure.o)
 .ARM.attributes
                0x0000000000000675       0x34 /usr/local/Cellar/gcc-arm-none-eabi/20180627/bin/../lib/gcc/arm-none-eabi/7.3.1/../../../../arm-none-eabi/lib/thumb/v7e-m/fpv4-sp/hard/libc_nano.a(lib_a-init.o)
 .ARM.attributes
                0x00000000000006a9       0x34 /usr/local/Cellar/gcc-arm-none-eabi/20180627/bin/../lib/gcc/arm-none-eabi/7.3.1/../../../../arm-none-eabi/lib/thumb/v7e-m/fpv4-sp/hard/libc_nano.a(lib_a-memcmp.o)
 .ARM.attributes
                0x00000000000006dd       0x34 /usr/local/Cellar/gcc-arm-none-eabi/20180627/bin/../lib/gcc/arm-none-eabi/7.3.1/../../../../arm-none-eabi/lib/thumb/v7e-m/fpv4-sp/hard/libc_nano.a(lib_a-memset.o)
 .ARM.attributes
                0x0000000000000711       0x34 /usr/local/Cellar/gcc-arm-none-eabi/20180627/bin/../lib/gcc/arm-none-eabi/7.3.1/../../../../arm-none-eabi/lib/thumb/v7e-m/fpv4-sp/hard/libc_nano.a(lib_a-sprintf.o)
 .ARM.attributes
                0x0000000000000745       0x34 /usr/local/Cellar/gcc-arm-none-eabi/20180627/bin/../lib/gcc/arm-none-eabi/7.3.1/../../../../arm-none-eabi/lib/thumb/v7e-m/fpv4-sp/hard/libc_nano.a(lib_a-nano-svfprintf.o)
 .ARM.attributes
                0x0000000000000779       0x34 /usr/local/Cellar/gcc-arm-none-eabi/20180627/bin/../lib/gcc/arm-none-eabi/7.3.1/../../../../arm-none-eabi/lib/thumb/v7e-m/fpv4-sp/hard/libc_nano.a(lib_a-nano-vfprintf_i.o)
 .ARM.attributes
                0x00000000000007ad       0x20 /usr/local/Cellar/gcc-arm-none-eabi/20180627/bin/../lib/gcc/arm-none-eabi/7.3.1/../../../../arm-none-eabi/lib/thumb/v7e-m/fpv4-sp/hard/libc_nano.a(lib_a-memchr.o)
 .ARM.attributes
                0x00000000000007cd       0x34 /usr/local/Cellar/gcc-arm-none-eabi/20180627/bin/../lib/gcc/arm-none-eabi/7.3.1/../../../../arm-none-eabi/lib/thumb/v7e-m/fpv4-sp/hard/libc_nano.a(lib_a-memcpy-stub.o)
 .ARM.attributes
                0x0000000000000801       0x34 /usr/local/Cellar/gcc-arm-none-eabi/20180627/bin/../lib/gcc/arm-none-eabi/7.3.1/../../../../arm-none-eabi/lib/thumb/v7e-m/fpv4-sp/hard/libc_nano.a(lib_a-memmove.o)
 .ARM.attributes
                0x0000000000000835       0x34 /usr/local/Cellar/gcc-arm-none-eabi/20180627/bin/../lib/gcc/arm-none-eabi/7.3.1/../../../../arm-none-eabi/lib/thumb/v7e-m/fpv4-sp/hard/libc_nano.a(lib_a-nano-freer.o)
 .ARM.attributes
                0x0000000000000869       0x34 /usr/local/Cellar/gcc-arm-none-eabi/20180627/bin/../lib/gcc/arm-none-eabi/7.3.1/../../../../arm-none-eabi/lib/thumb/v7e-m/fpv4-sp/hard/libc_nano.a(lib_a-nano-mallocr.o)
 .ARM.attributes
                0x000000000000089d       0x34 /usr/local/Cellar/gcc-arm-none-eabi/20180627/bin/../lib/gcc/arm-none-eabi/7.3.1/../../../../arm-none-eabi/lib/thumb/v7e-m/fpv4-sp/hard/libc_nano.a(lib_a-nano-reallocr.o)
 .ARM.attributes
                0x00000000000008d1       0x34 /usr/local/Cellar/gcc-arm-none-eabi/20180627/bin/../lib/gcc/arm-none-eabi/7.3.1/../../../../arm-none-eabi/lib/thumb/v7e-m/fpv4-sp/hard/libc_nano.a(lib_a-sbrkr.o)
 .ARM.attributes
                0x0000000000000905       0x34 /usr/local/Cellar/gcc-arm-none-eabi/20180627/bin/../lib/gcc/arm-none-eabi/7.3.1/../../../../arm-none-eabi/lib/thumb/v7e-m/fpv4-sp/hard/libc_nano.a(lib_a-mlock.o)
 .ARM.attributes
                0x0000000000000939       0x34 /usr/local/Cellar/gcc-arm-none-eabi/20180627/bin/../lib/gcc/arm-none-eabi/7.3.1/../../../../arm-none-eabi/lib/thumb/v7e-m/fpv4-sp/hard/libc_nano.a(lib_a-nano-msizer.o)
 .ARM.attributes
                0x000000000000096d       0x34 /usr/local/Cellar/gcc-arm-none-eabi/20180627/bin/../lib/gcc/arm-none-eabi/7.3.1/../../../../arm-none-eabi/lib/thumb/v7e-m/fpv4-sp/hard/libc_nano.a(lib_a-reent.o)
 .ARM.attributes
                0x00000000000009a1       0x34 /usr/local/Cellar/gcc-arm-none-eabi/20180627/bin/../lib/gcc/arm-none-eabi/7.3.1/../../../../arm-none-eabi/lib/thumb/v7e-m/fpv4-sp/hard/libnosys.a(sbrk.o)
 .ARM.attributes
                0x00000000000009d5       0x22 /usr/local/Cellar/gcc-arm-none-eabi/20180627/bin/../lib/gcc/arm-none-eabi/7.3.1/thumb/v7e-m/fpv4-sp/hard/libgcc.a(_aeabi_uldivmod.o)
 .ARM.attributes
                0x00000000000009f7       0x34 /usr/local/Cellar/gcc-arm-none-eabi/20180627/bin/../lib/gcc/arm-none-eabi/7.3.1/thumb/v7e-m/fpv4-sp/hard/libgcc.a(_udivmoddi4.o)
 .ARM.attributes
                0x0000000000000a2b       0x22 /usr/local/Cellar/gcc-arm-none-eabi/20180627/bin/../lib/gcc/arm-none-eabi/7.3.1/thumb/v7e-m/fpv4-sp/hard/libgcc.a(_dvmd_tls.o)
 .ARM.attributes
                0x0000000000000a4d       0x22 /usr/local/Cellar/gcc-arm-none-eabi/20180627/bin/../lib/gcc/arm-none-eabi/7.3.1/thumb/v7e-m/fpv4-sp/hard/crtn.o
OUTPUT(build/CDC_USB.elf elf32-littlearm)

.debug_info     0x0000000000000000    0x237cc
 .debug_info    0x0000000000000000     0x1de7 build/main.o
 .debug_info    0x0000000000001de7     0x17ae build/usb_device.o
 .debug_info    0x0000000000003595     0x303b build/usbd_conf.o
 .debug_info    0x00000000000065d0     0x16ca build/usbd_desc.o
 .debug_info    0x0000000000007c9a     0x1ee5 build/usbd_cdc_if.o
 .debug_info    0x0000000000009b7f     0x1925 build/flash_firmware.o
 .debug_info    0x000000000000b4a4      0xe77 build/stm32l4xx_it.o
 .debug_info    0x000000000000c31b      0xd10 build/stm32l4xx_hal_msp.o
 .debug_info    0x000000000000d02b     0x1aa0 build/stm32l4xx_hal_pcd.o
 .debug_info    0x000000000000eacb      0xbe6 build/stm32l4xx_hal_pcd_ex.o
 .debug_info    0x000000000000f6b1     0x1e33 build/stm32l4xx_ll_usb.o
 .debug_info    0x00000000000114e4      0xf04 build/stm32l4xx_hal.o
 .debug_info    0x00000000000123e8     0x1099 build/stm32l4xx_hal_rcc.o
 .debug_info    0x0000000000013481     0x1438 build/stm32l4xx_hal_rcc_ex.o
 .debug_info    0x00000000000148b9      0x930 build/stm32l4xx_hal_flash.o
 .debug_info    0x00000000000151e9      0xb63 build/stm32l4xx_hal_flash_ex.o
 .debug_info    0x0000000000015d4c      0xa6b build/stm32l4xx_hal_gpio.o
 .debug_info    0x00000000000167b7      0xbf4 build/stm32l4xx_hal_pwr.o
 .debug_info    0x00000000000173ab      0xcba build/stm32l4xx_hal_pwr_ex.o
 .debug_info    0x0000000000018065     0x119a build/stm32l4xx_hal_cortex.o
 .debug_info    0x00000000000191ff     0x2046 build/stm32l4xx_hal_uart.o
 .debug_info    0x000000000001b245      0x963 build/system_stm32l4xx.o
 .debug_info    0x000000000001bba8     0x1e0e build/usbd_core.o
 .debug_info    0x000000000001d9b6     0x2129 build/usbd_ctlreq.o
 .debug_info    0x000000000001fadf     0x188d build/usbd_ioreq.o
 .debug_info    0x000000000002136c     0x243e build/usbd_cdc.o
 .debug_info    0x00000000000237aa       0x22 build/startup_stm32l476xx.o

.debug_abbrev   0x0000000000000000     0x4141
 .debug_abbrev  0x0000000000000000      0x2b6 build/main.o
 .debug_abbrev  0x00000000000002b6      0x20d build/usb_device.o
 .debug_abbrev  0x00000000000004c3      0x34b build/usbd_conf.o
 .debug_abbrev  0x000000000000080e      0x2b8 build/usbd_desc.o
 .debug_abbrev  0x0000000000000ac6      0x393 build/usbd_cdc_if.o
 .debug_abbrev  0x0000000000000e59      0x26b build/flash_firmware.o
 .debug_abbrev  0x00000000000010c4      0x190 build/stm32l4xx_it.o
 .debug_abbrev  0x0000000000001254      0x19c build/stm32l4xx_hal_msp.o
 .debug_abbrev  0x00000000000013f0      0x2ad build/stm32l4xx_hal_pcd.o
 .debug_abbrev  0x000000000000169d      0x265 build/stm32l4xx_hal_pcd_ex.o
 .debug_abbrev  0x0000000000001902      0x2dc build/stm32l4xx_ll_usb.o
 .debug_abbrev  0x0000000000001bde      0x223 build/stm32l4xx_hal.o
 .debug_abbrev  0x0000000000001e01      0x255 build/stm32l4xx_hal_rcc.o
 .debug_abbrev  0x0000000000002056      0x280 build/stm32l4xx_hal_rcc_ex.o
 .debug_abbrev  0x00000000000022d6      0x319 build/stm32l4xx_hal_flash.o
 .debug_abbrev  0x00000000000025ef      0x25d build/stm32l4xx_hal_flash_ex.o
 .debug_abbrev  0x000000000000284c      0x213 build/stm32l4xx_hal_gpio.o
 .debug_abbrev  0x0000000000002a5f      0x1a7 build/stm32l4xx_hal_pwr.o
 .debug_abbrev  0x0000000000002c06      0x20f build/stm32l4xx_hal_pwr_ex.o
 .debug_abbrev  0x0000000000002e15      0x33d build/stm32l4xx_hal_cortex.o
 .debug_abbrev  0x0000000000003152      0x282 build/stm32l4xx_hal_uart.o
 .debug_abbrev  0x00000000000033d4      0x1fb build/system_stm32l4xx.o
 .debug_abbrev  0x00000000000035cf      0x2d5 build/usbd_core.o
 .debug_abbrev  0x00000000000038a4      0x334 build/usbd_ctlreq.o
 .debug_abbrev  0x0000000000003bd8      0x206 build/usbd_ioreq.o
 .debug_abbrev  0x0000000000003dde      0x351 build/usbd_cdc.o
 .debug_abbrev  0x000000000000412f       0x12 build/startup_stm32l476xx.o

.debug_loc      0x0000000000000000     0xe17b
 .debug_loc     0x0000000000000000       0xb1 build/main.o
 .debug_loc     0x00000000000000b1       0x20 build/usb_device.o
 .debug_loc     0x00000000000000d1     0x1099 build/usbd_conf.o
 .debug_loc     0x000000000000116a      0x41b build/usbd_desc.o
 .debug_loc     0x0000000000001585      0x1a8 build/usbd_cdc_if.o
 .debug_loc     0x000000000000172d       0xa4 build/flash_firmware.o
 .debug_loc     0x00000000000017d1       0x40 build/stm32l4xx_it.o
 .debug_loc     0x0000000000001811      0x104 build/stm32l4xx_hal_msp.o
 .debug_loc     0x0000000000001915     0x1145 build/stm32l4xx_hal_pcd.o
 .debug_loc     0x0000000000002a5a      0x1e8 build/stm32l4xx_hal_pcd_ex.o
 .debug_loc     0x0000000000002c42     0x207d build/stm32l4xx_ll_usb.o
 .debug_loc     0x0000000000004cbf      0x2bd build/stm32l4xx_hal.o
 .debug_loc     0x0000000000004f7c      0x7e6 build/stm32l4xx_hal_rcc.o
 .debug_loc     0x0000000000005762     0x1e2a build/stm32l4xx_hal_rcc_ex.o
 .debug_loc     0x000000000000758c      0x5a8 build/stm32l4xx_hal_flash.o
 .debug_loc     0x0000000000007b34      0x93a build/stm32l4xx_hal_flash_ex.o
 .debug_loc     0x000000000000846e      0x36e build/stm32l4xx_hal_gpio.o
 .debug_loc     0x00000000000087dc      0x1bd build/stm32l4xx_hal_pwr.o
 .debug_loc     0x0000000000008999      0x9fa build/stm32l4xx_hal_pwr_ex.o
 .debug_loc     0x0000000000009393      0x65e build/stm32l4xx_hal_cortex.o
 .debug_loc     0x00000000000099f1     0x1f38 build/stm32l4xx_hal_uart.o
 .debug_loc     0x000000000000b929      0x1fe build/system_stm32l4xx.o
 .debug_loc     0x000000000000bb27      0x879 build/usbd_core.o
 .debug_loc     0x000000000000c3a0     0x1266 build/usbd_ctlreq.o
 .debug_loc     0x000000000000d606      0x31c build/usbd_ioreq.o
 .debug_loc     0x000000000000d922      0x859 build/usbd_cdc.o

.debug_aranges  0x0000000000000000     0x1100
 .debug_aranges
                0x0000000000000000       0x40 build/main.o
 .debug_aranges
                0x0000000000000040       0x20 build/usb_device.o
 .debug_aranges
                0x0000000000000060      0x118 build/usbd_conf.o
 .debug_aranges
                0x0000000000000178       0x68 build/usbd_desc.o
 .debug_aranges
                0x00000000000001e0       0x48 build/usbd_cdc_if.o
 .debug_aranges
                0x0000000000000228       0x20 build/flash_firmware.o
 .debug_aranges
                0x0000000000000248       0x68 build/stm32l4xx_it.o
 .debug_aranges
                0x00000000000002b0       0x30 build/stm32l4xx_hal_msp.o
 .debug_aranges
                0x00000000000002e0      0x130 build/stm32l4xx_hal_pcd.o
 .debug_aranges
                0x0000000000000410       0x60 build/stm32l4xx_hal_pcd_ex.o
 .debug_aranges
                0x0000000000000470      0x198 build/stm32l4xx_ll_usb.o
 .debug_aranges
                0x0000000000000608      0x130 build/stm32l4xx_hal.o
 .debug_aranges
                0x0000000000000738       0x88 build/stm32l4xx_hal_rcc.o
 .debug_aranges
                0x00000000000007c0       0xc0 build/stm32l4xx_hal_rcc_ex.o
 .debug_aranges
                0x0000000000000880       0x88 build/stm32l4xx_hal_flash.o
 .debug_aranges
                0x0000000000000908       0x90 build/stm32l4xx_hal_flash_ex.o
 .debug_aranges
                0x0000000000000998       0x58 build/stm32l4xx_hal_gpio.o
 .debug_aranges
                0x00000000000009f0       0x98 build/stm32l4xx_hal_pwr.o
 .debug_aranges
                0x0000000000000a88      0x150 build/stm32l4xx_hal_pwr_ex.o
 .debug_aranges
                0x0000000000000bd8       0xa8 build/stm32l4xx_hal_cortex.o
 .debug_aranges
                0x0000000000000c80      0x210 build/stm32l4xx_hal_uart.o
 .debug_aranges
                0x0000000000000e90       0x28 build/system_stm32l4xx.o
 .debug_aranges
                0x0000000000000eb8       0xb8 build/usbd_core.o
 .debug_aranges
                0x0000000000000f70       0x88 build/usbd_ctlreq.o
 .debug_aranges
                0x0000000000000ff8       0x50 build/usbd_ioreq.o
 .debug_aranges
                0x0000000000001048       0x90 build/usbd_cdc.o
 .debug_aranges
                0x00000000000010d8       0x28 build/startup_stm32l476xx.o

.debug_ranges   0x0000000000000000     0x1008
 .debug_ranges  0x0000000000000000       0x30 build/main.o
 .debug_ranges  0x0000000000000030       0x10 build/usb_device.o
 .debug_ranges  0x0000000000000040      0x108 build/usbd_conf.o
 .debug_ranges  0x0000000000000148       0x58 build/usbd_desc.o
 .debug_ranges  0x00000000000001a0       0x38 build/usbd_cdc_if.o
 .debug_ranges  0x00000000000001d8       0x28 build/flash_firmware.o
 .debug_ranges  0x0000000000000200       0x58 build/stm32l4xx_it.o
 .debug_ranges  0x0000000000000258       0x20 build/stm32l4xx_hal_msp.o
 .debug_ranges  0x0000000000000278      0x120 build/stm32l4xx_hal_pcd.o
 .debug_ranges  0x0000000000000398       0x50 build/stm32l4xx_hal_pcd_ex.o
 .debug_ranges  0x00000000000003e8      0x188 build/stm32l4xx_ll_usb.o
 .debug_ranges  0x0000000000000570      0x120 build/stm32l4xx_hal.o
 .debug_ranges  0x0000000000000690       0x90 build/stm32l4xx_hal_rcc.o
 .debug_ranges  0x0000000000000720       0xd0 build/stm32l4xx_hal_rcc_ex.o
 .debug_ranges  0x00000000000007f0       0x78 build/stm32l4xx_hal_flash.o
 .debug_ranges  0x0000000000000868       0x80 build/stm32l4xx_hal_flash_ex.o
 .debug_ranges  0x00000000000008e8       0x48 build/stm32l4xx_hal_gpio.o
 .debug_ranges  0x0000000000000930       0x88 build/stm32l4xx_hal_pwr.o
 .debug_ranges  0x00000000000009b8      0x140 build/stm32l4xx_hal_pwr_ex.o
 .debug_ranges  0x0000000000000af8       0xf8 build/stm32l4xx_hal_cortex.o
 .debug_ranges  0x0000000000000bf0      0x200 build/stm32l4xx_hal_uart.o
 .debug_ranges  0x0000000000000df0       0x18 build/system_stm32l4xx.o
 .debug_ranges  0x0000000000000e08       0xa8 build/usbd_core.o
 .debug_ranges  0x0000000000000eb0       0x78 build/usbd_ctlreq.o
 .debug_ranges  0x0000000000000f28       0x40 build/usbd_ioreq.o
 .debug_ranges  0x0000000000000f68       0x80 build/usbd_cdc.o
 .debug_ranges  0x0000000000000fe8       0x20 build/startup_stm32l476xx.o

.debug_line     0x0000000000000000     0x87c0
 .debug_line    0x0000000000000000      0x407 build/main.o
 .debug_line    0x0000000000000407      0x395 build/usb_device.o
 .debug_line    0x000000000000079c      0x6f7 build/usbd_conf.o
 .debug_line    0x0000000000000e93      0x405 build/usbd_desc.o
 .debug_line    0x0000000000001298      0x46d build/usbd_cdc_if.o
 .debug_line    0x0000000000001705      0x3b2 build/flash_firmware.o
 .debug_line    0x0000000000001ab7      0x2d1 build/stm32l4xx_it.o
 .debug_line    0x0000000000001d88      0x264 build/stm32l4xx_hal_msp.o
 .debug_line    0x0000000000001fec      0x7af build/stm32l4xx_hal_pcd.o
 .debug_line    0x000000000000279b      0x2fb build/stm32l4xx_hal_pcd_ex.o
 .debug_line    0x0000000000002a96      0x87a build/stm32l4xx_ll_usb.o
 .debug_line    0x0000000000003310      0x4a3 build/stm32l4xx_hal.o
 .debug_line    0x00000000000037b3      0x5e8 build/stm32l4xx_hal_rcc.o
 .debug_line    0x0000000000003d9b      0x870 build/stm32l4xx_hal_rcc_ex.o
 .debug_line    0x000000000000460b      0x411 build/stm32l4xx_hal_flash.o
 .debug_line    0x0000000000004a1c      0x4bc build/stm32l4xx_hal_flash_ex.o
 .debug_line    0x0000000000004ed8      0x37a build/stm32l4xx_hal_gpio.o
 .debug_line    0x0000000000005252      0x366 build/stm32l4xx_hal_pwr.o
 .debug_line    0x00000000000055b8      0x68b build/stm32l4xx_hal_pwr_ex.o
 .debug_line    0x0000000000005c43      0x46c build/stm32l4xx_hal_cortex.o
 .debug_line    0x00000000000060af      0xea7 build/stm32l4xx_hal_uart.o
 .debug_line    0x0000000000006f56      0x286 build/system_stm32l4xx.o
 .debug_line    0x00000000000071dc      0x5a0 build/usbd_core.o
 .debug_line    0x000000000000777c      0x656 build/usbd_ctlreq.o
 .debug_line    0x0000000000007dd2      0x3c8 build/usbd_ioreq.o
 .debug_line    0x000000000000819a      0x5b3 build/usbd_cdc.o
 .debug_line    0x000000000000874d       0x73 build/startup_stm32l476xx.o

.debug_str      0x0000000000000000     0x58a6
 .debug_str     0x0000000000000000     0x11c2 build/main.o
                                       0x12bb (size before relaxing)
 .debug_str     0x00000000000011c2      0x3fc build/usb_device.o
                                       0x1012 (size before relaxing)
 .debug_str     0x00000000000015be      0xe17 build/usbd_conf.o
                                       0x1f90 (size before relaxing)
 .debug_str     0x00000000000023d5      0x19b build/usbd_desc.o
                                        0xe32 (size before relaxing)
 .debug_str     0x0000000000002570      0x1a2 build/usbd_cdc_if.o
                                       0x1219 (size before relaxing)
 .debug_str     0x0000000000002712       0xd8 build/flash_firmware.o
                                       0x1090 (size before relaxing)
 .debug_str     0x00000000000027ea       0xd4 build/stm32l4xx_it.o
                                        0xbd6 (size before relaxing)
 .debug_str     0x00000000000028be       0x4e build/stm32l4xx_hal_msp.o
                                        0x974 (size before relaxing)
 .debug_str     0x000000000000290c      0x53b build/stm32l4xx_hal_pcd.o
                                        0xf67 (size before relaxing)
 .debug_str     0x0000000000002e47      0x187 build/stm32l4xx_hal_pcd_ex.o
                                        0x9b7 (size before relaxing)
 .debug_str     0x0000000000002fce      0x413 build/stm32l4xx_ll_usb.o
                                        0xe9a (size before relaxing)
 .debug_str     0x00000000000033e1      0x44a build/stm32l4xx_hal.o
                                        0xed9 (size before relaxing)
 .debug_str     0x000000000000382b      0x255 build/stm32l4xx_hal_rcc.o
                                        0xa45 (size before relaxing)
 .debug_str     0x0000000000003a80      0x307 build/stm32l4xx_hal_rcc_ex.o
                                        0xcca (size before relaxing)
 .debug_str     0x0000000000003d87      0x200 build/stm32l4xx_hal_flash.o
                                        0x6db (size before relaxing)
 .debug_str     0x0000000000003f87      0x22e build/stm32l4xx_hal_flash_ex.o
                                        0x76b (size before relaxing)
 .debug_str     0x00000000000041b5       0xd5 build/stm32l4xx_hal_gpio.o
                                        0x75d (size before relaxing)
 .debug_str     0x000000000000428a      0x23e build/stm32l4xx_hal_pwr.o
                                        0x8b9 (size before relaxing)
 .debug_str     0x00000000000044c8      0x3e8 build/stm32l4xx_hal_pwr_ex.o
                                        0xa0f (size before relaxing)
 .debug_str     0x00000000000048b0      0x3fa build/stm32l4xx_hal_cortex.o
                                        0xe18 (size before relaxing)
 .debug_str     0x0000000000004caa      0x75c build/stm32l4xx_hal_uart.o
                                       0x1109 (size before relaxing)
 .debug_str     0x0000000000005406       0x6d build/system_stm32l4xx.o
                                        0x659 (size before relaxing)
 .debug_str     0x0000000000005473      0x13e build/usbd_core.o
                                       0x11ee (size before relaxing)
 .debug_str     0x00000000000055b1       0xe2 build/usbd_ctlreq.o
                                       0x1108 (size before relaxing)
 .debug_str     0x0000000000005693       0x60 build/usbd_ioreq.o
                                       0x1035 (size before relaxing)
 .debug_str     0x00000000000056f3      0x18f build/usbd_cdc.o
                                       0x15f4 (size before relaxing)
 .debug_str     0x0000000000005882       0x24 build/startup_stm32l476xx.o
                                         0x56 (size before relaxing)

.comment        0x0000000000000000       0x7f
 .comment       0x0000000000000000       0x7f build/main.o
                                         0x80 (size before relaxing)
 .comment       0x000000000000007f       0x80 build/usb_device.o
 .comment       0x000000000000007f       0x80 build/usbd_conf.o
 .comment       0x000000000000007f       0x80 build/usbd_desc.o
 .comment       0x000000000000007f       0x80 build/usbd_cdc_if.o
 .comment       0x000000000000007f       0x80 build/flash_firmware.o
 .comment       0x000000000000007f       0x80 build/stm32l4xx_it.o
 .comment       0x000000000000007f       0x80 build/stm32l4xx_hal_msp.o
 .comment       0x000000000000007f       0x80 build/stm32l4xx_hal_pcd.o
 .comment       0x000000000000007f       0x80 build/stm32l4xx_hal_pcd_ex.o
 .comment       0x000000000000007f       0x80 build/stm32l4xx_ll_usb.o
 .comment       0x000000000000007f       0x80 build/stm32l4xx_hal.o
 .comment       0x000000000000007f       0x80 build/stm32l4xx_hal_rcc.o
 .comment       0x000000000000007f       0x80 build/stm32l4xx_hal_rcc_ex.o
 .comment       0x000000000000007f       0x80 build/stm32l4xx_hal_flash.o
 .comment       0x000000000000007f       0x80 build/stm32l4xx_hal_flash_ex.o
 .comment       0x000000000000007f       0x80 build/stm32l4xx_hal_gpio.o
 .comment       0x000000000000007f       0x80 build/stm32l4xx_hal_pwr.o
 .comment       0x000000000000007f       0x80 build/stm32l4xx_hal_pwr_ex.o
 .comment       0x000000000000007f       0x80 build/stm32l4xx_hal_cortex.o
 .comment       0x000000000000007f       0x80 build/stm32l4xx_hal_uart.o
 .comment       0x000000000000007f       0x80 build/system_stm32l4xx.o
 .comment       0x000000000000007f       0x80 build/usbd_core.o
 .comment       0x000000000000007f       0x80 build/usbd_ctlreq.o
 .comment       0x000000000000007f       0x80 build/usbd_ioreq.o
 .comment       0x000000000000007f       0x80 build/usbd_cdc.o

.debug_frame    0x0000000000000000     0x30e8
 .debug_frame   0x0000000000000000       0xa4 build/main.o
 .debug_frame   0x00000000000000a4       0x2c build/usb_device.o
 .debug_frame   0x00000000000000d0      0x37c build/usbd_conf.o
 .debug_frame   0x000000000000044c      0x10c build/usbd_desc.o
 .debug_frame   0x0000000000000558       0xa4 build/usbd_cdc_if.o
 .debug_frame   0x00000000000005fc       0x3c build/flash_firmware.o
 .debug_frame   0x0000000000000638       0xc8 build/stm32l4xx_it.o
 .debug_frame   0x0000000000000700       0x64 build/stm32l4xx_hal_msp.o
 .debug_frame   0x0000000000000764      0x3b4 build/stm32l4xx_hal_pcd.o
 .debug_frame   0x0000000000000b18       0xc0 build/stm32l4xx_hal_pcd_ex.o
 .debug_frame   0x0000000000000bd8      0x4d0 build/stm32l4xx_ll_usb.o
 .debug_frame   0x00000000000010a8      0x290 build/stm32l4xx_hal.o
 .debug_frame   0x0000000000001338      0x1c0 build/stm32l4xx_hal_rcc.o
 .debug_frame   0x00000000000014f8      0x23c build/stm32l4xx_hal_rcc_ex.o
 .debug_frame   0x0000000000001734      0x158 build/stm32l4xx_hal_flash.o
 .debug_frame   0x000000000000188c      0x19c build/stm32l4xx_hal_flash_ex.o
 .debug_frame   0x0000000000001a28       0xe4 build/stm32l4xx_hal_gpio.o
 .debug_frame   0x0000000000001b0c      0x128 build/stm32l4xx_hal_pwr.o
 .debug_frame   0x0000000000001c34      0x2a4 build/stm32l4xx_hal_pwr_ex.o
 .debug_frame   0x0000000000001ed8      0x16c build/stm32l4xx_hal_cortex.o
 .debug_frame   0x0000000000002044      0x658 build/stm32l4xx_hal_uart.o
 .debug_frame   0x000000000000269c       0x3c build/system_stm32l4xx.o
 .debug_frame   0x00000000000026d8      0x1f0 build/usbd_core.o
 .debug_frame   0x00000000000028c8      0x1ac build/usbd_ctlreq.o
 .debug_frame   0x0000000000002a74       0xd4 build/usbd_ioreq.o
 .debug_frame   0x0000000000002b48      0x184 build/usbd_cdc.o
 .debug_frame   0x0000000000002ccc       0x2c /usr/local/Cellar/gcc-arm-none-eabi/20180627/bin/../lib/gcc/arm-none-eabi/7.3.1/../../../../arm-none-eabi/lib/thumb/v7e-m/fpv4-sp/hard/libc_nano.a(lib_a-init.o)
 .debug_frame   0x0000000000002cf8       0x2c /usr/local/Cellar/gcc-arm-none-eabi/20180627/bin/../lib/gcc/arm-none-eabi/7.3.1/../../../../arm-none-eabi/lib/thumb/v7e-m/fpv4-sp/hard/libc_nano.a(lib_a-memcmp.o)
 .debug_frame   0x0000000000002d24       0x20 /usr/local/Cellar/gcc-arm-none-eabi/20180627/bin/../lib/gcc/arm-none-eabi/7.3.1/../../../../arm-none-eabi/lib/thumb/v7e-m/fpv4-sp/hard/libc_nano.a(lib_a-memset.o)
 .debug_frame   0x0000000000002d44       0x6c /usr/local/Cellar/gcc-arm-none-eabi/20180627/bin/../lib/gcc/arm-none-eabi/7.3.1/../../../../arm-none-eabi/lib/thumb/v7e-m/fpv4-sp/hard/libc_nano.a(lib_a-sprintf.o)
 .debug_frame   0x0000000000002db0       0x90 /usr/local/Cellar/gcc-arm-none-eabi/20180627/bin/../lib/gcc/arm-none-eabi/7.3.1/../../../../arm-none-eabi/lib/thumb/v7e-m/fpv4-sp/hard/libc_nano.a(lib_a-nano-svfprintf.o)
 .debug_frame   0x0000000000002e40       0x60 /usr/local/Cellar/gcc-arm-none-eabi/20180627/bin/../lib/gcc/arm-none-eabi/7.3.1/../../../../arm-none-eabi/lib/thumb/v7e-m/fpv4-sp/hard/libc_nano.a(lib_a-nano-vfprintf_i.o)
 .debug_frame   0x0000000000002ea0       0x28 /usr/local/Cellar/gcc-arm-none-eabi/20180627/bin/../lib/gcc/arm-none-eabi/7.3.1/../../../../arm-none-eabi/lib/thumb/v7e-m/fpv4-sp/hard/libc_nano.a(lib_a-memcpy-stub.o)
 .debug_frame   0x0000000000002ec8       0x28 /usr/local/Cellar/gcc-arm-none-eabi/20180627/bin/../lib/gcc/arm-none-eabi/7.3.1/../../../../arm-none-eabi/lib/thumb/v7e-m/fpv4-sp/hard/libc_nano.a(lib_a-memmove.o)
 .debug_frame   0x0000000000002ef0       0x38 /usr/local/Cellar/gcc-arm-none-eabi/20180627/bin/../lib/gcc/arm-none-eabi/7.3.1/../../../../arm-none-eabi/lib/thumb/v7e-m/fpv4-sp/hard/libc_nano.a(lib_a-nano-freer.o)
 .debug_frame   0x0000000000002f28       0x2c /usr/local/Cellar/gcc-arm-none-eabi/20180627/bin/../lib/gcc/arm-none-eabi/7.3.1/../../../../arm-none-eabi/lib/thumb/v7e-m/fpv4-sp/hard/libc_nano.a(lib_a-nano-mallocr.o)
 .debug_frame   0x0000000000002f54       0x3c /usr/local/Cellar/gcc-arm-none-eabi/20180627/bin/../lib/gcc/arm-none-eabi/7.3.1/../../../../arm-none-eabi/lib/thumb/v7e-m/fpv4-sp/hard/libc_nano.a(lib_a-nano-reallocr.o)
 .debug_frame   0x0000000000002f90       0x2c /usr/local/Cellar/gcc-arm-none-eabi/20180627/bin/../lib/gcc/arm-none-eabi/7.3.1/../../../../arm-none-eabi/lib/thumb/v7e-m/fpv4-sp/hard/libc_nano.a(lib_a-sbrkr.o)
 .debug_frame   0x0000000000002fbc       0x30 /usr/local/Cellar/gcc-arm-none-eabi/20180627/bin/../lib/gcc/arm-none-eabi/7.3.1/../../../../arm-none-eabi/lib/thumb/v7e-m/fpv4-sp/hard/libc_nano.a(lib_a-mlock.o)
 .debug_frame   0x0000000000002fec       0x20 /usr/local/Cellar/gcc-arm-none-eabi/20180627/bin/../lib/gcc/arm-none-eabi/7.3.1/../../../../arm-none-eabi/lib/thumb/v7e-m/fpv4-sp/hard/libc_nano.a(lib_a-nano-msizer.o)
 .debug_frame   0x000000000000300c       0x5c /usr/local/Cellar/gcc-arm-none-eabi/20180627/bin/../lib/gcc/arm-none-eabi/7.3.1/../../../../arm-none-eabi/lib/thumb/v7e-m/fpv4-sp/hard/libc_nano.a(lib_a-reent.o)
 .debug_frame   0x0000000000003068       0x20 /usr/local/Cellar/gcc-arm-none-eabi/20180627/bin/../lib/gcc/arm-none-eabi/7.3.1/../../../../arm-none-eabi/lib/thumb/v7e-m/fpv4-sp/hard/libnosys.a(sbrk.o)
 .debug_frame   0x0000000000003088       0x2c /usr/local/Cellar/gcc-arm-none-eabi/20180627/bin/../lib/gcc/arm-none-eabi/7.3.1/thumb/v7e-m/fpv4-sp/hard/libgcc.a(_aeabi_uldivmod.o)
 .debug_frame   0x00000000000030b4       0x34 /usr/local/Cellar/gcc-arm-none-eabi/20180627/bin/../lib/gcc/arm-none-eabi/7.3.1/thumb/v7e-m/fpv4-sp/hard/libgcc.a(_udivmoddi4.o)

Cross Reference Table

Symbol                                            File
ADC1_2_IRQHandler                                 build/startup_stm32l476xx.o
ADC3_IRQHandler                                   build/startup_stm32l476xx.o
AHBPrescTable                                     build/system_stm32l4xx.o
                                                  build/stm32l4xx_hal_rcc.o
APBPrescTable                                     build/system_stm32l4xx.o
                                                  build/stm32l4xx_hal_rcc.o
BusFault_Handler                                  build/stm32l4xx_it.o
CAN1_RX0_IRQHandler                               build/startup_stm32l476xx.o
CAN1_RX1_IRQHandler                               build/startup_stm32l476xx.o
CAN1_SCE_IRQHandler                               build/startup_stm32l476xx.o
CAN1_TX_IRQHandler                                build/startup_stm32l476xx.o
CDC_Transmit_FS                                   build/usbd_cdc_if.o
COMP_IRQHandler                                   build/startup_stm32l476xx.o
DFSDM1_FLT0_IRQHandler                            build/startup_stm32l476xx.o
DFSDM1_FLT1_IRQHandler                            build/startup_stm32l476xx.o
DFSDM1_FLT2_IRQHandler                            build/startup_stm32l476xx.o
DFSDM1_FLT3_IRQHandler                            build/startup_stm32l476xx.o
DMA1_Channel1_IRQHandler                          build/startup_stm32l476xx.o
DMA1_Channel2_IRQHandler                          build/startup_stm32l476xx.o
DMA1_Channel3_IRQHandler                          build/startup_stm32l476xx.o
DMA1_Channel4_IRQHandler                          build/startup_stm32l476xx.o
DMA1_Channel5_IRQHandler                          build/startup_stm32l476xx.o
DMA1_Channel6_IRQHandler                          build/startup_stm32l476xx.o
DMA1_Channel7_IRQHandler                          build/startup_stm32l476xx.o
DMA2_Channel1_IRQHandler                          build/startup_stm32l476xx.o
DMA2_Channel2_IRQHandler                          build/startup_stm32l476xx.o
DMA2_Channel3_IRQHandler                          build/startup_stm32l476xx.o
DMA2_Channel4_IRQHandler                          build/startup_stm32l476xx.o
DMA2_Channel5_IRQHandler                          build/startup_stm32l476xx.o